
 Start         Length     Name                   Class
 0001:00401000 000220ACH .text                   CODE
 0002:00424000 0000030CH .itext                  ICODE
 0003:00425000 00000170H .data                   DATA
 0004:00426000 00000064H .bss                    BSS
 0005:00000000 00000000H .tls                    TLS


Detailed map of segments

 0001:00000000 000002AE C=CODE     S=.text    G=(none)   M=System   ACBP=A9
 0001:000002B0 00000203 C=CODE     S=.text    G=(none)   M=SysInit  ACBP=A9
 0001:000004B4 00000006 C=CODE     S=.text    G=(none)   M=Generics.Defaults ACBP=A9
 0001:000004BC 00000006 C=CODE     S=.text    G=(none)   M=TypInfo  ACBP=A9
 0001:000004C4 00000126 C=CODE     S=.text    G=(none)   M=SysUtils ACBP=A9
 0001:000005EC 00000409 C=CODE     S=.text    G=(none)   M=Windows  ACBP=A9
 0001:000009F8 00000006 C=CODE     S=.text    G=(none)   M=Math     ACBP=A9
 0001:00000A00 0000000E C=CODE     S=.text    G=(none)   M=StrUtils ACBP=A9
 0001:00000A10 00000006 C=CODE     S=.text    G=(none)   M=Variants ACBP=A9
 0001:00000A18 00000006 C=CODE     S=.text    G=(none)   M=VarUtils ACBP=A9
 0001:00000A20 00000006 C=CODE     S=.text    G=(none)   M=Generics.Collections ACBP=A9
 0001:00000A28 0000016E C=CODE     S=.text    G=(none)   M=Classes  ACBP=A9
 0001:00000B98 00000026 C=CODE     S=.text    G=(none)   M=SyncObjs ACBP=A9
 0001:00000BC0 00000006 C=CODE     S=.text    G=(none)   M=TimeSpan ACBP=A9
 0001:00000BC8 00000016 C=CODE     S=.text    G=(none)   M=ComCtrls ACBP=A9
 0001:00000BE0 00000046 C=CODE     S=.text    G=(none)   M=ActnList ACBP=A9
 0001:00000C28 00000016 C=CODE     S=.text    G=(none)   M=Graphics ACBP=A9
 0001:00000C40 0000002E C=CODE     S=.text    G=(none)   M=Registry ACBP=A9
 0001:00000C70 00000006 C=CODE     S=.text    G=(none)   M=IniFiles ACBP=A9
 0001:00000C78 0000000E C=CODE     S=.text    G=(none)   M=IOUtils  ACBP=A9
 0001:00000C88 00000006 C=CODE     S=.text    G=(none)   M=DateUtils ACBP=A9
 0001:00000C90 00000006 C=CODE     S=.text    G=(none)   M=Themes   ACBP=A9
 0001:00000C98 00000106 C=CODE     S=.text    G=(none)   M=Controls ACBP=A9
 0001:00000DA0 0000005E C=CODE     S=.text    G=(none)   M=Menus    ACBP=A9
 0001:00000E00 00000006 C=CODE     S=.text    G=(none)   M=UxTheme  ACBP=A9
 0001:00000E08 00000006 C=CODE     S=.text    G=(none)   M=MultiMon ACBP=A9
 0001:00000E10 0000015E C=CODE     S=.text    G=(none)   M=Forms    ACBP=A9
 0001:00000F70 00000006 C=CODE     S=.text    G=(none)   M=HelpIntfs ACBP=A9
 0001:00000F78 00000016 C=CODE     S=.text    G=(none)   M=Dialogs  ACBP=A9
 0001:00000F90 00000006 C=CODE     S=.text    G=(none)   M=GraphUtil ACBP=A9
 0001:00000F98 0000000E C=CODE     S=.text    G=(none)   M=ShellAPI ACBP=A9
 0001:00000FA8 00000006 C=CODE     S=.text    G=(none)   M=ExtCtrls ACBP=A9
 0001:00000FB0 00000006 C=CODE     S=.text    G=(none)   M=Printers ACBP=A9
 0001:00000FB8 00000006 C=CODE     S=.text    G=(none)   M=Clipbrd  ACBP=A9
 0001:00000FC0 00000006 C=CODE     S=.text    G=(none)   M=FlatSB   ACBP=A9
 0001:00000FC8 00000006 C=CODE     S=.text    G=(none)   M=ToolsAPI ACBP=A9
 0001:00000FD0 00000006 C=CODE     S=.text    G=(none)   M=XMLIntf  ACBP=A9
 0001:00000FD8 00000006 C=CODE     S=.text    G=(none)   M=xmldom   ACBP=A9
 0001:00000FE0 00000006 C=CODE     S=.text    G=(none)   M=msxmldom ACBP=A9
 0001:00000FE8 00000006 C=CODE     S=.text    G=(none)   M=ComObj   ACBP=A9
 0001:00000FF0 00000006 C=CODE     S=.text    G=(none)   M=DockForm ACBP=A9
 0001:00000FF8 00000006 C=CODE     S=.text    G=(none)   M=IDEMessages ACBP=A9
 0001:00001000 00000006 C=CODE     S=.text    G=(none)   M=DeskForm ACBP=A9
 0001:00001008 00000006 C=CODE     S=.text    G=(none)   M=BaseDock ACBP=A9
 0001:00001010 00000006 C=CODE     S=.text    G=(none)   M=PercentageDockTree ACBP=A9
 0001:00001018 00000006 C=CODE     S=.text    G=(none)   M=CaptionedDockTree ACBP=A9
 0001:00001020 00000006 C=CODE     S=.text    G=(none)   M=DockTabSet ACBP=A9
 0001:00001028 00000006 C=CODE     S=.text    G=(none)   M=Tabs     ACBP=A9
 0001:00001030 00000006 C=CODE     S=.text    G=(none)   M=DeskUtil ACBP=A9
 0001:00001038 00000006 C=CODE     S=.text    G=(none)   M=TabDock  ACBP=A9
 0001:00001040 00000006 C=CODE     S=.text    G=(none)   M=PlatformDefaultStyleActnCtrls ACBP=A9
 0001:00001048 00000006 C=CODE     S=.text    G=(none)   M=Buttons  ACBP=A9
 0001:00001050 00000006 C=CODE     S=.text    G=(none)   M=ActnMan  ACBP=A9
 0001:00001058 00000006 C=CODE     S=.text    G=(none)   M=ActnMenus ACBP=A9
 0001:00001060 00000006 C=CODE     S=.text    G=(none)   M=ExtActns ACBP=A9
 0001:00001068 00000006 C=CODE     S=.text    G=(none)   M=ExtDlgs  ACBP=A9
 0001:00001070 00000006 C=CODE     S=.text    G=(none)   M=Mapi     ACBP=A9
 0001:00001078 00000007 C=CODE     S=.text    G=(none)   M=JvConsts ACBP=A9
 0001:00001080 00003BDB C=CODE     S=.text    G=(none)   M=JvCreateProcess ACBP=A9
 0001:00004C5C 0000114F C=CODE     S=.text    G=(none)   M=DbugIntf ACBP=A9
 0001:00005DAC 0000091F C=CODE     S=.text    G=(none)   M=fDebugConsole ACBP=A9
 0001:000066CC 00002E5F C=CODE     S=.text    G=(none)   M=PlasticAsync ACBP=A9
 0001:0000952C 00005D69 C=CODE     S=.text    G=(none)   M=PlasticNotify ACBP=A9
 0001:0000F298 00009CC1 C=CODE     S=.text    G=(none)   M=PlasticEngine ACBP=A9
 0001:00018F5C 00000ADF C=CODE     S=.text    G=(none)   M=PlasticUtils ACBP=A9
 0001:00019A3C 00007FED C=CODE     S=.text    G=(none)   M=PlasticExpert ACBP=A9
 0001:00021A2C 00000007 C=CODE     S=.text    G=(none)   M=Unit1    ACBP=A9
 0001:00021A34 00000677 C=CODE     S=.text    G=(none)   M=.PlasticPluginD2010 ACBP=A9
 0002:00000000 00000006 C=ICODE    S=.itext   G=(none)   M=System   ACBP=A9
 0002:00000008 00000006 C=ICODE    S=.itext   G=(none)   M=TypInfo  ACBP=A9
 0002:00000010 0000001E C=ICODE    S=.itext   G=(none)   M=SysUtils ACBP=A9
 0002:00000030 00000016 C=ICODE    S=.itext   G=(none)   M=Windows  ACBP=A9
 0002:00000048 00000006 C=ICODE    S=.itext   G=(none)   M=Variants ACBP=A9
 0002:00000050 00000006 C=ICODE    S=.itext   G=(none)   M=VarUtils ACBP=A9
 0002:00000058 0000000E C=ICODE    S=.itext   G=(none)   M=Classes  ACBP=A9
 0002:00000068 00000006 C=ICODE    S=.itext   G=(none)   M=SyncObjs ACBP=A9
 0002:00000070 00000006 C=ICODE    S=.itext   G=(none)   M=TimeSpan ACBP=A9
 0002:00000078 00000006 C=ICODE    S=.itext   G=(none)   M=ComCtrls ACBP=A9
 0002:00000080 00000006 C=ICODE    S=.itext   G=(none)   M=ActnList ACBP=A9
 0002:00000088 00000006 C=ICODE    S=.itext   G=(none)   M=Graphics ACBP=A9
 0002:00000090 00000006 C=ICODE    S=.itext   G=(none)   M=Registry ACBP=A9
 0002:00000098 00000006 C=ICODE    S=.itext   G=(none)   M=IniFiles ACBP=A9
 0002:000000A0 0000000E C=ICODE    S=.itext   G=(none)   M=IOUtils  ACBP=A9
 0002:000000B0 00000006 C=ICODE    S=.itext   G=(none)   M=Themes   ACBP=A9
 0002:000000B8 00000006 C=ICODE    S=.itext   G=(none)   M=Controls ACBP=A9
 0002:000000C0 00000006 C=ICODE    S=.itext   G=(none)   M=Menus    ACBP=A9
 0002:000000C8 00000006 C=ICODE    S=.itext   G=(none)   M=UxTheme  ACBP=A9
 0002:000000D0 00000006 C=ICODE    S=.itext   G=(none)   M=MultiMon ACBP=A9
 0002:000000D8 00000006 C=ICODE    S=.itext   G=(none)   M=Forms    ACBP=A9
 0002:000000E0 00000006 C=ICODE    S=.itext   G=(none)   M=HelpIntfs ACBP=A9
 0002:000000E8 00000006 C=ICODE    S=.itext   G=(none)   M=Dialogs  ACBP=A9
 0002:000000F0 00000006 C=ICODE    S=.itext   G=(none)   M=GraphUtil ACBP=A9
 0002:000000F8 00000006 C=ICODE    S=.itext   G=(none)   M=ExtCtrls ACBP=A9
 0002:00000100 00000006 C=ICODE    S=.itext   G=(none)   M=Printers ACBP=A9
 0002:00000108 00000006 C=ICODE    S=.itext   G=(none)   M=Clipbrd  ACBP=A9
 0002:00000110 00000006 C=ICODE    S=.itext   G=(none)   M=FlatSB   ACBP=A9
 0002:00000118 00000006 C=ICODE    S=.itext   G=(none)   M=ToolsAPI ACBP=A9
 0002:00000120 00000006 C=ICODE    S=.itext   G=(none)   M=XMLIntf  ACBP=A9
 0002:00000128 00000006 C=ICODE    S=.itext   G=(none)   M=xmldom   ACBP=A9
 0002:00000130 00000006 C=ICODE    S=.itext   G=(none)   M=msxmldom ACBP=A9
 0002:00000138 00000006 C=ICODE    S=.itext   G=(none)   M=ComObj   ACBP=A9
 0002:00000140 00000006 C=ICODE    S=.itext   G=(none)   M=DockForm ACBP=A9
 0002:00000148 00000006 C=ICODE    S=.itext   G=(none)   M=IDEMessages ACBP=A9
 0002:00000150 00000006 C=ICODE    S=.itext   G=(none)   M=DeskForm ACBP=A9
 0002:00000158 00000006 C=ICODE    S=.itext   G=(none)   M=BaseDock ACBP=A9
 0002:00000160 00000006 C=ICODE    S=.itext   G=(none)   M=PercentageDockTree ACBP=A9
 0002:00000168 00000006 C=ICODE    S=.itext   G=(none)   M=CaptionedDockTree ACBP=A9
 0002:00000170 00000006 C=ICODE    S=.itext   G=(none)   M=DockTabSet ACBP=A9
 0002:00000178 00000006 C=ICODE    S=.itext   G=(none)   M=Tabs     ACBP=A9
 0002:00000180 00000006 C=ICODE    S=.itext   G=(none)   M=DeskUtil ACBP=A9
 0002:00000188 00000006 C=ICODE    S=.itext   G=(none)   M=TabDock  ACBP=A9
 0002:00000190 00000006 C=ICODE    S=.itext   G=(none)   M=PlatformDefaultStyleActnCtrls ACBP=A9
 0002:00000198 00000006 C=ICODE    S=.itext   G=(none)   M=Buttons  ACBP=A9
 0002:000001A0 00000006 C=ICODE    S=.itext   G=(none)   M=ActnMan  ACBP=A9
 0002:000001A8 00000006 C=ICODE    S=.itext   G=(none)   M=ActnMenus ACBP=A9
 0002:000001B0 00000006 C=ICODE    S=.itext   G=(none)   M=ExtActns ACBP=A9
 0002:000001B8 00000006 C=ICODE    S=.itext   G=(none)   M=ExtDlgs  ACBP=A9
 0002:000001C0 00000006 C=ICODE    S=.itext   G=(none)   M=Mapi     ACBP=A9
 0002:000001C8 00000008 C=ICODE    S=.itext   G=(none)   M=JvConsts ACBP=A9
 0002:000001D0 00000008 C=ICODE    S=.itext   G=(none)   M=JvCreateProcess ACBP=A9
 0002:000001D8 0000000C C=ICODE    S=.itext   G=(none)   M=DbugIntf ACBP=A9
 0002:000001E4 00000008 C=ICODE    S=.itext   G=(none)   M=fDebugConsole ACBP=A9
 0002:000001EC 00000064 C=ICODE    S=.itext   G=(none)   M=PlasticAsync ACBP=A9
 0002:00000250 0000001F C=ICODE    S=.itext   G=(none)   M=PlasticNotify ACBP=A9
 0002:00000270 0000001F C=ICODE    S=.itext   G=(none)   M=PlasticEngine ACBP=A9
 0002:00000290 00000008 C=ICODE    S=.itext   G=(none)   M=PlasticUtils ACBP=A9
 0002:00000298 00000062 C=ICODE    S=.itext   G=(none)   M=PlasticExpert ACBP=A9
 0002:000002FC 00000008 C=ICODE    S=.itext   G=(none)   M=Unit1    ACBP=A9
 0002:00000304 00000005 C=ICODE    S=.itext   G=(none)   M=.PlasticPluginD2010 ACBP=A9
 0003:00000000 00000034 C=DATA     S=.data    G=DGROUP   M=SysInit  ACBP=A9
 0003:00000034 0000000C C=DATA     S=.data    G=DGROUP   M=Windows  ACBP=A9
 0003:00000040 00000044 C=DATA     S=.data    G=DGROUP   M=JvConsts ACBP=A9
 0003:00000084 00000048 C=DATA     S=.data    G=DGROUP   M=JvCreateProcess ACBP=A9
 0003:000000CC 00000001 C=DATA     S=.data    G=DGROUP   M=DbugIntf ACBP=A9
 0003:000000D0 00000018 C=DATA     S=.data    G=DGROUP   M=PlasticEngine ACBP=A9
 0003:000000E8 00000058 C=DATA     S=.data    G=DGROUP   M=PlasticUtils ACBP=A9
 0004:00000000 0000000C C=BSS      S=.bss     G=DGROUP   M=SysInit  ACBP=A9
 0004:0000000C 00000008 C=BSS      S=.bss     G=DGROUP   M=Windows  ACBP=A9
 0004:00000014 00000004 C=BSS      S=.bss     G=DGROUP   M=JvConsts ACBP=A9
 0004:00000018 00000009 C=BSS      S=.bss     G=DGROUP   M=JvCreateProcess ACBP=A9
 0004:00000024 00000008 C=BSS      S=.bss     G=DGROUP   M=DbugIntf ACBP=A9
 0004:0000002C 00000008 C=BSS      S=.bss     G=DGROUP   M=fDebugConsole ACBP=A9
 0004:00000034 0000000C C=BSS      S=.bss     G=DGROUP   M=PlasticAsync ACBP=A9
 0004:00000040 00000008 C=BSS      S=.bss     G=DGROUP   M=PlasticNotify ACBP=A9
 0004:00000048 00000008 C=BSS      S=.bss     G=DGROUP   M=PlasticEngine ACBP=A9
 0004:00000050 00000004 C=BSS      S=.bss     G=DGROUP   M=PlasticUtils ACBP=A9
 0004:00000054 0000000C C=BSS      S=.bss     G=DGROUP   M=PlasticExpert ACBP=A9
 0004:00000060 00000004 C=BSS      S=.bss     G=DGROUP   M=Unit1    ACBP=A9
 0005:00000000 00000008 C=TLS      S=.tls     G=(none)   M=DbugIntf ACBP=A9


  Address             Publics by Name

 0002:00000304       .PlasticPluginD2010..PlasticPluginD2010
 0001:0002208C       .PlasticPluginD2010.@GetPackageInfoTable
 0001:00022094       .PlasticPluginD2010.@PackageLoad
 0001:000220A0       .PlasticPluginD2010.@PackageUnload
 0002:00000080       ActnList.ActnList
 0001:00000C20       ActnList.Finalization
 0001:00000C18       ActnList.TAction.Create
 0001:00000BE8       ActnList.TContainedAction.SetActionList
 0001:00000BE0       ActnList.TContainedAction.SetCategory
 0001:00000BF0       ActnList.TCustomAction.SetCaption
 0001:00000BF8       ActnList.TCustomAction.SetEnabled
 0001:00000C00       ActnList.TCustomAction.SetHint
 0001:00000C08       ActnList.TCustomAction.SetImageIndex
 0001:00000C10       ActnList.TCustomAction.SetVisible
 0002:000001A0       ActnMan.ActnMan
 0001:00001050       ActnMan.Finalization
 0002:000001A8       ActnMenus.ActnMenus
 0001:00001058       ActnMenus.Finalization
 0002:00000158       BaseDock.BaseDock
 0001:00001008       BaseDock.Finalization
 0002:00000198       Buttons.Buttons
 0001:00001048       Buttons.Finalization
 0002:00000168       CaptionedDockTree.CaptionedDockTree
 0001:00001018       CaptionedDockTree.Finalization
 0001:00000B80       Classes.AllocateHWnd
 0002:00000060       Classes.Classes
 0001:00000B88       Classes.DeallocateHWnd
 0001:00000B90       Classes.Finalization
 0001:00000B20       Classes.TComponent.BeforeDestruction
 0001:00000B10       Classes.TComponent.Create
 0001:00000B30       Classes.TComponent.DefineProperties
 0001:00000B18       Classes.TComponent.Destroy
 0001:00000B38       Classes.TComponent.Loaded
 0001:00000B28       Classes.TComponent.Notification
 0001:00000B78       Classes.TComponent.QueryInterface
 0001:00000B40       Classes.TComponent.ReadState
 0001:00000B68       Classes.TComponent.SafeCallException
 0001:00000B58       Classes.TComponent.SetName
 0001:00000B60       Classes.TComponent.UpdateAction
 0001:00000B70       Classes.TComponent.UpdateRegistry
 0001:00000B50       Classes.TComponent.ValidateRename
 0001:00000B48       Classes.TComponent.WriteState
 0001:00000A38       Classes.TList.Assign
 0001:00000A28       Classes.TList.Delete
 0001:00000A30       Classes.TList.Get
 0001:00000A68       Classes.TPersistent.Assign
 0001:00000A70       Classes.TPersistent.AssignTo
 0001:00000A78       Classes.TPersistent.DefineProperties
 0001:00000A60       Classes.TPersistent.Destroy
 0001:00000AA8       Classes.TStringList.Create
 0001:00000A90       Classes.TStrings.BeginUpdate
 0001:00000A98       Classes.TStrings.EndUpdate
 0001:00000AA0       Classes.TStrings.GetEnumerator
 0001:00000A80       Classes.TStringsEnumerator.GetCurrent
 0001:00000A88       Classes.TStringsEnumerator.MoveNext
 0001:00000AC8       Classes.TThread.AfterConstruction
 0001:00000AB0       Classes.TThread.Create
 0002:00000058       Classes.TThread.Create@
 0001:00000AB8       Classes.TThread.Destroy
 0001:00000AC0       Classes.TThread.Destroy@
 0001:00000AD0       Classes.TThread.DoTerminate
 0001:00000B08       Classes.TThread.NameThreadForDebugging
 0001:00000AE0       Classes.TThread.Queue
 0001:00000AD8       Classes.TThread.SetPriority
 0001:00000AF0       Classes.TThread.Start
 0001:00000AE8       Classes.TThread.Synchronize
 0001:00000AF8       Classes.TThread.Terminate
 0001:00000B00       Classes.TThread.WaitFor
 0001:00000A48       Classes.TThreadList.Add
 0001:00000A40       Classes.TThreadList.Create
 0001:00000A50       Classes.TThreadList.LockList
 0001:00000A58       Classes.TThreadList.UnlockList
 0002:00000108       Clipbrd.Clipbrd
 0001:00000FB8       Clipbrd.Finalization
 0002:00000078       ComCtrls.ComCtrls
 0001:00000BD8       ComCtrls.Finalization
 0001:00000BC8       ComCtrls.TToolBar.GetButton
 0001:00000BD0       ComCtrls.TToolBar.GetButtonCount
 0002:00000138       ComObj.ComObj
 0001:00000FE8       ComObj.Finalization
 0002:000000B8       Controls.Controls
 0001:00000D98       Controls.Finalization
 0001:00000CE0       Controls.TControl.CreateTouchManager
 0001:00000CA8       Controls.TControl.GetAction
 0001:00000C98       Controls.TControl.GetDragImages
 0001:00000CA0       Controls.TControl.GetEnabled
 0001:00000CE8       Controls.TControl.GetFloatingDockSiteClass
 0001:00000CF0       Controls.TControl.InitiateAction
 0001:00000CD8       Controls.TControl.Perform
 0001:00000CB8       Controls.TControl.SetAutoSize
 0001:00000CD0       Controls.TControl.SetBiDiMode
 0001:00000CB0       Controls.TControl.SetDragMode
 0001:00000CC8       Controls.TControl.SetEnabled
 0001:00000CC0       Controls.TControl.SetName
 0001:00000D70       Controls.TWinControl.AssignTo
 0001:00000D78       Controls.TWinControl.CanAutoSize
 0001:00000D60       Controls.TWinControl.CanResize
 0001:00000D68       Controls.TWinControl.ConstrainedResize
 0001:00000D00       Controls.TWinControl.CreateHandle
 0001:00000D08       Controls.TWinControl.CustomAlignInsertBefore
 0001:00000D10       Controls.TWinControl.CustomAlignPosition
 0001:00000CF8       Controls.TWinControl.DestroyWnd
 0001:00000D88       Controls.TWinControl.DockReplaceDockClient
 0001:00000D58       Controls.TWinControl.GetClientOrigin
 0001:00000D50       Controls.TWinControl.GetControlExtents
 0001:00000D30       Controls.TWinControl.GetDeviceContext
 0001:00000D38       Controls.TWinControl.Invalidate
 0001:00000D48       Controls.TWinControl.Repaint
 0001:00000D20       Controls.TWinControl.SetBounds
 0001:00000D80       Controls.TWinControl.SetParentBackground
 0001:00000D18       Controls.TWinControl.SetParentDoubleBuffered
 0001:00000D28       Controls.TWinControl.ShowControl
 0001:00000D40       Controls.TWinControl.Update
 0001:00000D90       Controls.TWinControl.UpdateControlOriginalParentSize
 0001:00000C88       DateUtils.MilliSecondsBetween
 0004:00000024       DbugIntf..2
 0001:00004CDC       DbugIntf..TGDebugSendThread
 0001:00004EC0       DbugIntf..TThreadListHelper
 0002:000001D8       DbugIntf.DbugIntf
 0001:00004FB4       DbugIntf.DebugSendThread
 0001:00005D60       DbugIntf.Finalization
 0005:00000000       DbugIntf.MsgPrefix
 0001:000056FC       DbugIntf.SendBoolean
 0001:00005860       DbugIntf.SendDateTime
 0001:000051F0       DbugIntf.SendDebug
 0001:00004FE4       DbugIntf.SendDebugEx
 0001:00005210       DbugIntf.SendDebugFmt
 0001:00005278       DbugIntf.SendDebugFmtEx
 0001:000053C4       DbugIntf.SendDebugFmtEx_End
 0001:000052E0       DbugIntf.SendDebugFmtEx_Start
 0001:00005950       DbugIntf.SendDebugPause
 0001:00005958       DbugIntf.SendDebugResume
 0001:000057C8       DbugIntf.SendInteger
 0001:000055B8       DbugIntf.SendMethodEnter
 0001:00005664       DbugIntf.SendMethodExit
 0003:000000CC       DbugIntf.SendPaused
 0001:00005960       DbugIntf.TGDebugSendThread.AfterConstruction
 0001:000059A8       DbugIntf.TGDebugSendThread.Destroy
 0001:000059F8       DbugIntf.TGDebugSendThread.Execute
 0001:00005B04       DbugIntf.TGDebugSendThread.SendAllData
 0001:00005C88       DbugIntf.TGDebugSendThread.SendData
 0001:00005D10       DbugIntf.TThreadListHelper.Count
 0004:00000028       DbugIntf._DebugSendThread
 0005:00000004       DbugIntf._IndentTime
 0002:00000150       DeskForm.DeskForm
 0001:00001000       DeskForm.Finalization
 0002:00000180       DeskUtil.DeskUtil
 0001:00001030       DeskUtil.Finalization
 0002:000000E8       Dialogs.Dialogs
 0001:00000F88       Dialogs.Finalization
 0001:00000F80       Dialogs.InputQuery
 0001:00000F78       Dialogs.MessageDlg
 0002:00000140       DockForm.DockForm
 0001:00000FF0       DockForm.Finalization
 0002:00000170       DockTabSet.DockTabSet
 0001:00001020       DockTabSet.Finalization
 0002:000001B0       ExtActns.ExtActns
 0001:00001060       ExtActns.Finalization
 0002:000000F8       ExtCtrls.ExtCtrls
 0001:00000FA8       ExtCtrls.Finalization
 0002:000001B8       ExtDlgs.ExtDlgs
 0001:00001068       ExtDlgs.Finalization
 0004:0000002C       fDebugConsole..2
 0001:00005DAC       fDebugConsole..TfrmDebugConsole
 0001:00006220       fDebugConsole..TfrmDebugConsole.FormCreate$ActRec
 0001:00006354       fDebugConsole..TfrmDebugConsole.FormCreate$ActRec.$0$Body$ActRec
 0001:00006158       fDebugConsole.DebugConsole
 0002:000001E4       fDebugConsole.fDebugConsole
 0001:000066C4       fDebugConsole.Finalization
 0004:00000030       fDebugConsole.frmDebugConsole
 0001:0000618C       fDebugConsole.TfrmDebugConsole.btnClearClick
 0001:000061B0       fDebugConsole.TfrmDebugConsole.btnCloseClick
 0001:00006608       fDebugConsole.TfrmDebugConsole.FormCreate
 0001:00006558       fDebugConsole.TfrmDebugConsole.FormCreate$ActRec.$0$Body
 0001:00006498       fDebugConsole.TfrmDebugConsole.FormCreate$ActRec.$0$Body$ActRec.$0$0$Body
 0001:000066A0       fDebugConsole.TfrmDebugConsole.FormDestroy
 0001:00000FC0       FlatSB.Finalization
 0002:00000110       FlatSB.FlatSB
 0001:00000F68       Forms.Finalization
 0002:000000D8       Forms.Forms
 0001:00000F60       Forms.TApplication.GetExeName
 0001:00000F58       Forms.TApplication.ProcessMessages
 0001:00000E40       Forms.TCustomForm.AfterConstruction
 0001:00000EC8       Forms.TCustomForm.AlignControls
 0001:00000E50       Forms.TCustomForm.BeforeDestruction
 0001:00000F18       Forms.TCustomForm.CloseQuery
 0001:00000E38       Forms.TCustomForm.Create
 0001:00000E48       Forms.TCustomForm.CreateNew
 0001:00000ED0       Forms.TCustomForm.CreateParams
 0001:00000EE0       Forms.TCustomForm.CreateWindowHandle
 0001:00000ED8       Forms.TCustomForm.CreateWnd
 0001:00000EF8       Forms.TCustomForm.DefaultHandler
 0001:00000E88       Forms.TCustomForm.DefineProperties
 0001:00000E58       Forms.TCustomForm.Destroy
 0001:00000EE8       Forms.TCustomForm.DestroyHandle
 0001:00000EF0       Forms.TCustomForm.DestroyWindowHandle
 0001:00000E60       Forms.TCustomForm.DoCreate
 0001:00000E68       Forms.TCustomForm.DoDestroy
 0001:00000E90       Forms.TCustomForm.GetClientRect
 0001:00000E98       Forms.TCustomForm.GetFloating
 0001:00000F20       Forms.TCustomForm.Hide
 0001:00000E70       Forms.TCustomForm.Loaded
 0001:00000E78       Forms.TCustomForm.Notification
 0001:00000F08       Forms.TCustomForm.PaintWindow
 0001:00000F50       Forms.TCustomForm.QueryInterface
 0001:00000E80       Forms.TCustomForm.ReadState
 0001:00000F48       Forms.TCustomForm.RequestAlign
 0001:00000F10       Forms.TCustomForm.Resizing
 0001:00000F30       Forms.TCustomForm.SetFocus
 0001:00000F00       Forms.TCustomForm.SetFocusedControl
 0001:00000EB0       Forms.TCustomForm.SetParent
 0001:00000EA0       Forms.TCustomForm.SetParentBiDiMode
 0001:00000F28       Forms.TCustomForm.Show
 0001:00000F38       Forms.TCustomForm.ShowModal
 0001:00000F40       Forms.TCustomForm.UpdateActions
 0001:00000EB8       Forms.TCustomForm.ValidateRename
 0001:00000EA8       Forms.TCustomForm.WantChildKey
 0001:00000EC0       Forms.TCustomForm.WndProc
 0001:00000E30       Forms.TScrollingWinControl.AdjustClientRect
 0001:00000E10       Forms.TScrollingWinControl.AutoScrollEnabled
 0001:00000E28       Forms.TScrollingWinControl.AutoScrollInView
 0001:00000E18       Forms.TScrollingWinControl.DoGesture
 0001:00000E20       Forms.TScrollingWinControl.DoGetGestureOptions
 0001:00000A20       Generics.Collections.InCircularRange
 0001:000004B4       Generics.Defaults._LookupVtableInfo
 0001:00000C38       Graphics.Finalization
 0002:00000088       Graphics.Graphics
 0001:00000C28       Graphics.TBitmap.Create
 0001:00000C30       Graphics.TBitmap.LoadFromResourceName
 0001:00000F90       GraphUtil.Finalization
 0002:000000F0       GraphUtil.GraphUtil
 0001:00000F70       HelpIntfs.Finalization
 0002:000000E0       HelpIntfs.HelpIntfs
 0001:00000FF8       IDEMessages.Finalization
 0002:00000148       IDEMessages.IDEMessages
 0001:00000C70       IniFiles.Finalization
 0002:00000098       IniFiles.IniFiles
 0001:00000C80       IOUtils.Finalization
 0002:000000A8       IOUtils.IOUtils
 0002:000000A0       IOUtils.TPath.Create@
 0001:00000C78       IOUtils.TPath.Destroy@
 0004:00000014       JvConsts..1
 0003:00000068       JvConsts.crDragAlt
 0003:00000078       JvConsts.crDragHand
 0003:00000074       JvConsts.crHand
 0003:00000060       JvConsts.crJVCLFirst
 0003:0000007C       JvConsts.crJVCLLast
 0003:0000006C       JvConsts.crMultiDragAlt
 0003:00000064       JvConsts.crMultiDragLink
 0003:00000070       JvConsts.crMultiDragLinkAlt
 0001:00001078       JvConsts.Finalization
 0002:000001C8       JvConsts.JvConsts
 0003:00000040       JvConsts.Separators
 0003:00000080       JvConsts.tkStrings
 0004:00000018       JvCreateProcess..5
 0001:00001BD4       JvCreateProcess..TJvBaseReader
 0001:00002790       JvCreateProcess..TJvConsoleThread
 0001:00001788       JvCreateProcess..TJvCPSStartupInfo
 0001:00001DD4       JvCreateProcess..TJvCreateProcess
 0001:000012C4       JvCreateProcess..TJvProcessEntry
 0001:00002C74       JvCreateProcess..TJvReader
 0001:000029B4       JvCreateProcess..TJvReadThread
 0001:00002FBC       JvCreateProcess..TJvRWEHandles
 0001:000025D8       JvCreateProcess..TJvWaitForProcessThread
 0003:00000094       JvCreateProcess.cCloseAction
 0001:0000321C       JvCreateProcess.ConstructPipe
 0001:000031D0       JvCreateProcess.CreateDuplicate
 0003:000000AC       JvCreateProcess.CreationFlagsValues
 0001:0000499C       JvCreateProcess.DoOutput
 0001:00004A04       JvCreateProcess.DoTab
 0001:00002EE0       JvCreateProcess.EnumWinProc
 0001:00004C54       JvCreateProcess.Finalization
 0004:00000020       JvCreateProcess.GTriedLoadWinSrvDll
 0004:0000001C       JvCreateProcess.GWinSrvHandle
 0001:00002F40       JvCreateProcess.InternalCloseApp
 0001:00002F64       JvCreateProcess.InternalTerminateProcess
 0001:00002EC4       JvCreateProcess.IsConsoleWindow
 0002:000001D0       JvCreateProcess.JvCreateProcess
 0001:00002EB4       JvCreateProcess.OSCheck
 0003:00000084       JvCreateProcess.ProcessPriorities
 0001:00002F98       JvCreateProcess.SafeCloseHandle
 0003:0000009C       JvCreateProcess.ShowWindowValues
 0001:000033B0       JvCreateProcess.TJvBaseReader.Create
 0001:000033FC       JvCreateProcess.TJvBaseReader.Destroy
 0001:0000342C       JvCreateProcess.TJvBaseReader.GetConsoleOutput
 0001:00003CD4       JvCreateProcess.TJvConsoleThread.CloseWrite
 0001:00003C34       JvCreateProcess.TJvConsoleThread.Create
 0001:00003C94       JvCreateProcess.TJvConsoleThread.Destroy
 0001:00003D24       JvCreateProcess.TJvConsoleThread.Execute
 0001:00003DA0       JvCreateProcess.TJvConsoleThread.TryWrite
 0001:00003EF8       JvCreateProcess.TJvConsoleThread.Write
 0001:000036A8       JvCreateProcess.TJvCPSStartupInfo.AssignTo
 0001:00003660       JvCreateProcess.TJvCPSStartupInfo.Create
 0001:0000372C       JvCreateProcess.TJvCPSStartupInfo.GetStartupInfo
 0001:000040E4       JvCreateProcess.TJvCreateProcess.CheckNotWaiting
 0001:0000410C       JvCreateProcess.TJvCreateProcess.CheckReady
 0001:0000412C       JvCreateProcess.TJvCreateProcess.CheckRunning
 0001:0000414C       JvCreateProcess.TJvCreateProcess.CloseApplication
 0001:00004168       JvCreateProcess.TJvCreateProcess.CloseProcessHandles
 0001:00004188       JvCreateProcess.TJvCreateProcess.CloseRead
 0001:000041A0       JvCreateProcess.TJvCreateProcess.CloseWrite
 0001:00003FE4       JvCreateProcess.TJvCreateProcess.Create
 0001:00004084       JvCreateProcess.TJvCreateProcess.Destroy
 0001:000041FC       JvCreateProcess.TJvCreateProcess.GetConsoleOutput
 0001:00004208       JvCreateProcess.TJvCreateProcess.GetEnvironment
 0001:0000420C       JvCreateProcess.TJvCreateProcess.GetHandle
 0001:00004228       JvCreateProcess.TJvCreateProcess.GetOnErrorRawRead
 0001:00004238       JvCreateProcess.TJvCreateProcess.GetOnErrorRead
 0001:00004248       JvCreateProcess.TJvCreateProcess.GetOnRawRead
 0001:00004258       JvCreateProcess.TJvCreateProcess.GetOnRead
 0001:00004268       JvCreateProcess.TJvCreateProcess.GotoReadyState
 0001:00004288       JvCreateProcess.TJvCreateProcess.GotoRunningState
 0001:000042A0       JvCreateProcess.TJvCreateProcess.GotoWaitState
 0001:000042BC       JvCreateProcess.TJvCreateProcess.HandleReadEvent
 0001:000041C4       JvCreateProcess.TJvCreateProcess.HandleThreadTerminated
 0001:000042C4       JvCreateProcess.TJvCreateProcess.Run
 0001:00004540       JvCreateProcess.TJvCreateProcess.SetCommandLine
 0001:00004574       JvCreateProcess.TJvCreateProcess.SetEnvironment
 0001:00004584       JvCreateProcess.TJvCreateProcess.SetOnErrorRawRead
 0001:0000459C       JvCreateProcess.TJvCreateProcess.SetOnErrorRead
 0001:000045B4       JvCreateProcess.TJvCreateProcess.SetOnRawRead
 0001:000045CC       JvCreateProcess.TJvCreateProcess.SetOnRead
 0001:000045E4       JvCreateProcess.TJvCreateProcess.SetStartupInfo
 0001:000045F0       JvCreateProcess.TJvCreateProcess.SetWaitForTerminate
 0001:00004604       JvCreateProcess.TJvCreateProcess.StopWaiting
 0001:0000460C       JvCreateProcess.TJvCreateProcess.Terminate
 0001:00004620       JvCreateProcess.TJvCreateProcess.TerminateWaitThread
 0001:00004664       JvCreateProcess.TJvCreateProcess.WaitThreadTerminated
 0001:00004690       JvCreateProcess.TJvCreateProcess.WndProc
 0001:00004720       JvCreateProcess.TJvCreateProcess.Write
 0001:00004754       JvCreateProcess.TJvCreateProcess.WriteLn
 0001:00003488       JvCreateProcess.TJvProcessEntry.Close
 0001:00003430       JvCreateProcess.TJvProcessEntry.Create
 0001:00003494       JvCreateProcess.TJvProcessEntry.GetPriority
 0001:00003548       JvCreateProcess.TJvProcessEntry.GetSystemIconIndex
 0001:00003590       JvCreateProcess.TJvProcessEntry.PriorityText
 0001:000035DC       JvCreateProcess.TJvProcessEntry.SetPriority
 0001:00003654       JvCreateProcess.TJvProcessEntry.Terminate
 0001:000047BC       JvCreateProcess.TJvReader.CloseRead
 0001:000047CC       JvCreateProcess.TJvReader.CreateThread
 0001:00004818       JvCreateProcess.TJvReader.DoRawReadEvent
 0001:00004884       JvCreateProcess.TJvReader.DoReadEvent
 0001:0000496C       JvCreateProcess.TJvReader.HandleReadEvent
 0001:00004A5C       JvCreateProcess.TJvReader.ParseConsoleOutput
 0001:00004B68       JvCreateProcess.TJvReader.Terminate
 0001:00004B88       JvCreateProcess.TJvReader.ThreadTerminated
 0001:00003A10       JvCreateProcess.TJvReadThread.CloseRead
 0001:00003A60       JvCreateProcess.TJvReadThread.CopyToBuffer
 0001:00003930       JvCreateProcess.TJvReadThread.Create
 0001:000039C8       JvCreateProcess.TJvReadThread.Destroy
 0001:00003B20       JvCreateProcess.TJvReadThread.Execute
 0001:00003B68       JvCreateProcess.TJvReadThread.ReadBuffer
 0001:00003C20       JvCreateProcess.TJvReadThread.TerminateThread
 0001:00004BEC       JvCreateProcess.TJvRWEHandles.Clear
 0001:00004BC0       JvCreateProcess.TJvRWEHandles.Destroy
 0001:00004C18       JvCreateProcess.TJvRWEHandles.ExtractHandle
 0001:00004C28       JvCreateProcess.TJvRWEHandles.GetHandle
 0001:00004C30       JvCreateProcess.TJvRWEHandles.SetHandle
 0001:000037D4       JvCreateProcess.TJvWaitForProcessThread.Create
 0001:00003830       JvCreateProcess.TJvWaitForProcessThread.Destroy
 0001:00003860       JvCreateProcess.TJvWaitForProcessThread.Execute
 0001:00003918       JvCreateProcess.TJvWaitForProcessThread.TerminateThread
 0001:00002E50       JvCreateProcess.WinSrvHandle
 0001:00001070       Mapi.Finalization
 0002:000001C0       Mapi.Mapi
 0001:000009F8       Math.Min
 0001:00000DF8       Menus.Finalization
 0002:000000C0       Menus.Menus
 0001:00000DC8       Menus.TMenuItem.Add
 0001:00000DA0       Menus.TMenuItem.Create
 0001:00000DE8       Menus.TMenuItem.Find
 0001:00000DB0       Menus.TMenuItem.GetAction
 0001:00000DB8       Menus.TMenuItem.GetMenuIndex
 0001:00000DC0       Menus.TMenuItem.Insert
 0001:00000DF0       Menus.TMenuItem.NewBottomLine
 0001:00000DD0       Menus.TMenuItem.Remove
 0001:00000DD8       Menus.TMenuItem.SetAction
 0001:00000DE0       Menus.TMenuItem.SetAutoHotkeys
 0001:00000DA8       Menus.TMenuItem.SetCaption
 0001:00000FE0       msxmldom.Finalization
 0002:00000130       msxmldom.msxmldom
 0001:00000E08       MultiMon.Finalization
 0002:000000D0       MultiMon.MultiMon
 0001:00001010       PercentageDockTree.Finalization
 0002:00000160       PercentageDockTree.PercentageDockTree
 0004:00000038       PlasticAsync..3
 0001:000066CC       PlasticAsync..TAsyncThread
 0001:000091BC       PlasticAsync..TComparer<Classes.TThreadProcedure>
 0001:00009394       PlasticAsync..TDelegatedComparer<Classes.TThreadProcedure>
 0001:000069C4       PlasticAsync..TEnumerable<Classes.TThreadProcedure>
 0001:00006894       PlasticAsync..TEnumerator<Classes.TThreadProcedure>
 0001:00006E54       PlasticAsync..TList<Classes.TThreadProcedure>
 0001:00006CB4       PlasticAsync..TList<Classes.TThreadProcedure>.TEnumerator
 0004:0000003C       PlasticAsync.E
 0001:00007B24       PlasticAsync.Finalization
 0004:00000034       PlasticAsync.GAsyncThread
 0002:000001EC       PlasticAsync.PlasticAsync
 0001:00008E50       PlasticAsync.TArray.BinarySearch<Classes.TThreadProcedure>
 0001:00008FAC       PlasticAsync.TArray.QuickSort<Classes.TThreadProcedure>
 0001:00008DCC       PlasticAsync.TArray.Sort<Classes.TThreadProcedure>
 0001:0000779C       PlasticAsync.TAsyncThread.AfterConstruction
 0001:000077E8       PlasticAsync.TAsyncThread.Destroy
 0001:0000783C       PlasticAsync.TAsyncThread.Execute
 0001:00007AA8       PlasticAsync.TAsyncThread.ExecuteASync
 0001:00007B04       PlasticAsync.TAsyncThread.Terminate
 0001:00009318       PlasticAsync.TComparer<Classes.TThreadProcedure>.Compare
 0001:00008D98       PlasticAsync.TComparer<Classes.TThreadProcedure>.Construct
 0001:00008D6C       PlasticAsync.TComparer<Classes.TThreadProcedure>.Default
 0001:00008F80       PlasticAsync.TDelegatedComparer<Classes.TThreadProcedure>.Compare
 0001:00008F38       PlasticAsync.TDelegatedComparer<Classes.TThreadProcedure>.Create
 0001:00007B98       PlasticAsync.TEnumerable<Classes.TThreadProcedure>.GetEnumerator
 0001:00007BB4       PlasticAsync.TEnumerator<Classes.TThreadProcedure>.MoveNext
 0001:00008180       PlasticAsync.TList<Classes.TThreadProcedure>.Add
 0001:00008200       PlasticAsync.TList<Classes.TThreadProcedure>.AddRange
 0001:00008224       PlasticAsync.TList<Classes.TThreadProcedure>.AddRange
 0001:000081D8       PlasticAsync.TList<Classes.TThreadProcedure>.AddRange
 0001:00008B9C       PlasticAsync.TList<Classes.TThreadProcedure>.BinarySearch
 0001:00008BEC       PlasticAsync.TList<Classes.TThreadProcedure>.BinarySearch
 0001:0000897C       PlasticAsync.TList<Classes.TThreadProcedure>.Clear
 0001:0000899C       PlasticAsync.TList<Classes.TThreadProcedure>.Contains
 0001:00007F78       PlasticAsync.TList<Classes.TThreadProcedure>.Create
 0001:000080A4       PlasticAsync.TList<Classes.TThreadProcedure>.Create
 0001:00007FFC       PlasticAsync.TList<Classes.TThreadProcedure>.Create
 0001:0000859C       PlasticAsync.TList<Classes.TThreadProcedure>.Delete
 0001:000085BC       PlasticAsync.TList<Classes.TThreadProcedure>.DeleteRange
 0001:00008144       PlasticAsync.TList<Classes.TThreadProcedure>.Destroy
 0001:00007E30       PlasticAsync.TList<Classes.TThreadProcedure>.DoDelete
 0001:00007F28       PlasticAsync.TList<Classes.TThreadProcedure>.DoGetEnumerator
 0001:00008788       PlasticAsync.TList<Classes.TThreadProcedure>.Exchange
 0001:00008734       PlasticAsync.TList<Classes.TThreadProcedure>.Extract
 0001:00008938       PlasticAsync.TList<Classes.TThreadProcedure>.First
 0001:00007BD0       PlasticAsync.TList<Classes.TThreadProcedure>.GetCapacity
 0001:00008C54       PlasticAsync.TList<Classes.TThreadProcedure>.GetEnumerator
 0001:00007CA4       PlasticAsync.TList<Classes.TThreadProcedure>.GetItem
 0001:00007DA4       PlasticAsync.TList<Classes.TThreadProcedure>.Grow
 0001:00007DF8       PlasticAsync.TList<Classes.TThreadProcedure>.GrowCheck
 0001:000089C0       PlasticAsync.TList<Classes.TThreadProcedure>.IndexOf
 0001:00008248       PlasticAsync.TList<Classes.TThreadProcedure>.Insert
 0001:00008424       PlasticAsync.TList<Classes.TThreadProcedure>.InsertRange
 0001:0000830C       PlasticAsync.TList<Classes.TThreadProcedure>.InsertRange
 0001:000084B4       PlasticAsync.TList<Classes.TThreadProcedure>.InsertRange
 0001:00008958       PlasticAsync.TList<Classes.TThreadProcedure>.Last
 0001:00008A20       PlasticAsync.TList<Classes.TThreadProcedure>.LastIndexOf
 0001:00008814       PlasticAsync.TList<Classes.TThreadProcedure>.Move
 0001:00007F44       PlasticAsync.TList<Classes.TThreadProcedure>.Notify
 0001:00008568       PlasticAsync.TList<Classes.TThreadProcedure>.Remove
 0001:00008A7C       PlasticAsync.TList<Classes.TThreadProcedure>.Reverse
 0001:00007BF0       PlasticAsync.TList<Classes.TThreadProcedure>.SetCapacity
 0001:00007C34       PlasticAsync.TList<Classes.TThreadProcedure>.SetCount
 0001:00007CF4       PlasticAsync.TList<Classes.TThreadProcedure>.SetItem
 0001:00008B24       PlasticAsync.TList<Classes.TThreadProcedure>.Sort
 0001:00008B60       PlasticAsync.TList<Classes.TThreadProcedure>.Sort
 0001:00008CD4       PlasticAsync.TList<Classes.TThreadProcedure>.TEnumerator.Create
 0001:00008C9C       PlasticAsync.TList<Classes.TThreadProcedure>.TEnumerator.DoGetCurrent
 0001:00008CB8       PlasticAsync.TList<Classes.TThreadProcedure>.TEnumerator.DoMoveNext
 0001:00008C78       PlasticAsync.TList<Classes.TThreadProcedure>.TEnumerator.GetCurrent
 0001:00008D2C       PlasticAsync.TList<Classes.TThreadProcedure>.TEnumerator.MoveNext
 0001:00008C3C       PlasticAsync.TList<Classes.TThreadProcedure>.TrimExcess
 0004:0000004C       PlasticEngine..7
 0001:0000F298       PlasticEngine..EPlasticError
 0001:00011448       PlasticEngine..TDictionary<System.string,PlasticEngine.TFileCacheItem>
 0001:00010A88       PlasticEngine..TDictionary<System.string,PlasticEngine.TFileCacheItem>.TKeyCollection
 0001:000108A4       PlasticEngine..TDictionary<System.string,PlasticEngine.TFileCacheItem>.TKeyEnumerator
 0001:00011264       PlasticEngine..TDictionary<System.string,PlasticEngine.TFileCacheItem>.TPairEnumerator
 0001:00011090       PlasticEngine..TDictionary<System.string,PlasticEngine.TFileCacheItem>.TValueCollection
 0001:00010EA4       PlasticEngine..TDictionary<System.string,PlasticEngine.TFileCacheItem>.TValueEnumerator
 0001:00010D94       PlasticEngine..TEnumerable<PlasticEngine.TFileCacheItem>
 0001:000107F4       PlasticEngine..TEnumerable<System.string>
 0001:0001044C       PlasticEngine..TEnumerable<TPair<System.string,PlasticEngine.TFileCacheItem>>
 0001:00010C5C       PlasticEngine..TEnumerator<PlasticEngine.TFileCacheItem>
 0001:00010744       PlasticEngine..TEnumerator<System.string>
 0001:000102EC       PlasticEngine..TEnumerator<TPair<System.string,PlasticEngine.TFileCacheItem>>
 0001:0000F534       PlasticEngine..TFileCacheItem
 0001:00011B14       PlasticEngine..TObjectDictionary<System.string,PlasticEngine.TFileCacheItem>
 0001:0000F628       PlasticEngine..TPlasticCommThread
 0001:0000F91C       PlasticEngine..TPlasticEngine
 0001:0000F454       PlasticEngine..TPlasticFileInfo
 0003:000000D0       PlasticEngine.C_PlasticStatus
 0001:00017884       PlasticEngine.Finalization
 0004:00000048       PlasticEngine.GPlasticEngine
 0002:00000270       PlasticEngine.PlasticEngine
 0001:000183B8       PlasticEngine.TDictionary<System.string,PlasticEngine.TFileCacheItem>.Add
 0001:00018624       PlasticEngine.TDictionary<System.string,PlasticEngine.TFileCacheItem>.AddOrSetValue
 0001:000184BC       PlasticEngine.TDictionary<System.string,PlasticEngine.TFileCacheItem>.Clear
 0001:0001869C       PlasticEngine.TDictionary<System.string,PlasticEngine.TFileCacheItem>.ContainsKey
 0001:000186D0       PlasticEngine.TDictionary<System.string,PlasticEngine.TFileCacheItem>.ContainsValue
 0001:000180B4       PlasticEngine.TDictionary<System.string,PlasticEngine.TFileCacheItem>.Create
 0001:0001801C       PlasticEngine.TDictionary<System.string,PlasticEngine.TFileCacheItem>.Create
 0001:00018184       PlasticEngine.TDictionary<System.string,PlasticEngine.TFileCacheItem>.Create
 0001:00018274       PlasticEngine.TDictionary<System.string,PlasticEngine.TFileCacheItem>.Create
 0001:00018068       PlasticEngine.TDictionary<System.string,PlasticEngine.TFileCacheItem>.Create
 0001:00018368       PlasticEngine.TDictionary<System.string,PlasticEngine.TFileCacheItem>.Destroy
 0001:00017D78       PlasticEngine.TDictionary<System.string,PlasticEngine.TFileCacheItem>.DoAdd
 0001:00017F98       PlasticEngine.TDictionary<System.string,PlasticEngine.TFileCacheItem>.DoGetEnumerator
 0001:00017E44       PlasticEngine.TDictionary<System.string,PlasticEngine.TFileCacheItem>.DoRemove
 0001:00017DEC       PlasticEngine.TDictionary<System.string,PlasticEngine.TFileCacheItem>.DoSetValue
 0001:00018464       PlasticEngine.TDictionary<System.string,PlasticEngine.TFileCacheItem>.ExtractPair
 0001:00017B3C       PlasticEngine.TDictionary<System.string,PlasticEngine.TFileCacheItem>.GetBucketIndex
 0001:000187EC       PlasticEngine.TDictionary<System.string,PlasticEngine.TFileCacheItem>.GetEnumerator
 0001:00017C20       PlasticEngine.TDictionary<System.string,PlasticEngine.TFileCacheItem>.GetItem
 0001:0001877C       PlasticEngine.TDictionary<System.string,PlasticEngine.TFileCacheItem>.GetKeys
 0001:000187B4       PlasticEngine.TDictionary<System.string,PlasticEngine.TFileCacheItem>.GetValues
 0001:00017B04       PlasticEngine.TDictionary<System.string,PlasticEngine.TFileCacheItem>.Grow
 0001:00017BF0       PlasticEngine.TDictionary<System.string,PlasticEngine.TFileCacheItem>.Hash
 0001:00017FB4       PlasticEngine.TDictionary<System.string,PlasticEngine.TFileCacheItem>.KeyNotify
 0001:000179E4       PlasticEngine.TDictionary<System.string,PlasticEngine.TFileCacheItem>.Rehash
 0001:00017D10       PlasticEngine.TDictionary<System.string,PlasticEngine.TFileCacheItem>.RehashAdd
 0001:00018438       PlasticEngine.TDictionary<System.string,PlasticEngine.TFileCacheItem>.Remove
 0001:00017978       PlasticEngine.TDictionary<System.string,PlasticEngine.TFileCacheItem>.SetCapacity
 0001:00017C80       PlasticEngine.TDictionary<System.string,PlasticEngine.TFileCacheItem>.SetItem
 0001:00018880       PlasticEngine.TDictionary<System.string,PlasticEngine.TFileCacheItem>.TKeyCollection.Create
 0001:00018864       PlasticEngine.TDictionary<System.string,PlasticEngine.TFileCacheItem>.TKeyCollection.DoGetEnumerator
 0001:00018848       PlasticEngine.TDictionary<System.string,PlasticEngine.TFileCacheItem>.TKeyCollection.GetCount
 0001:000188D0       PlasticEngine.TDictionary<System.string,PlasticEngine.TFileCacheItem>.TKeyCollection.GetEnumerator
 0001:00018960       PlasticEngine.TDictionary<System.string,PlasticEngine.TFileCacheItem>.TKeyEnumerator.Create
 0001:00018928       PlasticEngine.TDictionary<System.string,PlasticEngine.TFileCacheItem>.TKeyEnumerator.DoGetCurrent
 0001:00018944       PlasticEngine.TDictionary<System.string,PlasticEngine.TFileCacheItem>.TKeyEnumerator.DoMoveNext
 0001:000188F8       PlasticEngine.TDictionary<System.string,PlasticEngine.TFileCacheItem>.TKeyEnumerator.GetCurrent
 0001:000189B8       PlasticEngine.TDictionary<System.string,PlasticEngine.TFileCacheItem>.TKeyEnumerator.MoveNext
 0001:00018C88       PlasticEngine.TDictionary<System.string,PlasticEngine.TFileCacheItem>.TPairEnumerator.Create
 0001:00018C50       PlasticEngine.TDictionary<System.string,PlasticEngine.TFileCacheItem>.TPairEnumerator.DoGetCurrent
 0001:00018C6C       PlasticEngine.TDictionary<System.string,PlasticEngine.TFileCacheItem>.TPairEnumerator.DoMoveNext
 0001:00018C04       PlasticEngine.TDictionary<System.string,PlasticEngine.TFileCacheItem>.TPairEnumerator.GetCurrent
 0001:00018CE0       PlasticEngine.TDictionary<System.string,PlasticEngine.TFileCacheItem>.TPairEnumerator.MoveNext
 0001:000185A8       PlasticEngine.TDictionary<System.string,PlasticEngine.TFileCacheItem>.TrimExcess
 0001:000185C4       PlasticEngine.TDictionary<System.string,PlasticEngine.TFileCacheItem>.TryGetValue
 0001:00018A7C       PlasticEngine.TDictionary<System.string,PlasticEngine.TFileCacheItem>.TValueCollection.Create
 0001:00018A60       PlasticEngine.TDictionary<System.string,PlasticEngine.TFileCacheItem>.TValueCollection.DoGetEnumerator
 0001:00018A44       PlasticEngine.TDictionary<System.string,PlasticEngine.TFileCacheItem>.TValueCollection.GetCount
 0001:00018ACC       PlasticEngine.TDictionary<System.string,PlasticEngine.TFileCacheItem>.TValueCollection.GetEnumerator
 0001:00018B58       PlasticEngine.TDictionary<System.string,PlasticEngine.TFileCacheItem>.TValueEnumerator.Create
 0001:00018B20       PlasticEngine.TDictionary<System.string,PlasticEngine.TFileCacheItem>.TValueEnumerator.DoGetCurrent
 0001:00018B3C       PlasticEngine.TDictionary<System.string,PlasticEngine.TFileCacheItem>.TValueEnumerator.DoMoveNext
 0001:00018AF4       PlasticEngine.TDictionary<System.string,PlasticEngine.TFileCacheItem>.TValueEnumerator.GetCurrent
 0001:00018BB0       PlasticEngine.TDictionary<System.string,PlasticEngine.TFileCacheItem>.TValueEnumerator.MoveNext
 0001:00017FE8       PlasticEngine.TDictionary<System.string,PlasticEngine.TFileCacheItem>.ValueNotify
 0001:00018A0C       PlasticEngine.TEnumerable<PlasticEngine.TFileCacheItem>.GetEnumerator
 0001:00018810       PlasticEngine.TEnumerable<System.string>.GetEnumerator
 0001:00017940       PlasticEngine.TEnumerable<TPair<System.string,PlasticEngine.TFileCacheItem>>.GetEnumerator
 0001:00018A28       PlasticEngine.TEnumerator<PlasticEngine.TFileCacheItem>.MoveNext
 0001:0001882C       PlasticEngine.TEnumerator<System.string>.MoveNext
 0001:0001795C       PlasticEngine.TEnumerator<TPair<System.string,PlasticEngine.TFileCacheItem>>.MoveNext
 0001:00018F30       PlasticEngine.TEqualityComparer<PlasticEngine.TFileCacheItem>.Default
 0001:00018F04       PlasticEngine.TEqualityComparer<System.string>.Default
 0001:00018E4C       PlasticEngine.TObjectDictionary<System.string,PlasticEngine.TFileCacheItem>.Create
 0001:00018DAC       PlasticEngine.TObjectDictionary<System.string,PlasticEngine.TFileCacheItem>.Create
 0001:00018DFC       PlasticEngine.TObjectDictionary<System.string,PlasticEngine.TFileCacheItem>.Create
 0001:00018D34       PlasticEngine.TObjectDictionary<System.string,PlasticEngine.TFileCacheItem>.KeyNotify
 0001:00018D70       PlasticEngine.TObjectDictionary<System.string,PlasticEngine.TFileCacheItem>.ValueNotify
 0001:00017914       PlasticEngine.TPair<System.string,PlasticEngine.TFileCacheItem>.Create
 0001:00016AE0       PlasticEngine.TPlasticCommThread.Create
 0001:00016EC4       PlasticEngine.TPlasticCommThread.Destroy
 0001:00016F64       PlasticEngine.TPlasticCommThread.ExcuteCommand
 0001:00017228       PlasticEngine.TPlasticCommThread.Execute
 0001:00016B5C       PlasticEngine.TPlasticCommThread.InternalExcuteCommand
 0001:00017440       PlasticEngine.TPlasticCommThread.JvCPSReadEvent
 0001:00017638       PlasticEngine.TPlasticCommThread.StartPlasticShell
 0001:00017810       PlasticEngine.TPlasticCommThread.Terminate
 0001:00013B20       PlasticEngine.TPlasticEngine.AddFile
 0001:00014BF4       PlasticEngine.TPlasticEngine.AddFile
 0001:00013BBC       PlasticEngine.TPlasticEngine.AddFiles
 0001:000150DC       PlasticEngine.TPlasticEngine.CheckinFile
 0001:000154C8       PlasticEngine.TPlasticEngine.CheckinFiles
 0001:00012BCC       PlasticEngine.TPlasticEngine.CheckoutFile
 0001:00013E94       PlasticEngine.TPlasticEngine.CheckoutFile
 0001:00013F30       PlasticEngine.TPlasticEngine.CheckoutFiles
 0001:0001410C       PlasticEngine.TPlasticEngine.ClearStatusCache
 0001:00011E54       PlasticEngine.TPlasticEngine.Create
 0001:00011ED8       PlasticEngine.TPlasticEngine.DeleteFile
 0001:0001247C       PlasticEngine.TPlasticEngine.DeleteFiles
 0001:00012658       PlasticEngine.TPlasticEngine.Destroy
 0001:000126B8       PlasticEngine.TPlasticEngine.Diff
 0001:00012874       PlasticEngine.TPlasticEngine.DiffFile
 0001:00012A80       PlasticEngine.TPlasticEngine.ExcuteCommand
 0001:00013A28       PlasticEngine.TPlasticEngine.FileArchived
 0001:00013A64       PlasticEngine.TPlasticEngine.FilterControlledFiles
 0001:00012FEC       PlasticEngine.TPlasticEngine.GetFileInfo
 0001:000156A4       PlasticEngine.TPlasticEngine.GetIsServerUp
 0001:000156F0       PlasticEngine.TPlasticEngine.GetLastError
 0001:00015830       PlasticEngine.TPlasticEngine.GetPlasticExePath
 0001:00015D48       PlasticEngine.TPlasticEngine.GetPlasticVersion
 0001:00015F00       PlasticEngine.TPlasticEngine.HandleException
 0001:00015FF8       PlasticEngine.TPlasticEngine.InternalClearStatusCache
 0001:00016048       PlasticEngine.TPlasticEngine.InternalExcuteCommand
 0001:000161EC       PlasticEngine.TPlasticEngine.InternalGetFileInfo
 0001:00012BA8       PlasticEngine.TPlasticEngine.LogMessage
 0001:00014220       PlasticEngine.TPlasticEngine.RenameFile
 0001:00016624       PlasticEngine.TPlasticEngine.ShelveFile
 0001:00016284       PlasticEngine.TPlasticEngine.ShelveFile
 0001:000166C0       PlasticEngine.TPlasticEngine.ShelveFiles
 0001:00016884       PlasticEngine.TPlasticEngine.ShowVisualClient
 0001:00016948       PlasticEngine.TPlasticEngine.StartPlasticThread
 0001:000145E8       PlasticEngine.TPlasticEngine.UndoCheckoutFile
 0001:00014A18       PlasticEngine.TPlasticEngine.UndoCheckoutFiles
 0001:000136C8       PlasticEngine.TPlasticEngine.UpdateFile
 0001:000134FC       PlasticEngine.TPlasticEngine.UpdateFiles
 0004:00000058       PlasticExpert..2
 0001:0001B050       PlasticExpert..TDictionary<ActnList.TAction,System.Integer>
 0001:0001A720       PlasticExpert..TDictionary<ActnList.TAction,System.Integer>.TKeyCollection
 0001:0001A554       PlasticExpert..TDictionary<ActnList.TAction,System.Integer>.TKeyEnumerator
 0001:0001AE7C       PlasticExpert..TDictionary<ActnList.TAction,System.Integer>.TPairEnumerator
 0001:0001ACBC       PlasticExpert..TDictionary<ActnList.TAction,System.Integer>.TValueCollection
 0001:0001AAE8       PlasticExpert..TDictionary<ActnList.TAction,System.Integer>.TValueEnumerator
 0001:0001A45C       PlasticExpert..TEnumerable<ActnList.TAction>
 0001:0001A9F4       PlasticExpert..TEnumerable<System.Integer>
 0001:00019F84       PlasticExpert..TEnumerable<TPair<ActnList.TAction,System.Integer>>
 0001:0001A33C       PlasticExpert..TEnumerator<ActnList.TAction>
 0001:0001A8DC       PlasticExpert..TEnumerator<System.Integer>
 0001:00019E3C       PlasticExpert..TEnumerator<TPair<ActnList.TAction,System.Integer>>
 0001:0001B708       PlasticExpert..TObjectDictionary<ActnList.TAction,System.Integer>
 0001:00019A3C       PlasticExpert..TPlasticExpert
 0001:0001E8A4       PlasticExpert..TPlasticExpert.GeneralUpdate$ActRec
 0001:0001EA10       PlasticExpert..TPlasticExpert.GeneralUpdate$ActRec.$0$Body$ActRec
 0004:0000005C       PlasticExpert.E
 0001:00020414       PlasticExpert.Finalization
 0004:00000054       PlasticExpert.GPlasticExpert
 0002:00000298       PlasticExpert.PlasticExpert
 0001:00020E90       PlasticExpert.TDictionary<ActnList.TAction,System.Integer>.Add
 0001:000210FC       PlasticExpert.TDictionary<ActnList.TAction,System.Integer>.AddOrSetValue
 0001:00020F94       PlasticExpert.TDictionary<ActnList.TAction,System.Integer>.Clear
 0001:00021174       PlasticExpert.TDictionary<ActnList.TAction,System.Integer>.ContainsKey
 0001:000211A8       PlasticExpert.TDictionary<ActnList.TAction,System.Integer>.ContainsValue
 0001:00020D88       PlasticExpert.TDictionary<ActnList.TAction,System.Integer>.Create
 0001:00020CD4       PlasticExpert.TDictionary<ActnList.TAction,System.Integer>.Create
 0001:00020C04       PlasticExpert.TDictionary<ActnList.TAction,System.Integer>.Create
 0001:00020BB8       PlasticExpert.TDictionary<ActnList.TAction,System.Integer>.Create
 0001:00020B6C       PlasticExpert.TDictionary<ActnList.TAction,System.Integer>.Create
 0001:00020E40       PlasticExpert.TDictionary<ActnList.TAction,System.Integer>.Destroy
 0001:000208CC       PlasticExpert.TDictionary<ActnList.TAction,System.Integer>.DoAdd
 0001:00020AE8       PlasticExpert.TDictionary<ActnList.TAction,System.Integer>.DoGetEnumerator
 0001:00020994       PlasticExpert.TDictionary<ActnList.TAction,System.Integer>.DoRemove
 0001:0002093C       PlasticExpert.TDictionary<ActnList.TAction,System.Integer>.DoSetValue
 0001:00020F3C       PlasticExpert.TDictionary<ActnList.TAction,System.Integer>.ExtractPair
 0001:00020698       PlasticExpert.TDictionary<ActnList.TAction,System.Integer>.GetBucketIndex
 0001:000212C4       PlasticExpert.TDictionary<ActnList.TAction,System.Integer>.GetEnumerator
 0001:0002077C       PlasticExpert.TDictionary<ActnList.TAction,System.Integer>.GetItem
 0001:00021254       PlasticExpert.TDictionary<ActnList.TAction,System.Integer>.GetKeys
 0001:0002128C       PlasticExpert.TDictionary<ActnList.TAction,System.Integer>.GetValues
 0001:00020660       PlasticExpert.TDictionary<ActnList.TAction,System.Integer>.Grow
 0001:0002074C       PlasticExpert.TDictionary<ActnList.TAction,System.Integer>.Hash
 0001:00020B04       PlasticExpert.TDictionary<ActnList.TAction,System.Integer>.KeyNotify
 0001:00020540       PlasticExpert.TDictionary<ActnList.TAction,System.Integer>.Rehash
 0001:0002086C       PlasticExpert.TDictionary<ActnList.TAction,System.Integer>.RehashAdd
 0001:00020F10       PlasticExpert.TDictionary<ActnList.TAction,System.Integer>.Remove
 0001:000204D4       PlasticExpert.TDictionary<ActnList.TAction,System.Integer>.SetCapacity
 0001:000207DC       PlasticExpert.TDictionary<ActnList.TAction,System.Integer>.SetItem
 0001:00021358       PlasticExpert.TDictionary<ActnList.TAction,System.Integer>.TKeyCollection.Create
 0001:0002133C       PlasticExpert.TDictionary<ActnList.TAction,System.Integer>.TKeyCollection.DoGetEnumerator
 0001:00021320       PlasticExpert.TDictionary<ActnList.TAction,System.Integer>.TKeyCollection.GetCount
 0001:000213A8       PlasticExpert.TDictionary<ActnList.TAction,System.Integer>.TKeyCollection.GetEnumerator
 0001:00021434       PlasticExpert.TDictionary<ActnList.TAction,System.Integer>.TKeyEnumerator.Create
 0001:000213FC       PlasticExpert.TDictionary<ActnList.TAction,System.Integer>.TKeyEnumerator.DoGetCurrent
 0001:00021418       PlasticExpert.TDictionary<ActnList.TAction,System.Integer>.TKeyEnumerator.DoMoveNext
 0001:000213D0       PlasticExpert.TDictionary<ActnList.TAction,System.Integer>.TKeyEnumerator.GetCurrent
 0001:0002148C       PlasticExpert.TDictionary<ActnList.TAction,System.Integer>.TKeyEnumerator.MoveNext
 0001:00021758       PlasticExpert.TDictionary<ActnList.TAction,System.Integer>.TPairEnumerator.Create
 0001:00021720       PlasticExpert.TDictionary<ActnList.TAction,System.Integer>.TPairEnumerator.DoGetCurrent
 0001:0002173C       PlasticExpert.TDictionary<ActnList.TAction,System.Integer>.TPairEnumerator.DoMoveNext
 0001:000216D8       PlasticExpert.TDictionary<ActnList.TAction,System.Integer>.TPairEnumerator.GetCurrent
 0001:000217B0       PlasticExpert.TDictionary<ActnList.TAction,System.Integer>.TPairEnumerator.MoveNext
 0001:00021080       PlasticExpert.TDictionary<ActnList.TAction,System.Integer>.TrimExcess
 0001:0002109C       PlasticExpert.TDictionary<ActnList.TAction,System.Integer>.TryGetValue
 0001:00021550       PlasticExpert.TDictionary<ActnList.TAction,System.Integer>.TValueCollection.Create
 0001:00021534       PlasticExpert.TDictionary<ActnList.TAction,System.Integer>.TValueCollection.DoGetEnumerator
 0001:00021518       PlasticExpert.TDictionary<ActnList.TAction,System.Integer>.TValueCollection.GetCount
 0001:000215A0       PlasticExpert.TDictionary<ActnList.TAction,System.Integer>.TValueCollection.GetEnumerator
 0001:0002162C       PlasticExpert.TDictionary<ActnList.TAction,System.Integer>.TValueEnumerator.Create
 0001:000215F4       PlasticExpert.TDictionary<ActnList.TAction,System.Integer>.TValueEnumerator.DoGetCurrent
 0001:00021610       PlasticExpert.TDictionary<ActnList.TAction,System.Integer>.TValueEnumerator.DoMoveNext
 0001:000215C8       PlasticExpert.TDictionary<ActnList.TAction,System.Integer>.TValueEnumerator.GetCurrent
 0001:00021684       PlasticExpert.TDictionary<ActnList.TAction,System.Integer>.TValueEnumerator.MoveNext
 0001:00020B38       PlasticExpert.TDictionary<ActnList.TAction,System.Integer>.ValueNotify
 0001:000212E8       PlasticExpert.TEnumerable<ActnList.TAction>.GetEnumerator
 0001:000214E0       PlasticExpert.TEnumerable<System.Integer>.GetEnumerator
 0001:0002049C       PlasticExpert.TEnumerable<TPair<ActnList.TAction,System.Integer>>.GetEnumerator
 0001:00021304       PlasticExpert.TEnumerator<ActnList.TAction>.MoveNext
 0001:000214FC       PlasticExpert.TEnumerator<System.Integer>.MoveNext
 0001:000204B8       PlasticExpert.TEnumerator<TPair<ActnList.TAction,System.Integer>>.MoveNext
 0001:000219D4       PlasticExpert.TEqualityComparer<ActnList.TAction>.Default
 0001:00021A00       PlasticExpert.TEqualityComparer<System.Integer>.Default
 0001:000218CC       PlasticExpert.TObjectDictionary<ActnList.TAction,System.Integer>.Create
 0001:0002191C       PlasticExpert.TObjectDictionary<ActnList.TAction,System.Integer>.Create
 0001:0002187C       PlasticExpert.TObjectDictionary<ActnList.TAction,System.Integer>.Create
 0001:00021804       PlasticExpert.TObjectDictionary<ActnList.TAction,System.Integer>.KeyNotify
 0001:00021840       PlasticExpert.TObjectDictionary<ActnList.TAction,System.Integer>.ValueNotify
 0001:00020474       PlasticExpert.TPair<ActnList.TAction,System.Integer>.Create
 0001:0001FBF4       PlasticExpert.TPlasticExpert.AddAction
 0001:0001F40C       PlasticExpert.TPlasticExpert.AddAllExecute
 0001:0001D278       PlasticExpert.TPlasticExpert.AddExecute
 0001:0001FE24       PlasticExpert.TPlasticExpert.AddMenu
 0001:0001CD90       PlasticExpert.TPlasticExpert.CheckinExecute
 0001:0001CB44       PlasticExpert.TPlasticExpert.CheckoutExecute
 0001:000203F8       PlasticExpert.TPlasticExpert.ConsoleExecute
 0001:0001B92C       PlasticExpert.TPlasticExpert.Create
 0001:0001BA30       PlasticExpert.TPlasticExpert.CreateMenu
 0001:0001E400       PlasticExpert.TPlasticExpert.DeleteExecute
 0001:0001C9CC       PlasticExpert.TPlasticExpert.Destroy
 0001:0001D7C0       PlasticExpert.TPlasticExpert.DiffExecute
 0001:0001FE68       PlasticExpert.TPlasticExpert.ForceSaveModule
 0001:0001F0EC       PlasticExpert.TPlasticExpert.GeneralUpdate
 0001:0001EF48       PlasticExpert.TPlasticExpert.GeneralUpdate$ActRec.$0$Body
 0001:0001EB3C       PlasticExpert.TPlasticExpert.GeneralUpdate$ActRec.$0$Body$ActRec.$0$0$Body
 0001:0001DE74       PlasticExpert.TPlasticExpert.GetFileInfo
 0001:0001DFA0       PlasticExpert.TPlasticExpert.GetModuleFile
 0001:0001E058       PlasticExpert.TPlasticExpert.GetModuleFileInfo
 0001:000202F0       PlasticExpert.TPlasticExpert.GetSourceEditor
 0001:0001E310       PlasticExpert.TPlasticExpert.HandleException
 0001:0001E204       PlasticExpert.TPlasticExpert.HandleException
 0001:0001D9AC       PlasticExpert.TPlasticExpert.ListFiles
 0001:0001DAB8       PlasticExpert.TPlasticExpert.LocalWriteableExecute
 0001:0001DEDC       PlasticExpert.TPlasticExpert.MenuExecute
 0001:0001DEEC       PlasticExpert.TPlasticExpert.Modified
 0001:0001E764       PlasticExpert.TPlasticExpert.PlasticClientExecute
 0001:0001DCC4       PlasticExpert.TPlasticExpert.ReloadFiles
 0001:0001F46C       PlasticExpert.TPlasticExpert.RemoveAction
 0001:0001F4D0       PlasticExpert.TPlasticExpert.RemoveActionFromToolbar
 0001:0001F690       PlasticExpert.TPlasticExpert.RemoveReadonlyEditorFlag
 0001:0001F898       PlasticExpert.TPlasticExpert.RenameExecute
 0001:0001FFC8       PlasticExpert.TPlasticExpert.ShelveExecute
 0001:000201BC       PlasticExpert.TPlasticExpert.StatusExecute
 0001:0001CFB8       PlasticExpert.TPlasticExpert.UncheckoutExecute
 0001:0001D4FC       PlasticExpert.TPlasticExpert.UpdateActionImages
 0001:0001D59C       PlasticExpert.TPlasticExpert.UpdateExecute
 0001:0001D788       PlasticExpert.TPlasticExpert.UpdateMenu
 0004:00000040       PlasticNotify..3
 0001:0000ADBC       PlasticNotify..TDictionary<System.string,PlasticNotify.TFileNotifier>
 0001:0000A40C       PlasticNotify..TDictionary<System.string,PlasticNotify.TFileNotifier>.TKeyCollection
 0001:0000A228       PlasticNotify..TDictionary<System.string,PlasticNotify.TFileNotifier>.TKeyEnumerator
 0001:0000ABD8       PlasticNotify..TDictionary<System.string,PlasticNotify.TFileNotifier>.TPairEnumerator
 0001:0000AA04       PlasticNotify..TDictionary<System.string,PlasticNotify.TFileNotifier>.TValueCollection
 0001:0000A820       PlasticNotify..TDictionary<System.string,PlasticNotify.TFileNotifier>.TValueEnumerator
 0001:0000A714       PlasticNotify..TEnumerable<PlasticNotify.TFileNotifier>
 0001:0000A138       PlasticNotify..TEnumerable<System.string>
 0001:00009C2C       PlasticNotify..TEnumerable<TPair<System.string,PlasticNotify.TFileNotifier>>
 0001:0000A5DC       PlasticNotify..TEnumerator<PlasticNotify.TFileNotifier>
 0001:0000A020       PlasticNotify..TEnumerator<System.string>
 0001:00009ACC       PlasticNotify..TEnumerator<TPair<System.string,PlasticNotify.TFileNotifier>>
 0001:00009840       PlasticNotify..TFileNotifier
 0001:0000C388       PlasticNotify..TFileNotifier.AfterSave$ActRec
 0001:0000C518       PlasticNotify..TFileNotifier.AfterSave$ActRec.$0$Body$ActRec
 0001:0000C694       PlasticNotify..TFileNotifier.AfterSave$ActRec.$0$Body$ActRec.$0$0$Body$ActRec
 0001:0000C830       PlasticNotify..TFileNotifier.AfterSave$ActRec.$0$Body$ActRec.$0$1$Body$ActRec
 0001:000095CC       PlasticNotify..TIDENotifier
 0001:0000D20C       PlasticNotify..__CheckReadonlyFile$ActRec
 0001:0000DE00       PlasticNotify.Finalization
 0001:0000B488       PlasticNotify.PlasticIDENotifier
 0002:00000250       PlasticNotify.PlasticNotify
 0001:0000E8C4       PlasticNotify.TDictionary<System.string,PlasticNotify.TFileNotifier>.Add
 0001:0000EB30       PlasticNotify.TDictionary<System.string,PlasticNotify.TFileNotifier>.AddOrSetValue
 0001:0000E9C8       PlasticNotify.TDictionary<System.string,PlasticNotify.TFileNotifier>.Clear
 0001:0000EBA8       PlasticNotify.TDictionary<System.string,PlasticNotify.TFileNotifier>.ContainsKey
 0001:0000EBDC       PlasticNotify.TDictionary<System.string,PlasticNotify.TFileNotifier>.ContainsValue
 0001:0000E574       PlasticNotify.TDictionary<System.string,PlasticNotify.TFileNotifier>.Create
 0001:0000E690       PlasticNotify.TDictionary<System.string,PlasticNotify.TFileNotifier>.Create
 0001:0000E780       PlasticNotify.TDictionary<System.string,PlasticNotify.TFileNotifier>.Create
 0001:0000E5C0       PlasticNotify.TDictionary<System.string,PlasticNotify.TFileNotifier>.Create
 0001:0000E528       PlasticNotify.TDictionary<System.string,PlasticNotify.TFileNotifier>.Create
 0001:0000E874       PlasticNotify.TDictionary<System.string,PlasticNotify.TFileNotifier>.Destroy
 0001:0000E284       PlasticNotify.TDictionary<System.string,PlasticNotify.TFileNotifier>.DoAdd
 0001:0000E4A4       PlasticNotify.TDictionary<System.string,PlasticNotify.TFileNotifier>.DoGetEnumerator
 0001:0000E350       PlasticNotify.TDictionary<System.string,PlasticNotify.TFileNotifier>.DoRemove
 0001:0000E2F8       PlasticNotify.TDictionary<System.string,PlasticNotify.TFileNotifier>.DoSetValue
 0001:0000E970       PlasticNotify.TDictionary<System.string,PlasticNotify.TFileNotifier>.ExtractPair
 0001:0000E048       PlasticNotify.TDictionary<System.string,PlasticNotify.TFileNotifier>.GetBucketIndex
 0001:0000ECF8       PlasticNotify.TDictionary<System.string,PlasticNotify.TFileNotifier>.GetEnumerator
 0001:0000E12C       PlasticNotify.TDictionary<System.string,PlasticNotify.TFileNotifier>.GetItem
 0001:0000EC88       PlasticNotify.TDictionary<System.string,PlasticNotify.TFileNotifier>.GetKeys
 0001:0000ECC0       PlasticNotify.TDictionary<System.string,PlasticNotify.TFileNotifier>.GetValues
 0001:0000E010       PlasticNotify.TDictionary<System.string,PlasticNotify.TFileNotifier>.Grow
 0001:0000E0FC       PlasticNotify.TDictionary<System.string,PlasticNotify.TFileNotifier>.Hash
 0001:0000E4C0       PlasticNotify.TDictionary<System.string,PlasticNotify.TFileNotifier>.KeyNotify
 0001:0000DEF0       PlasticNotify.TDictionary<System.string,PlasticNotify.TFileNotifier>.Rehash
 0001:0000E21C       PlasticNotify.TDictionary<System.string,PlasticNotify.TFileNotifier>.RehashAdd
 0001:0000E944       PlasticNotify.TDictionary<System.string,PlasticNotify.TFileNotifier>.Remove
 0001:0000DE84       PlasticNotify.TDictionary<System.string,PlasticNotify.TFileNotifier>.SetCapacity
 0001:0000E18C       PlasticNotify.TDictionary<System.string,PlasticNotify.TFileNotifier>.SetItem
 0001:0000ED8C       PlasticNotify.TDictionary<System.string,PlasticNotify.TFileNotifier>.TKeyCollection.Create
 0001:0000ED70       PlasticNotify.TDictionary<System.string,PlasticNotify.TFileNotifier>.TKeyCollection.DoGetEnumerator
 0001:0000ED54       PlasticNotify.TDictionary<System.string,PlasticNotify.TFileNotifier>.TKeyCollection.GetCount
 0001:0000EDDC       PlasticNotify.TDictionary<System.string,PlasticNotify.TFileNotifier>.TKeyCollection.GetEnumerator
 0001:0000EE6C       PlasticNotify.TDictionary<System.string,PlasticNotify.TFileNotifier>.TKeyEnumerator.Create
 0001:0000EE34       PlasticNotify.TDictionary<System.string,PlasticNotify.TFileNotifier>.TKeyEnumerator.DoGetCurrent
 0001:0000EE50       PlasticNotify.TDictionary<System.string,PlasticNotify.TFileNotifier>.TKeyEnumerator.DoMoveNext
 0001:0000EE04       PlasticNotify.TDictionary<System.string,PlasticNotify.TFileNotifier>.TKeyEnumerator.GetCurrent
 0001:0000EEC4       PlasticNotify.TDictionary<System.string,PlasticNotify.TFileNotifier>.TKeyEnumerator.MoveNext
 0001:0000F194       PlasticNotify.TDictionary<System.string,PlasticNotify.TFileNotifier>.TPairEnumerator.Create
 0001:0000F15C       PlasticNotify.TDictionary<System.string,PlasticNotify.TFileNotifier>.TPairEnumerator.DoGetCurrent
 0001:0000F178       PlasticNotify.TDictionary<System.string,PlasticNotify.TFileNotifier>.TPairEnumerator.DoMoveNext
 0001:0000F110       PlasticNotify.TDictionary<System.string,PlasticNotify.TFileNotifier>.TPairEnumerator.GetCurrent
 0001:0000F1EC       PlasticNotify.TDictionary<System.string,PlasticNotify.TFileNotifier>.TPairEnumerator.MoveNext
 0001:0000EAB4       PlasticNotify.TDictionary<System.string,PlasticNotify.TFileNotifier>.TrimExcess
 0001:0000EAD0       PlasticNotify.TDictionary<System.string,PlasticNotify.TFileNotifier>.TryGetValue
 0001:0000EF88       PlasticNotify.TDictionary<System.string,PlasticNotify.TFileNotifier>.TValueCollection.Create
 0001:0000EF6C       PlasticNotify.TDictionary<System.string,PlasticNotify.TFileNotifier>.TValueCollection.DoGetEnumerator
 0001:0000EF50       PlasticNotify.TDictionary<System.string,PlasticNotify.TFileNotifier>.TValueCollection.GetCount
 0001:0000EFD8       PlasticNotify.TDictionary<System.string,PlasticNotify.TFileNotifier>.TValueCollection.GetEnumerator
 0001:0000F064       PlasticNotify.TDictionary<System.string,PlasticNotify.TFileNotifier>.TValueEnumerator.Create
 0001:0000F02C       PlasticNotify.TDictionary<System.string,PlasticNotify.TFileNotifier>.TValueEnumerator.DoGetCurrent
 0001:0000F048       PlasticNotify.TDictionary<System.string,PlasticNotify.TFileNotifier>.TValueEnumerator.DoMoveNext
 0001:0000F000       PlasticNotify.TDictionary<System.string,PlasticNotify.TFileNotifier>.TValueEnumerator.GetCurrent
 0001:0000F0BC       PlasticNotify.TDictionary<System.string,PlasticNotify.TFileNotifier>.TValueEnumerator.MoveNext
 0001:0000E4F4       PlasticNotify.TDictionary<System.string,PlasticNotify.TFileNotifier>.ValueNotify
 0001:0000EF18       PlasticNotify.TEnumerable<PlasticNotify.TFileNotifier>.GetEnumerator
 0001:0000ED1C       PlasticNotify.TEnumerable<System.string>.GetEnumerator
 0001:0000DE4C       PlasticNotify.TEnumerable<TPair<System.string,PlasticNotify.TFileNotifier>>.GetEnumerator
 0001:0000EF34       PlasticNotify.TEnumerator<PlasticNotify.TFileNotifier>.MoveNext
 0001:0000ED38       PlasticNotify.TEnumerator<System.string>.MoveNext
 0001:0000DE68       PlasticNotify.TEnumerator<TPair<System.string,PlasticNotify.TFileNotifier>>.MoveNext
 0001:0000F26C       PlasticNotify.TEqualityComparer<PlasticNotify.TFileNotifier>.Default
 0001:0000F240       PlasticNotify.TEqualityComparer<System.string>.Default
 0001:0000C2C4       PlasticNotify.TFileNotifier.AddRelatedFile
 0001:0000D0A0       PlasticNotify.TFileNotifier.AfterSave
 0001:0000CE34       PlasticNotify.TFileNotifier.AfterSave$ActRec.$0$Body
 0001:0000C99C       PlasticNotify.TFileNotifier.AfterSave$ActRec.$0$Body$ActRec.$0$0$Body
 0001:0000C974       PlasticNotify.TFileNotifier.AfterSave$ActRec.$0$Body$ActRec.$0$0$Body$ActRec.$0$0$0$Body
 0001:0000CBE8       PlasticNotify.TFileNotifier.AfterSave$ActRec.$0$Body$ActRec.$0$1$Body
 0001:0000CBC0       PlasticNotify.TFileNotifier.AfterSave$ActRec.$0$Body$ActRec.$0$1$Body$ActRec.$0$1$0$Body
 0001:0000D764       PlasticNotify.TFileNotifier.BeforeSave
 0001:0000D8F4       PlasticNotify.TFileNotifier.CheckOverwrite
 0001:0000D908       PlasticNotify.TFileNotifier.Create
 0001:0000D9B8       PlasticNotify.TFileNotifier.Destroy
 0001:0000D9F4       PlasticNotify.TFileNotifier.Destroyed
 0001:0000DA08       PlasticNotify.TFileNotifier.Modified
 0001:0000DD08       PlasticNotify.TFileNotifier.ModuleRenamed
 0001:0000DD18       PlasticNotify.TFileNotifier.RemoveNotifier
 0001:0000B49C       PlasticNotify.TIDENotifier.AddFileWatch
 0001:0000BB1C       PlasticNotify.TIDENotifier.AfterCompile
 0001:0000BB2C       PlasticNotify.TIDENotifier.AfterConstruction
 0001:0000BBC4       PlasticNotify.TIDENotifier.AfterSave
 0001:0000BC18       PlasticNotify.TIDENotifier.BeforeCompile
 0001:0000BC7C       PlasticNotify.TIDENotifier.BeforeSave
 0001:0000BCD0       PlasticNotify.TIDENotifier.Destroy
 0001:0000BD58       PlasticNotify.TIDENotifier.Destroyed
 0001:0000BDB4       PlasticNotify.TIDENotifier.FileNotification
 0001:0000C0D0       PlasticNotify.TIDENotifier.Modified
 0001:0000C120       PlasticNotify.TIDENotifier.PendingCheckoutOfFiles
 0001:0000C13C       PlasticNotify.TIDENotifier.RemoveNotifier
 0001:0000DE20       PlasticNotify.TPair<System.string,PlasticNotify.TFileNotifier>.Create
 0004:00000044       PlasticNotify._IDENotifier
 0001:0000D514       PlasticNotify.__CheckReadonlyFile
 0001:0000D2EC       PlasticNotify.__CheckReadonlyFile$ActRec.$0$0$Body
 0004:00000050       PlasticUtils..4
 0001:0001923C       PlasticUtils..LogMessageToIDE$ActRec
 0003:00000110       PlasticUtils.C_BlackListedExt
 0003:00000124       PlasticUtils.C_ProjectFilesExt
 0003:000000E8       PlasticUtils.C_WhiteListedExt
 0001:000199CC       PlasticUtils.Finalization
 0001:00019590       PlasticUtils.GetLastStackAsString
 0001:00019600       PlasticUtils.HandleException
 0001:000197BC       PlasticUtils.IsBlackListedFile
 0001:00019714       PlasticUtils.IsWhiteListedFile
 0001:000194EC       PlasticUtils.LogMessageToIDE
 0001:000193A4       PlasticUtils.LogMessageToIDE$ActRec.$0$Body
 0002:00000290       PlasticUtils.PlasticUtils
 0001:00019864       PlasticUtils.SearchCorrespondingFiles
 0001:00001040       PlatformDefaultStyleActnCtrls.Finalization
 0002:00000190       PlatformDefaultStyleActnCtrls.PlatformDefaultStyleActnCtrls
 0001:00000FB0       Printers.Finalization
 0002:00000100       Printers.Printers
 0001:00000C68       Registry.Finalization
 0002:00000090       Registry.Registry
 0001:00000C48       Registry.TRegistry.CloseKey
 0001:00000C40       Registry.TRegistry.Create
 0001:00000C58       Registry.TRegistry.OpenKey
 0001:00000C60       Registry.TRegistry.ReadString
 0001:00000C50       Registry.TRegistry.SetRootKey
 0001:00000F98       ShellAPI.ShellExecute
 0001:00000FA0       ShellAPI.SHGetFileInfo
 0001:00000A08       StrUtils.IfThen
 0001:00000A00       StrUtils.StartsText
 0001:00000BB8       SyncObjs.Finalization
 0002:00000068       SyncObjs.SyncObjs
 0001:00000BB0       SyncObjs.TCriticalSection.Create
 0001:00000B98       SyncObjs.TEvent.Create
 0001:00000BA8       SyncObjs.TEvent.ResetEvent
 0001:00000BA0       SyncObjs.TEvent.SetEvent
 0001:000003C8       SysInit.@GetTls
 0001:00000438       SysInit.@InitPkg
 0001:0000049C       SysInit.@PackageLoad
 0001:000004A8       SysInit.@PackageUnload
 0001:000002E8       SysInit.AllocTlsBuffer
 0001:000003A4       SysInit.ExitProcessTLS
 0001:0000036C       SysInit.ExitThreadTLS
 0001:000002B0       SysInit.FreeLibrary
 0001:000002F4       SysInit.GetTlsSize
 0004:00000004       SysInit.HInstance
 0001:00000408       SysInit.InitializeModule
 0001:00000340       SysInit.InitProcessTLS
 0001:000002FC       SysInit.InitThreadTLS
 0001:000002B8       SysInit.LocalAlloc
 0001:000002C0       SysInit.LocalFree
 0003:00000008       SysInit.Module
 0004:00000000       SysInit.ModuleIsLib
 0004:00000001       SysInit.ModuleIsPackage
 0003:00000004       SysInit.PtrToNil
 0001:000002C8       SysInit.TlsAlloc
 0004:00000008       SysInit.tlsBuffer
 0001:000002D0       SysInit.TlsFree
 0001:000002D8       SysInit.TlsGetValue
 0003:00000000       SysInit.TlsIndex
 0005:00000008       SysInit.TlsLast
 0003:00000024       SysInit.TlsProc
 0001:000002E0       SysInit.TlsSetValue
 0001:00000414       SysInit.UninitializeModule
 0001:00000020       System.@AbstractError
 0001:000000C0       System.@AfterConstruction
 0001:00000078       System.@AsClass
 0001:00000128       System.@Assert
 0001:000000C8       System.@BeforeDestruction
 0001:000000B0       System.@ClassCreate
 0001:000000B8       System.@ClassDestroy
 0001:00000210       System.@CopyRecord
 0001:00000100       System.@DoneExcept
 0001:00000238       System.@DynArrayAsg
 0001:00000230       System.@DynArrayClear
 0001:00000220       System.@DynArrayHigh
 0001:00000218       System.@DynArrayLength
 0001:00000228       System.@DynArraySetLength
 0001:00000028       System.@FillChar
 0001:00000208       System.@FinalizeArray
 0001:00000200       System.@FinalizeRecord
 0001:00000008       System.@FreeMem
 0001:00000000       System.@GetMem
 0001:000000E0       System.@HandleAnyException
 0001:000000F0       System.@HandleFinally
 0001:000000E8       System.@HandleOnException
 0001:000001F8       System.@InitializeRecord
 0001:00000268       System.@IntfAddRef
 0001:00000260       System.@IntfCast
 0001:00000250       System.@IntfClear
 0001:00000258       System.@IntfCopy
 0001:00000070       System.@IsClass
 0001:00000150       System.@LStrCat3
 0001:00000130       System.@LStrClr
 0001:00000138       System.@LStrFromPCharLen
 0001:000001B0       System.@LStrFromUStr
 0001:00000148       System.@LStrLen
 0001:00000160       System.@LStrSetLength
 0001:00000158       System.@LStrToPChar
 0001:00000110       System.@PackageLoad
 0001:00000118       System.@PackageUnload
 0001:000000F8       System.@RaiseExcept
 0001:00000010       System.@ReallocMem
 0001:00000120       System.@RunError
 0001:00000108       System.@TryFinallyExit
 0001:00000168       System.@UStrAddRef
 0001:00000178       System.@UStrArrayClr
 0001:00000180       System.@UStrAsg
 0001:000001C0       System.@UStrCat
 0001:000001C8       System.@UStrCat3
 0001:000001D0       System.@UStrCatN
 0001:00000170       System.@UStrClr
 0001:000001E0       System.@UStrCopy
 0001:000001E8       System.@UStrDelete
 0001:000001D8       System.@UStrEqual
 0001:000001A8       System.@UStrFromLStr
 0001:000001A0       System.@UStrFromPChar
 0001:00000198       System.@UStrFromWChar
 0001:00000188       System.@UStrLAsg
 0001:000001B8       System.@UStrLen
 0001:00000190       System.@UStrToPWChar
 0001:000002A8       System.Finalization
 0001:000002A0       System.LoadResString
 0001:00000018       System.Move
 0001:000001F0       System.Pos
 0001:00000240       System.RegisterModule
 0001:00000140       System.StringRefCount
 0002:00000000       System.System
 0001:00000270       System.TInterfacedObject.AfterConstruction
 0001:00000278       System.TInterfacedObject.BeforeDestruction
 0001:00000280       System.TInterfacedObject.NewInstance
 0001:00000288       System.TInterfacedObject.QueryInterface
 0001:00000290       System.TInterfacedObject._AddRef
 0001:00000298       System.TInterfacedObject._Release
 0001:000000D0       System.TMonitor.Enter
 0001:000000D8       System.TMonitor.Exit
 0001:00000098       System.TObject.AfterConstruction
 0001:000000A0       System.TObject.BeforeDestruction
 0001:00000030       System.TObject.ClassName
 0001:00000048       System.TObject.Create
 0001:00000090       System.TObject.DefaultHandler
 0001:00000050       System.TObject.Destroy
 0001:000000A8       System.TObject.Dispatch
 0001:00000060       System.TObject.Equals
 0001:00000058       System.TObject.Free
 0001:00000040       System.TObject.FreeInstance
 0001:00000068       System.TObject.GetHashCode
 0001:00000038       System.TObject.NewInstance
 0001:00000080       System.TObject.SafeCallException
 0001:00000088       System.TObject.ToString
 0001:00000248       System.UnregisterModule
 0001:000004DC       SysUtils.BoolToStr
 0001:0000050C       SysUtils.ChangeFileExt
 0001:00000504       SysUtils.DeleteFile
 0002:00000020       SysUtils.Exception.Create@
 0001:00000564       SysUtils.Exception.CreateFmt
 0001:0000056C       SysUtils.Exception.CreateRes
 0001:00000574       SysUtils.Exception.Destroy
 0001:00000594       SysUtils.Exception.Destroy@
 0001:0000057C       SysUtils.Exception.GetBaseException
 0001:00000584       SysUtils.Exception.RaisingException
 0001:0000058C       SysUtils.Exception.ToString
 0001:0000051C       SysUtils.ExtractFileDir
 0001:0000052C       SysUtils.ExtractFileExt
 0001:00000524       SysUtils.ExtractFileName
 0001:00000514       SysUtils.ExtractFilePath
 0001:000004E4       SysUtils.FileExists
 0001:000004EC       SysUtils.FileGetAttr
 0001:000004F4       SysUtils.FileIsReadOnly
 0001:00000534       SysUtils.FileSearch
 0001:000004FC       SysUtils.FileSetReadOnly
 0001:000005E4       SysUtils.Finalization
 0001:00000544       SysUtils.Format
 0001:00000554       SysUtils.FormatDateTime
 0001:000005AC       SysUtils.FreeAndNil
 0001:000005D4       SysUtils.GetEnvironmentVariable
 0001:000004C4       SysUtils.LowerCase
 0001:0000054C       SysUtils.Now
 0001:0000055C       SysUtils.OutOfMemoryError
 0001:000005A4       SysUtils.RaiseLastOSError
 0001:000005CC       SysUtils.SafeLoadLibrary
 0001:0000059C       SysUtils.Sleep
 0001:0000053C       SysUtils.StrCopy
 0001:000004D4       SysUtils.StrToIntDef
 0001:000005B4       SysUtils.Supports
 0001:000005BC       SysUtils.Supports
 0002:00000028       SysUtils.SysUtils
 0002:00000018       SysUtils.TEncoding.Create@
 0001:000005DC       SysUtils.TEncoding.Destroy@
 0002:00000010       SysUtils.TLanguages.Create@
 0001:000005C4       SysUtils.TLanguages.Destroy@
[...]
   534 0001:0001384E   538 0001:00013879   540 0001:0001388C   546 0001:00013A28
   549 0001:00013A34   550 0001:00013A42   555 0001:00013A5D   562 0001:00013A64
   563 0001:00013A87   565 0001:00013A9D   567 0001:00013AA2   568 0001:00013AB2
   569 0001:00013AC0   572 0001:00013ADC   574 0001:00013AEB   575 0001:00013AEE
   576 0001:00013AFD   582 0001:00013B20   583 0001:00013B45   584 0001:00013B54
   585 0001:00013B62   586 0001:00013B6D   588 0001:00013B88   590 0001:00013B98
   594 0001:00013BBC   595 0001:00013BE1   596 0001:00013BFB   597 0001:00013C0C
   598 0001:00013C1A   599 0001:00013C40   598 0001:00013C5E   600 0001:00013C77
   602 0001:00013C94   603 0001:00013C9A   605 0001:00013CC4   606 0001:00013CEC
   612 0001:00013E94   613 0001:00013EB9   614 0001:00013EC8   615 0001:00013ED6
   616 0001:00013EE1   618 0001:00013EFC   620 0001:00013F0C   624 0001:00013F30
   625 0001:00013F55   626 0001:00013F66   627 0001:00013F74   628 0001:00013F9A
   627 0001:00013FB8   629 0001:00013FD1   631 0001:00013FEE   632 0001:00013FF4
   634 0001:0001401E   635 0001:00014046   638 0001:0001410C   639 0001:00014113
   640 0001:00014130   641 0001:0001413A   646 0001:00014220   647 0001:00014261
   648 0001:00014265   649 0001:00014273   651 0001:00014290   652 0001:00014295
   653 0001:000142A3   656 0001:000142DD   658 0001:000142FC   661 0001:00014300
   662 0001:00014306   664 0001:00014325   667 0001:0001437F   671 0001:000143AA
   673 0001:000143BD   678 0001:000145E8   679 0001:00014621   681 0001:00014629
   682 0001:0001462D   683 0001:0001463B   685 0001:00014658   686 0001:0001465D
   693 0001:0001466B   696 0001:0001469D   698 0001:000146BC   699 0001:000146D8
   702 0001:000146DC   703 0001:000146E2   705 0001:00014701   708 0001:0001475B
   712 0001:00014786   714 0001:00014799   718 0001:00014A18   719 0001:00014A3D
   720 0001:00014A4E   721 0001:00014A5C   722 0001:00014A82   721 0001:00014AA0
   723 0001:00014AB9   725 0001:00014AD6   726 0001:00014ADC   728 0001:00014B06
   729 0001:00014B2E   736 0001:00014BF4   737 0001:00014C30   739 0001:00014C38
   740 0001:00014C3C   741 0001:00014C4A   743 0001:00014C67   744 0001:00014C6C
   753 0001:00014C7A   754 0001:00014C85   755 0001:00014C93   756 0001:00014CA1
   758 0001:00014CA7   760 0001:00014CD9   761 0001:00014CE2   762 0001:00014CEF
   763 0001:00014CF8   766 0001:00014D10   769 0001:00014D20   772 0001:00014D52
   774 0001:00014D71   775 0001:00014D8D   778 0001:00014D91   779 0001:00014D97
   781 0001:00014DB6   784 0001:00014E10   788 0001:00014E3B   790 0001:00014E4E
   795 0001:000150DC   796 0001:00015115   798 0001:0001511D   799 0001:00015121
   800 0001:0001512F   802 0001:0001514C   803 0001:00015151   813 0001:0001515F
   816 0001:00015191   818 0001:000151B0   819 0001:000151CC   822 0001:000151D0
   823 0001:000151D6   825 0001:000151F5   828 0001:0001524F   832 0001:0001527A
   834 0001:0001528D   838 0001:000154C8   839 0001:000154ED   840 0001:000154FE
   841 0001:0001550C   842 0001:00015532   841 0001:00015550   843 0001:00015569
   845 0001:00015586   846 0001:0001558C   848 0001:000155B6   849 0001:000155DE
   852 0001:000156A4   853 0001:000156AD   856 0001:000156DF   857 0001:000156E8
   860 0001:000156F0   861 0001:000156FC   862 0001:00015719   863 0001:00015738
   864 0001:0001574C   875 0001:00015830   876 0001:00015867   877 0001:00015871
   878 0001:00015885   879 0001:00015893   880 0001:000158A0   882 0001:000158B3
   883 0001:000158C3   885 0001:000158CB   887 0001:000158E0   891 0001:000158F0
   894 0001:000158FC   895 0001:00015919   898 0001:0001595F   900 0001:00015969
   902 0001:00015973   903 0001:00015987   904 0001:00015995   905 0001:000159A2
   907 0001:000159B5   908 0001:000159C5   909 0001:000159CB   910 0001:000159DB
   911 0001:000159E1   912 0001:000159F1   914 0001:000159F9   916 0001:00015A0E
   920 0001:00015A1E   921 0001:00015A2E   925 0001:00015A64   927 0001:00015A6A
   928 0001:00015A80   929 0001:00015A96   934 0001:00015AA1   939 0001:00015D48
   940 0001:00015D55   941 0001:00015D72   942 0001:00015D80   945 0001:00015DA9
   947 0001:00015DC3   949 0001:00015DDD   951 0001:00015DED   956 0001:00015F00
   957 0001:00015F25   958 0001:00015F2B   960 0001:00015F77   962 0001:00015F83
   963 0001:00015F96   966 0001:00015FF8   968 0001:00015FFF   969 0001:0001600A
   970 0001:00016018   972 0001:00016030   974 0001:00016043   978 0001:00016048
   979 0001:0001605A   980 0001:0001605E   982 0001:0001606B   983 0001:00016079
   985 0001:00016096   987 0001:000160C5   989 0001:000160C8   991 0001:000160D5
   992 0001:000160DF   993 0001:000160EA   995 0001:000160F2   998 0001:000160FF
  1002 0001:000161EC  1003 0001:000161F8  1004 0001:000161FD  1005 0001:00016208
  1006 0001:00016216  1007 0001:00016227  1009 0001:0001622D  1010 0001:0001623C
  1011 0001:0001624A  1014 0001:00016268  1016 0001:0001627B  1021 0001:00016284
  1022 0001:000162BA  1023 0001:000162BE  1024 0001:000162CC  1026 0001:000162E9
  1027 0001:000162EE  1028 0001:000162FC  1031 0001:0001632E  1033 0001:0001634D
  1036 0001:00016351  1037 0001:00016357  1039 0001:00016376  1042 0001:000163D0
  1046 0001:000163FB  1048 0001:0001640E  1054 0001:00016624  1055 0001:00016649
  1056 0001:00016658  1057 0001:00016666  1058 0001:00016671  1060 0001:0001668C
  1062 0001:0001669C  1066 0001:000166C0  1067 0001:000166E5  1068 0001:000166F6
  1069 0001:00016704  1070 0001:0001672A  1069 0001:00016748  1071 0001:00016761
  1073 0001:0001677E  1074 0001:00016784  1076 0001:000167AE  1077 0001:000167D6
  1082 0001:00016884  1083 0001:0001689E  1084 0001:000168B9  1085 0001:000168E0
  1090 0001:00016948  1091 0001:0001696A  1092 0001:00016977  1096 0001:00016992
  1097 0001:000169A2  1099 0001:000169AE  1100 0001:000169D7  1104 0001:000169D9
  1106 0001:000169E7  1107 0001:000169FC  1112 0001:00016AE0  1113 0001:00016AFB
  1114 0001:00016B09  1115 0001:00016B1D  1116 0001:00016B31  1117 0001:00016B3D
  1125 0001:00016B5C  1126 0001:00016B94  1127 0001:00016BB1  1128 0001:00016BB5
  1129 0001:00016BCA  1130 0001:00016BD8  1131 0001:00016BDF  1132 0001:00016BE6
  1134 0001:00016BF8  1136 0001:00016C05  1142 0001:00016C25  1143 0001:00016C31
  1140 0001:00016C38  1149 0001:00016C41  1151 0001:00016C4B  1153 0001:00016C6A
  1154 0001:00016C7B  1156 0001:00016C8F  1157 0001:00016CC3  1158 0001:00016CCB
  1161 0001:00016CFF  1162 0001:00016D05  1164 0001:00016D13  1167 0001:00016D15
  1168 0001:00016D26  1169 0001:00016D31  1151 0001:00016D34  1171 0001:00016D3D
  1173 0001:00016D55  1175 0001:00016D7A  1178 0001:00016EC4  1179 0001:00016ED5
  1180 0001:00016EE3  1181 0001:00016EEE  1182 0001:00016EF9  1183 0001:00016F04
  1184 0001:00016F12  1190 0001:00016F64  1191 0001:00016F73  1192 0001:00016F7B
  1193 0001:00016F89  1195 0001:00016FA6  1196 0001:00016FAA  1197 0001:00016FB1
  1198 0001:00016FBF  1199 0001:00016FC7  1200 0001:00016FD2  1201 0001:00016FDD
  1202 0001:00016FEB  1203 0001:00016FFC  1205 0001:00017005  1208 0001:0001700C
  1211 0001:0001701E  1212 0001:00017029  1216 0001:00017034  1219 0001:0001706F
  1220 0001:00017077  1223 0001:00017099  1225 0001:000170A9  1228 0001:00017228
  1229 0001:00017234  1230 0001:00017242  1231 0001:0001724E  1232 0001:0001725C
  1234 0001:00017264  1237 0001:00017277  1238 0001:00017285  1240 0001:00017299
  1241 0001:000172A4  1244 0001:000172B7  1247 0001:000172D1  1248 0001:000172DC
  1251 0001:00017304  1235 0001:00017314  1255 0001:00017321  1256 0001:0001732F
  1257 0001:0001733C  1261 0001:00017440  1262 0001:00017452  1264 0001:00017460
  1265 0001:0001747D  1267 0001:00017486  1268 0001:000174A3  1270 0001:000174B1
  1273 0001:000174C1  1278 0001:000174E3  1280 0001:000174F3  1283 0001:00017638
  1284 0001:0001765D  1285 0001:00017671  1286 0001:00017685  1287 0001:00017695
  1289 0001:000176A2  1290 0001:000176AF  1291 0001:000176BC  1293 0001:000176C9
  1294 0001:000176DD  1295 0001:000176EC  1296 0001:000176FA  1298 0001:00017720
  1299 0001:00017723  1304 0001:00017780  1307 0001:00017810  1308 0001:00017817
  1309 0001:00017825  1310 0001:0001782D  1311 0001:00017838  1317 0001:00017884
  1318 0001:000178AF  1320 0001:000178D4  1436 0001:000178E4

Line numbers for PlasticEngine(PlasticEngine.pas) segment .itext

  1313 0002:00000270  1314 0002:0000027C  1316 0002:0000028D

Line numbers for PlasticUtils(PlasticUtils.pas) segment .text

    73 0001:000193A4    74 0001:000193BF    76 0001:000193D4    77 0001:000193F2
    79 0001:00019419    80 0001:0001942A    81 0001:00019443    83 0001:00019472
    69 0001:000194EC    71 0001:0001955A    84 0001:0001956B   114 0001:00019590
   115 0001:00019599   116 0001:000195A6   122 0001:00019600   123 0001:00019622
   124 0001:00019628   126 0001:00019674   129 0001:00019680   130 0001:0001968E
   136 0001:00019714   137 0001:00019736   138 0001:0001973A   141 0001:00019750
   143 0001:0001976E   145 0001:0001977B   146 0001:0001977F   148 0001:00019781
   141 0001:00019784   152 0001:0001978A   158 0001:000197BC   159 0001:000197DE
   164 0001:000197E2   166 0001:000197F8   168 0001:00019816   170 0001:00019823
   171 0001:00019827   173 0001:00019829   166 0001:0001982C   177 0001:00019832
   183 0001:00019864   184 0001:00019889   185 0001:00019894   188 0001:000198AF
   190 0001:000198BA   192 0001:000198D8   194 0001:000198F1   195 0001:000198FD
   197 0001:00019918   200 0001:00019933   201 0001:0001993E   190 0001:00019941
   202 0001:00019947

Line numbers for PlasticUtils(PlasticUtils.pas) segment .itext

   204 0002:00000290

Line numbers for PlasticExpert(PlasticExpert.pas) segment .text

   123 0001:0001B92C   128 0001:0001B944   133 0001:0001B950   135 0001:0001B95A
   136 0001:0001B96C   137 0001:0001B979   139 0001:0001B984   140 0001:0001B99E
   141 0001:0001B9A6   148 0001:0001BA30   149 0001:0001BA52   150 0001:0001BA5E
   153 0001:0001BA73   154 0001:0001BA8F   155 0001:0001BA9F   157 0001:0001BAAC
   161 0001:0001BAE6   162 0001:0001BAFE   163 0001:0001BB04   165 0001:0001BB0D
   166 0001:0001BB18   168 0001:0001BB31   171 0001:0001BB64   173 0001:0001BB72
   176 0001:0001BBA5   177 0001:0001BBB3   179 0001:0001BBC0   182 0001:0001BBCB
   184 0001:0001BBFC   186 0001:0001BC0A   188 0001:0001BC3E   190 0001:0001BC4C
   192 0001:0001BC80   194 0001:0001BC8E   196 0001:0001BCC2   198 0001:0001BCD0
   201 0001:0001BCDB   204 0001:0001BD09   206 0001:0001BD17   208 0001:0001BD4B
   210 0001:0001BD59   213 0001:0001BD8D   215 0001:0001BD9B   218 0001:0001BDA6
   221 0001:0001BDD4   223 0001:0001BDE2   226 0001:0001BE16   228 0001:0001BE24
   231 0001:0001BE58   233 0001:0001BE66   235 0001:0001BE94   236 0001:0001BEA2
   239 0001:0001BEAD   243 0001:0001BF09   245 0001:0001BF17   246 0001:0001BF1C
   248 0001:0001BF4A   250 0001:0001BF58   251 0001:0001BF60   257 0001:0001C9CC
   258 0001:0001C9F3   259 0001:0001CA01   263 0001:0001CA16   264 0001:0001CA2C
   282 0001:0001CA37   283 0001:0001CA65   282 0001:0001CA70   283 0001:0001CA89
   284 0001:0001CAA6   286 0001:0001CAB1   288 0001:0001CABC   290 0001:0001CAC6
   292 0001:0001CAEF   294 0001:0001CB02   299 0001:0001CB44   300 0001:0001CB66
   301 0001:0001CB79   302 0001:0001CB88   303 0001:0001CB96   305 0001:0001CBA6
   306 0001:0001CBB1   307 0001:0001CBBF   310 0001:0001CBCC   312 0001:0001CBE0
   313 0001:0001CBF1   315 0001:0001CC2E   318 0001:0001CC42   320 0001:0001CC57
   321 0001:0001CC5F   323 0001:0001CC7A   328 0001:0001CD90   329 0001:0001CDB2
   330 0001:0001CDC5   331 0001:0001CDD3   332 0001:0001CDE2   333 0001:0001CDF0
   336 0001:0001CE00   338 0001:0001CE14   339 0001:0001CE1F   340 0001:0001CE30
   342 0001:0001CE6D   345 0001:0001CE7D   347 0001:0001CE92   349 0001:0001CEAD
   354 0001:0001CFB8   355 0001:0001CFDA   356 0001:0001CFED   357 0001:0001CFFB
   359 0001:0001D019   361 0001:0001D029   362 0001:0001D038   363 0001:0001D046
   364 0001:0001D051   365 0001:0001D062   367 0001:0001D09F   370 0001:0001D0AF
   373 0001:0001D0C4   375 0001:0001D0DF   381 0001:0001D278   382 0001:0001D29C
   383 0001:0001D2AF   384 0001:0001D2BE   386 0001:0001D2CC   387 0001:0001D2E1
   388 0001:0001D2F2   389 0001:0001D314   391 0001:0001D32B   393 0001:0001D33F
   396 0001:0001D34F   397 0001:0001D35A   398 0001:0001D36B   400 0001:0001D39B
   402 0001:0001D3B0   403 0001:0001D3B8   405 0001:0001D3D3   410 0001:0001D4FC
   412 0001:0001D505   414 0001:0001D533   415 0001:0001D53C   417 0001:0001D556
   412 0001:0001D561   418 0001:0001D57A   419 0001:0001D597   424 0001:0001D59C
   425 0001:0001D5BE   426 0001:0001D5D1   427 0001:0001D5E0   428 0001:0001D5EE
   430 0001:0001D5FE   431 0001:0001D609   432 0001:0001D61C   433 0001:0001D64C
   435 0001:0001D661   436 0001:0001D669   438 0001:0001D684   441 0001:0001D788
   442 0001:0001D794   444 0001:0001D79A   445 0001:0001D7A7   447 0001:0001D7B2
   448 0001:0001D7BC   453 0001:0001D7C0   454 0001:0001D7E2   455 0001:0001D7F5
   456 0001:0001D804   457 0001:0001D812   460 0001:0001D822   462 0001:0001D836
   463 0001:0001D841   464 0001:0001D852   465 0001:0001D882   467 0001:0001D897
   468 0001:0001D89F   470 0001:0001D8BA   477 0001:0001D9AC   478 0001:0001D9D0
   479 0001:0001D9D8   480 0001:0001D9ED   482 0001:0001D9FE   484 0001:0001DA21
   485 0001:0001DA45   486 0001:0001DA50   482 0001:0001DA53   488 0001:0001DA58
   494 0001:0001DAB8   495 0001:0001DAD7   496 0001:0001DAEA   497 0001:0001DAF9
   498 0001:0001DB07   501 0001:0001DB17   504 0001:0001DB22   505 0001:0001DB48
   504 0001:0001DB52   505 0001:0001DB6B   508 0001:0001DB88   511 0001:0001DB9C
   513 0001:0001DBB1   514 0001:0001DBB9   516 0001:0001DBD4   524 0001:0001DCC4
   525 0001:0001DCE1   526 0001:0001DCF4   527 0001:0001DD02   529 0001:0001DD0D
   532 0001:0001DD4B   534 0001:0001DD5C   535 0001:0001DD72   540 0001:0001DD8A
   542 0001:0001DDA5   546 0001:0001DE74   547 0001:0001DE99   548 0001:0001DEAB
   549 0001:0001DEB5   552 0001:0001DEDC   554 0001:0001DEE8   559 0001:0001DEEC
   560 0001:0001DF08   562 0001:0001DF0C   563 0001:0001DF21   564 0001:0001DF32
   565 0001:0001DF53   570 0001:0001DFA0   571 0001:0001DFBE   573 0001:0001DFC8
   577 0001:0001DFDD   580 0001:0001DFFE   582 0001:0001E014   585 0001:0001E058
   586 0001:0001E083   587 0001:0001E087   589 0001:0001E091   594 0001:0001E0A6
   597 0001:0001E0F4   599 0001:0001E110   600 0001:0001E11A   603 0001:0001E141
   605 0001:0001E15D   606 0001:0001E167   611 0001:0001E18C   616 0001:0001E204
   617 0001:0001E229   619 0001:0001E22F   620 0001:0001E241   623 0001:0001E25B
   625 0001:0001E29A   628 0001:0001E2A6   633 0001:0001E310   634 0001:0001E335
   635 0001:0001E33B   637 0001:0001E387   638 0001:0001E393   640 0001:0001E3A1
   648 0001:0001E400   649 0001:0001E424   650 0001:0001E437   651 0001:0001E446
   652 0001:0001E454   654 0001:0001E464   655 0001:0001E46F   656 0001:0001E480
   659 0001:0001E4B0   660 0001:0001E4C5   663 0001:0001E4FB   666 0001:0001E510
   669 0001:0001E544   670 0001:0001E56A   669 0001:0001E580   670 0001:0001E599
   671 0001:0001E5B6   674 0001:0001E5CE   675 0001:0001E5D6   677 0001:0001E5F1
   686 0001:0001E764   687 0001:0001E770   688 0001:0001E783   689 0001:0001E791
   691 0001:0001E7A8   693 0001:0001E7C3   750 0001:0001EB3C   751 0001:0001EB58
   752 0001:0001EB64   755 0001:0001EB9D   756 0001:0001EBAD   758 0001:0001EBC5
   760 0001:0001EBDB   764 0001:0001EBEE   765 0001:0001EC01   767 0001:0001EC14
   768 0001:0001EC47   769 0001:0001EC7C   770 0001:0001EC9A   772 0001:0001ECCF
   773 0001:0001ED06   774 0001:0001ED38   775 0001:0001ED6A   776 0001:0001ED9C
   777 0001:0001EDD1   779 0001:0001EE06   782 0001:0001EE4D   784 0001:0001EE5B
   786 0001:0001EE69   735 0001:0001EF48   736 0001:0001EFA3   737 0001:0001EFB6
   738 0001:0001EFC4   740 0001:0001EFD2   743 0001:0001EFF8   748 0001:0001F00E
   788 0001:0001F02C   791 0001:0001F047   700 0001:0001F0EC   701 0001:0001F13B
   702 0001:0001F149   703 0001:0001F151   706 0001:0001F16D   708 0001:0001F187
   709 0001:0001F19B   710 0001:0001F1A9   711 0001:0001F1B7   712 0001:0001F1CA
   713 0001:0001F1FB   714 0001:0001F20E   712 0001:0001F218   714 0001:0001F231
   716 0001:0001F24E   717 0001:0001F25E   721 0001:0001F26E   722 0001:0001F2B0
   723 0001:0001F2BD   726 0001:0001F2CC   727 0001:0001F30E   728 0001:0001F318
   730 0001:0001F327   733 0001:0001F332   794 0001:0001F363   796 0001:0001F379
   807 0001:0001F40C   808 0001:0001F418   843 0001:0001F42D   849 0001:0001F46C
   850 0001:0001F47B   852 0001:0001F48C   853 0001:0001F49A   855 0001:0001F4A7
   856 0001:0001F4B9   858 0001:0001F4C1   850 0001:0001F4C4   859 0001:0001F4CA
   864 0001:0001F4D0   865 0001:0001F4EF   866 0001:0001F4F9   868 0001:0001F50E
   869 0001:0001F528   870 0001:0001F542   871 0001:0001F55C   872 0001:0001F576
   873 0001:0001F590   878 0001:0001F690   879 0001:0001F6B1   880 0001:0001F6C6
   882 0001:0001F6DB   885 0001:0001F73B   886 0001:0001F76E   889 0001:0001F79F
   896 0001:0001F898   897 0001:0001F8BD   898 0001:0001F8D0   899 0001:0001F8DF
   900 0001:0001F8ED   902 0001:0001F8F8   903 0001:0001F902   904 0001:0001F90C
   906 0001:0001F935   908 0001:0001F93B   909 0001:0001F946   910 0001:0001F95E
   912 0001:0001F98F   915 0001:0001F99E   916 0001:0001F9A9   918 0001:0001F9CA
   921 0001:0001F9DA   922 0001:0001F9F9   904 0001:0001FA04   923 0001:0001FA21
   926 0001:0001FA3E   928 0001:0001FA44   929 0001:0001FA51   930 0001:0001FA5C
   931 0001:0001FA7D   932 0001:0001FA9C   935 0001:0001FAB4   936 0001:0001FABC
   939 0001:0001FAD7   946 0001:0001FBF4   947 0001:0001FC41   949 0001:0001FC56
   952 0001:0001FC6F   953 0001:0001FC81   954 0001:0001FC8E   955 0001:0001FC99
   956 0001:0001FCA4   957 0001:0001FCAF   959 0001:0001FCC3   960 0001:0001FCD2
   961 0001:0001FCE0   962 0001:0001FCEE   963 0001:0001FCFF   965 0001:0001FD38
   966 0001:0001FD3B   969 0001:0001FD63   972 0001:0001FD73   973 0001:0001FD81
   976 0001:0001FD90   977 0001:0001FDA7   980 0001:0001FE24   981 0001:0001FE30
   982 0001:0001FE45   983 0001:0001FE50   984 0001:0001FE5E  1019 0001:0001FE68
  1020 0001:0001FE86  1021 0001:0001FE95  1023 0001:0001FEA3  1024 0001:0001FEAE
  1027 0001:0001FED4  1028 0001:0001FEE0  1024 0001:0001FEEA  1029 0001:0001FF03
  1031 0001:0001FF2D  1035 0001:0001FF3D  1036 0001:0001FF52  1037 0001:0001FF63
  1038 0001:0001FF7A  1043 0001:0001FFC8  1044 0001:0001FFEA  1045 0001:0001FFFD
  1046 0001:0002000C  1047 0001:0002001A  1050 0001:0002002A  1052 0001:0002003E
  1053 0001:00020049  1054 0001:0002005A  1056 0001:00020097  1057 0001:0002009F
  1059 0001:000200BA  1062 0001:000201BC  1063 0001:000201C8  1064 0001:000201DB
  1065 0001:000201E9  1066 0001:000201F3  1069 0001:00020203  1070 0001:0002020E
  1071 0001:0002021B  1073 0001:00020232  1075 0001:0002024D  1099 0001:000202F0
  1100 0001:00020311  1101 0001:00020319  1103 0001:00020338  1106 0001:0002033F
  1107 0001:00020375  1104 0001:00020378  1110 0001:00020398  1135 0001:000203F8
  1136 0001:00020404  1137 0001:0002040E  1147 0001:00020414  1148 0001:00020431
  1150 0001:00020456  1152 0001:00020466  1154 0001:0002046D

Line numbers for PlasticExpert(PlasticExpert.pas) segment .itext

  1139 0002:00000298  1140 0002:000002A7  1141 0002:000002B5  1143 0002:000002E1
  1146 0002:000002F5

Line numbers for Unit1(C:\temp\Unit1.pas) segment .itext

     7 0002:000002FC

Line numbers for .PlasticPluginD2010(PlasticPluginD2010.dpk) segment .itext

    51 0002:00000304

Bound resource files

fDebugConsole.dfm
PlasticPluginD2010.res
Images.res
PlasticPluginD2010.drf


Program entry point at 0002:00000304
