
 Start         Length     Name                   Class
 0001:00401000 0001F260H .text                   CODE
 0002:00421000 00000384H .itext                  ICODE
 0003:00422000 00000148H .data                   DATA
 0004:00423000 00000070H .bss                    BSS
 0005:00000000 00000000H .tls                    TLS


Detailed map of segments

 0001:00000000 000002A6 C=CODE     S=.text    G=(none)   M=System   ACBP=A9
 0001:000002A8 00000203 C=CODE     S=.text    G=(none)   M=SysInit  ACBP=A9
 0001:000004AC 00000006 C=CODE     S=.text    G=(none)   M=Generics.Defaults ACBP=A9
 0001:000004B4 00000006 C=CODE     S=.text    G=(none)   M=TypInfo  ACBP=A9
 0001:000004BC 0000010E C=CODE     S=.text    G=(none)   M=SysUtils ACBP=A9
 0001:000005CC 00000411 C=CODE     S=.text    G=(none)   M=Windows  ACBP=A9
 0001:000009E0 00000006 C=CODE     S=.text    G=(none)   M=Math     ACBP=A9
 0001:000009E8 00000006 C=CODE     S=.text    G=(none)   M=StrUtils ACBP=A9
 0001:000009F0 00000006 C=CODE     S=.text    G=(none)   M=Variants ACBP=A9
 0001:000009F8 00000006 C=CODE     S=.text    G=(none)   M=VarUtils ACBP=A9
 0001:00000A00 00000006 C=CODE     S=.text    G=(none)   M=Generics.Collections ACBP=A9
 0001:00000A08 00000156 C=CODE     S=.text    G=(none)   M=Classes  ACBP=A9
 0001:00000B60 00000026 C=CODE     S=.text    G=(none)   M=SyncObjs ACBP=A9
 0001:00000B88 00000006 C=CODE     S=.text    G=(none)   M=TimeSpan ACBP=A9
 0001:00000B90 00000016 C=CODE     S=.text    G=(none)   M=ComCtrls ACBP=A9
 0001:00000BA8 00000046 C=CODE     S=.text    G=(none)   M=ActnList ACBP=A9
 0001:00000BF0 00000016 C=CODE     S=.text    G=(none)   M=Graphics ACBP=A9
 0001:00000C08 00000016 C=CODE     S=.text    G=(none)   M=Registry ACBP=A9
 0001:00000C20 00000006 C=CODE     S=.text    G=(none)   M=IniFiles ACBP=A9
 0001:00000C28 0000000E C=CODE     S=.text    G=(none)   M=IOUtils  ACBP=A9
 0001:00000C38 00000006 C=CODE     S=.text    G=(none)   M=DateUtils ACBP=A9
 0001:00000C40 00000006 C=CODE     S=.text    G=(none)   M=Themes   ACBP=A9
 0001:00000C48 00000106 C=CODE     S=.text    G=(none)   M=Controls ACBP=A9
 0001:00000D50 0000005E C=CODE     S=.text    G=(none)   M=Menus    ACBP=A9
 0001:00000DB0 00000006 C=CODE     S=.text    G=(none)   M=UxTheme  ACBP=A9
 0001:00000DB8 00000006 C=CODE     S=.text    G=(none)   M=MultiMon ACBP=A9
 0001:00000DC0 0000014E C=CODE     S=.text    G=(none)   M=Forms    ACBP=A9
 0001:00000F10 00000006 C=CODE     S=.text    G=(none)   M=HelpIntfs ACBP=A9
 0001:00000F18 00000016 C=CODE     S=.text    G=(none)   M=Dialogs  ACBP=A9
 0001:00000F30 00000006 C=CODE     S=.text    G=(none)   M=GraphUtil ACBP=A9
 0001:00000F38 0000000E C=CODE     S=.text    G=(none)   M=ShellAPI ACBP=A9
 0001:00000F48 00000006 C=CODE     S=.text    G=(none)   M=ExtCtrls ACBP=A9
 0001:00000F50 00000006 C=CODE     S=.text    G=(none)   M=Printers ACBP=A9
 0001:00000F58 00000006 C=CODE     S=.text    G=(none)   M=Clipbrd  ACBP=A9
 0001:00000F60 00000006 C=CODE     S=.text    G=(none)   M=FlatSB   ACBP=A9
 0001:00000F68 00000006 C=CODE     S=.text    G=(none)   M=ToolsAPI ACBP=A9
 0001:00000F70 00000006 C=CODE     S=.text    G=(none)   M=XMLIntf  ACBP=A9
 0001:00000F78 00000006 C=CODE     S=.text    G=(none)   M=xmldom   ACBP=A9
 0001:00000F80 00000006 C=CODE     S=.text    G=(none)   M=msxmldom ACBP=A9
 0001:00000F88 00000006 C=CODE     S=.text    G=(none)   M=ComObj   ACBP=A9
 0001:00000F90 00000006 C=CODE     S=.text    G=(none)   M=DockForm ACBP=A9
 0001:00000F98 00000006 C=CODE     S=.text    G=(none)   M=IDEMessages ACBP=A9
 0001:00000FA0 00000006 C=CODE     S=.text    G=(none)   M=DeskForm ACBP=A9
 0001:00000FA8 00000006 C=CODE     S=.text    G=(none)   M=BaseDock ACBP=A9
 0001:00000FB0 00000006 C=CODE     S=.text    G=(none)   M=PercentageDockTree ACBP=A9
 0001:00000FB8 00000006 C=CODE     S=.text    G=(none)   M=CaptionedDockTree ACBP=A9
 0001:00000FC0 00000006 C=CODE     S=.text    G=(none)   M=DockTabSet ACBP=A9
 0001:00000FC8 00000006 C=CODE     S=.text    G=(none)   M=Tabs     ACBP=A9
 0001:00000FD0 00000006 C=CODE     S=.text    G=(none)   M=DeskUtil ACBP=A9
 0001:00000FD8 00000006 C=CODE     S=.text    G=(none)   M=TabDock  ACBP=A9
 0001:00000FE0 00000006 C=CODE     S=.text    G=(none)   M=PlatformDefaultStyleActnCtrls ACBP=A9
 0001:00000FE8 00000006 C=CODE     S=.text    G=(none)   M=Buttons  ACBP=A9
 0001:00000FF0 00000006 C=CODE     S=.text    G=(none)   M=ActnMan  ACBP=A9
 0001:00000FF8 00000006 C=CODE     S=.text    G=(none)   M=ActnMenus ACBP=A9
 0001:00001000 00000006 C=CODE     S=.text    G=(none)   M=ExtActns ACBP=A9
 0001:00001008 00000006 C=CODE     S=.text    G=(none)   M=ExtDlgs  ACBP=A9
 0001:00001010 00000006 C=CODE     S=.text    G=(none)   M=Mapi     ACBP=A9
 0001:00001018 00000026 C=CODE     S=.text    G=(none)   M=JclDebug ACBP=A9
 0001:00001040 00000006 C=CODE     S=.text    G=(none)   M=JclBase  ACBP=A9
 0001:00001048 00000006 C=CODE     S=.text    G=(none)   M=JclResources ACBP=A9
 0001:00001050 00000006 C=CODE     S=.text    G=(none)   M=JclStrings ACBP=A9
 0001:00001058 00000006 C=CODE     S=.text    G=(none)   M=JclUnicode ACBP=A9
 0001:00001060 00000006 C=CODE     S=.text    G=(none)   M=JclSysInfo ACBP=A9
 0001:00001068 00000006 C=CODE     S=.text    G=(none)   M=JclAnsiStrings ACBP=A9
 0001:00001070 00000006 C=CODE     S=.text    G=(none)   M=AnsiStrings ACBP=A9
 0001:00001078 00000006 C=CODE     S=.text    G=(none)   M=JclSysUtils ACBP=A9
 0001:00001080 00000006 C=CODE     S=.text    G=(none)   M=JclFileUtils ACBP=A9
 0001:00001088 0000000E C=CODE     S=.text    G=(none)   M=JclRegistry ACBP=A9
 0001:00001098 00000006 C=CODE     S=.text    G=(none)   M=JclShell ACBP=A9
 0001:000010A0 00000006 C=CODE     S=.text    G=(none)   M=JclCharsets ACBP=A9
 0001:000010A8 00000006 C=CODE     S=.text    G=(none)   M=JclHookExcept ACBP=A9
 0001:000010B0 00000007 C=CODE     S=.text    G=(none)   M=JvConsts ACBP=A9
 0001:000010B8 00003BDB C=CODE     S=.text    G=(none)   M=JvCreateProcess ACBP=A9
 0001:00004C94 00001363 C=CODE     S=.text    G=(none)   M=DbugIntf ACBP=A9
 0001:00005FF8 00002E5F C=CODE     S=.text    G=(none)   M=PlasticAsync ACBP=A9
 0001:00008E58 00004E95 C=CODE     S=.text    G=(none)   M=PlasticNotify ACBP=A9
 0001:0000DCF0 00009209 C=CODE     S=.text    G=(none)   M=PlasticEngine ACBP=A9
 0001:00016EFC 000009AA C=CODE     S=.text    G=(none)   M=PlasticUtils ACBP=A9
 0001:000178A8 00006D39 C=CODE     S=.text    G=(none)   M=PlasticExpert ACBP=A9
 0001:0001E5E4 000001A3 C=CODE     S=.text    G=(none)   M=Unit2    ACBP=A9
 0001:0001E788 000001A3 C=CODE     S=.text    G=(none)   M=Unit3    ACBP=A9
 0001:0001E92C 000001A3 C=CODE     S=.text    G=(none)   M=Unit5    ACBP=A9
 0001:0001EAD0 0000078F C=CODE     S=.text    G=(none)   M=.PlasticPluginD2010 ACBP=A9
 0002:00000000 00000006 C=ICODE    S=.itext   G=(none)   M=System   ACBP=A9
 0002:00000008 00000006 C=ICODE    S=.itext   G=(none)   M=TypInfo  ACBP=A9
 0002:00000010 0000001E C=ICODE    S=.itext   G=(none)   M=SysUtils ACBP=A9
 0002:00000030 00000016 C=ICODE    S=.itext   G=(none)   M=Windows  ACBP=A9
 0002:00000048 00000006 C=ICODE    S=.itext   G=(none)   M=Variants ACBP=A9
 0002:00000050 00000006 C=ICODE    S=.itext   G=(none)   M=VarUtils ACBP=A9
 0002:00000058 0000000E C=ICODE    S=.itext   G=(none)   M=Classes  ACBP=A9
 0002:00000068 00000006 C=ICODE    S=.itext   G=(none)   M=SyncObjs ACBP=A9
 0002:00000070 00000006 C=ICODE    S=.itext   G=(none)   M=TimeSpan ACBP=A9
 0002:00000078 00000006 C=ICODE    S=.itext   G=(none)   M=ComCtrls ACBP=A9
 0002:00000080 00000006 C=ICODE    S=.itext   G=(none)   M=ActnList ACBP=A9
 0002:00000088 00000006 C=ICODE    S=.itext   G=(none)   M=Graphics ACBP=A9
 0002:00000090 00000006 C=ICODE    S=.itext   G=(none)   M=Registry ACBP=A9
 0002:00000098 00000006 C=ICODE    S=.itext   G=(none)   M=IniFiles ACBP=A9
 0002:000000A0 0000000E C=ICODE    S=.itext   G=(none)   M=IOUtils  ACBP=A9
 0002:000000B0 00000006 C=ICODE    S=.itext   G=(none)   M=Themes   ACBP=A9
 0002:000000B8 00000006 C=ICODE    S=.itext   G=(none)   M=Controls ACBP=A9
 0002:000000C0 00000006 C=ICODE    S=.itext   G=(none)   M=Menus    ACBP=A9
 0002:000000C8 00000006 C=ICODE    S=.itext   G=(none)   M=UxTheme  ACBP=A9
 0002:000000D0 00000006 C=ICODE    S=.itext   G=(none)   M=MultiMon ACBP=A9
 0002:000000D8 00000006 C=ICODE    S=.itext   G=(none)   M=Forms    ACBP=A9
 0002:000000E0 00000006 C=ICODE    S=.itext   G=(none)   M=HelpIntfs ACBP=A9
 0002:000000E8 00000006 C=ICODE    S=.itext   G=(none)   M=Dialogs  ACBP=A9
 0002:000000F0 00000006 C=ICODE    S=.itext   G=(none)   M=GraphUtil ACBP=A9
 0002:000000F8 00000006 C=ICODE    S=.itext   G=(none)   M=ExtCtrls ACBP=A9
 0002:00000100 00000006 C=ICODE    S=.itext   G=(none)   M=Printers ACBP=A9
 0002:00000108 00000006 C=ICODE    S=.itext   G=(none)   M=Clipbrd  ACBP=A9
 0002:00000110 00000006 C=ICODE    S=.itext   G=(none)   M=FlatSB   ACBP=A9
 0002:00000118 00000006 C=ICODE    S=.itext   G=(none)   M=ToolsAPI ACBP=A9
 0002:00000120 00000006 C=ICODE    S=.itext   G=(none)   M=XMLIntf  ACBP=A9
 0002:00000128 00000006 C=ICODE    S=.itext   G=(none)   M=xmldom   ACBP=A9
 0002:00000130 00000006 C=ICODE    S=.itext   G=(none)   M=msxmldom ACBP=A9
 0002:00000138 00000006 C=ICODE    S=.itext   G=(none)   M=ComObj   ACBP=A9
 0002:00000140 00000006 C=ICODE    S=.itext   G=(none)   M=DockForm ACBP=A9
 0002:00000148 00000006 C=ICODE    S=.itext   G=(none)   M=IDEMessages ACBP=A9
 0002:00000150 00000006 C=ICODE    S=.itext   G=(none)   M=DeskForm ACBP=A9
 0002:00000158 00000006 C=ICODE    S=.itext   G=(none)   M=BaseDock ACBP=A9
 0002:00000160 00000006 C=ICODE    S=.itext   G=(none)   M=PercentageDockTree ACBP=A9
 0002:00000168 00000006 C=ICODE    S=.itext   G=(none)   M=CaptionedDockTree ACBP=A9
 0002:00000170 00000006 C=ICODE    S=.itext   G=(none)   M=DockTabSet ACBP=A9
 0002:00000178 00000006 C=ICODE    S=.itext   G=(none)   M=Tabs     ACBP=A9
 0002:00000180 00000006 C=ICODE    S=.itext   G=(none)   M=DeskUtil ACBP=A9
 0002:00000188 00000006 C=ICODE    S=.itext   G=(none)   M=TabDock  ACBP=A9
 0002:00000190 00000006 C=ICODE    S=.itext   G=(none)   M=PlatformDefaultStyleActnCtrls ACBP=A9
 0002:00000198 00000006 C=ICODE    S=.itext   G=(none)   M=Buttons  ACBP=A9
 0002:000001A0 00000006 C=ICODE    S=.itext   G=(none)   M=ActnMan  ACBP=A9
 0002:000001A8 00000006 C=ICODE    S=.itext   G=(none)   M=ActnMenus ACBP=A9
 0002:000001B0 00000006 C=ICODE    S=.itext   G=(none)   M=ExtActns ACBP=A9
 0002:000001B8 00000006 C=ICODE    S=.itext   G=(none)   M=ExtDlgs  ACBP=A9
 0002:000001C0 00000006 C=ICODE    S=.itext   G=(none)   M=Mapi     ACBP=A9
 0002:000001C8 00000006 C=ICODE    S=.itext   G=(none)   M=JclDebug ACBP=A9
 0002:000001D0 00000006 C=ICODE    S=.itext   G=(none)   M=JclBase  ACBP=A9
 0002:000001D8 00000006 C=ICODE    S=.itext   G=(none)   M=JclResources ACBP=A9
 0002:000001E0 00000006 C=ICODE    S=.itext   G=(none)   M=JclStrings ACBP=A9
 0002:000001E8 00000006 C=ICODE    S=.itext   G=(none)   M=JclUnicode ACBP=A9
 0002:000001F0 00000006 C=ICODE    S=.itext   G=(none)   M=JclSysInfo ACBP=A9
 0002:000001F8 00000006 C=ICODE    S=.itext   G=(none)   M=JclAnsiStrings ACBP=A9
 0002:00000200 00000006 C=ICODE    S=.itext   G=(none)   M=AnsiStrings ACBP=A9
 0002:00000208 00000006 C=ICODE    S=.itext   G=(none)   M=JclSysUtils ACBP=A9
 0002:00000210 00000006 C=ICODE    S=.itext   G=(none)   M=JclFileUtils ACBP=A9
 0002:00000218 00000006 C=ICODE    S=.itext   G=(none)   M=JclRegistry ACBP=A9
 0002:00000220 00000006 C=ICODE    S=.itext   G=(none)   M=JclShell ACBP=A9
 0002:00000228 00000006 C=ICODE    S=.itext   G=(none)   M=JclCharsets ACBP=A9
 0002:00000230 00000006 C=ICODE    S=.itext   G=(none)   M=JclHookExcept ACBP=A9
 0002:00000238 00000008 C=ICODE    S=.itext   G=(none)   M=JvConsts ACBP=A9
 0002:00000240 00000008 C=ICODE    S=.itext   G=(none)   M=JvCreateProcess ACBP=A9
 0002:00000248 0000000C C=ICODE    S=.itext   G=(none)   M=DbugIntf ACBP=A9
 0002:00000254 00000064 C=ICODE    S=.itext   G=(none)   M=PlasticAsync ACBP=A9
 0002:000002B8 0000001F C=ICODE    S=.itext   G=(none)   M=PlasticNotify ACBP=A9
 0002:000002D8 0000001F C=ICODE    S=.itext   G=(none)   M=PlasticEngine ACBP=A9
 0002:000002F8 00000008 C=ICODE    S=.itext   G=(none)   M=PlasticUtils ACBP=A9
 0002:00000300 00000062 C=ICODE    S=.itext   G=(none)   M=PlasticExpert ACBP=A9
 0002:00000364 00000008 C=ICODE    S=.itext   G=(none)   M=Unit2    ACBP=A9
 0002:0000036C 00000008 C=ICODE    S=.itext   G=(none)   M=Unit3    ACBP=A9
 0002:00000374 00000008 C=ICODE    S=.itext   G=(none)   M=Unit5    ACBP=A9
 0002:0000037C 00000005 C=ICODE    S=.itext   G=(none)   M=.PlasticPluginD2010 ACBP=A9
 0003:00000000 00000034 C=DATA     S=.data    G=DGROUP   M=SysInit  ACBP=A9
 0003:00000034 0000000C C=DATA     S=.data    G=DGROUP   M=Windows  ACBP=A9
 0003:00000040 00000044 C=DATA     S=.data    G=DGROUP   M=JvConsts ACBP=A9
 0003:00000084 00000048 C=DATA     S=.data    G=DGROUP   M=JvCreateProcess ACBP=A9
 0003:000000CC 00000005 C=DATA     S=.data    G=DGROUP   M=DbugIntf ACBP=A9
 0003:000000D4 00000014 C=DATA     S=.data    G=DGROUP   M=PlasticEngine ACBP=A9
 0003:000000E8 00000030 C=DATA     S=.data    G=DGROUP   M=PlasticUtils ACBP=A9
 0004:00000000 0000000C C=BSS      S=.bss     G=DGROUP   M=SysInit  ACBP=A9
 0004:0000000C 00000008 C=BSS      S=.bss     G=DGROUP   M=Windows  ACBP=A9
 0004:00000014 00000004 C=BSS      S=.bss     G=DGROUP   M=JvConsts ACBP=A9
 0004:00000018 00000009 C=BSS      S=.bss     G=DGROUP   M=JvCreateProcess ACBP=A9
 0004:00000024 00000008 C=BSS      S=.bss     G=DGROUP   M=DbugIntf ACBP=A9
 0004:0000002C 0000000C C=BSS      S=.bss     G=DGROUP   M=PlasticAsync ACBP=A9
 0004:00000038 00000008 C=BSS      S=.bss     G=DGROUP   M=PlasticNotify ACBP=A9
 0004:00000040 00000008 C=BSS      S=.bss     G=DGROUP   M=PlasticEngine ACBP=A9
 0004:00000048 00000004 C=BSS      S=.bss     G=DGROUP   M=PlasticUtils ACBP=A9
 0004:0000004C 0000000C C=BSS      S=.bss     G=DGROUP   M=PlasticExpert ACBP=A9
 0004:00000058 00000008 C=BSS      S=.bss     G=DGROUP   M=Unit2    ACBP=A9
 0004:00000060 00000008 C=BSS      S=.bss     G=DGROUP   M=Unit3    ACBP=A9
 0004:00000068 00000008 C=BSS      S=.bss     G=DGROUP   M=Unit5    ACBP=A9
 0005:00000000 00000008 C=TLS      S=.tls     G=(none)   M=DbugIntf ACBP=A9


  Address             Publics by Name

 0002:0000037C       .PlasticPluginD2010..PlasticPluginD2010
 0001:0001F240       .PlasticPluginD2010.@GetPackageInfoTable
 0001:0001F248       .PlasticPluginD2010.@PackageLoad
 0001:0001F254       .PlasticPluginD2010.@PackageUnload
 0002:00000080       ActnList.ActnList
 0001:00000BE8       ActnList.Finalization
 0001:00000BE0       ActnList.TAction.Create
 0001:00000BB0       ActnList.TContainedAction.SetActionList
 0001:00000BA8       ActnList.TContainedAction.SetCategory
 0001:00000BB8       ActnList.TCustomAction.SetCaption
 0001:00000BC0       ActnList.TCustomAction.SetEnabled
 0001:00000BC8       ActnList.TCustomAction.SetHint
 0001:00000BD0       ActnList.TCustomAction.SetImageIndex
 0001:00000BD8       ActnList.TCustomAction.SetVisible
 0002:000001A0       ActnMan.ActnMan
 0001:00000FF0       ActnMan.Finalization
 0002:000001A8       ActnMenus.ActnMenus
 0001:00000FF8       ActnMenus.Finalization
 0002:00000200       AnsiStrings.AnsiStrings
 0001:00001070       AnsiStrings.Finalization
 0002:00000158       BaseDock.BaseDock
 0001:00000FA8       BaseDock.Finalization
 0002:00000198       Buttons.Buttons
 0001:00000FE8       Buttons.Finalization
 0002:00000168       CaptionedDockTree.CaptionedDockTree
 0001:00000FB8       CaptionedDockTree.Finalization
 0001:00000B48       Classes.AllocateHWnd
 0002:00000060       Classes.Classes
 0001:00000B50       Classes.DeallocateHWnd
 0001:00000B58       Classes.Finalization
 0001:00000AE8       Classes.TComponent.BeforeDestruction
 0001:00000AD8       Classes.TComponent.Create
 0001:00000AF8       Classes.TComponent.DefineProperties
 0001:00000AE0       Classes.TComponent.Destroy
 0001:00000B00       Classes.TComponent.Loaded
 0001:00000AF0       Classes.TComponent.Notification
 0001:00000B40       Classes.TComponent.QueryInterface
 0001:00000B08       Classes.TComponent.ReadState
 0001:00000B30       Classes.TComponent.SafeCallException
 0001:00000B20       Classes.TComponent.SetName
 0001:00000B28       Classes.TComponent.UpdateAction
 0001:00000B38       Classes.TComponent.UpdateRegistry
 0001:00000B18       Classes.TComponent.ValidateRename
 0001:00000B10       Classes.TComponent.WriteState
 0001:00000A18       Classes.TList.Assign
 0001:00000A08       Classes.TList.Delete
 0001:00000A10       Classes.TList.Get
 0001:00000A48       Classes.TPersistent.Assign
 0001:00000A50       Classes.TPersistent.AssignTo
 0001:00000A58       Classes.TPersistent.DefineProperties
 0001:00000A40       Classes.TPersistent.Destroy
 0001:00000A78       Classes.TStringList.Create
 0001:00000A70       Classes.TStrings.GetEnumerator
 0001:00000A60       Classes.TStringsEnumerator.GetCurrent
 0001:00000A68       Classes.TStringsEnumerator.MoveNext
 0001:00000A98       Classes.TThread.AfterConstruction
 0001:00000A80       Classes.TThread.Create
 0002:00000058       Classes.TThread.Create@
 0001:00000A88       Classes.TThread.Destroy
 0001:00000A90       Classes.TThread.Destroy@
 0001:00000AA0       Classes.TThread.DoTerminate
 0001:00000AD0       Classes.TThread.NameThreadForDebugging
 0001:00000AB0       Classes.TThread.Queue
 0001:00000AA8       Classes.TThread.SetPriority
 0001:00000AB8       Classes.TThread.Start
 0001:00000AC0       Classes.TThread.Terminate
 0001:00000AC8       Classes.TThread.WaitFor
 0001:00000A28       Classes.TThreadList.Add
 0001:00000A20       Classes.TThreadList.Create
 0001:00000A30       Classes.TThreadList.LockList
 0001:00000A38       Classes.TThreadList.UnlockList
 0002:00000108       Clipbrd.Clipbrd
 0001:00000F58       Clipbrd.Finalization
 0002:00000078       ComCtrls.ComCtrls
 0001:00000BA0       ComCtrls.Finalization
 0001:00000B90       ComCtrls.TToolBar.GetButton
 0001:00000B98       ComCtrls.TToolBar.GetButtonCount
 0002:00000138       ComObj.ComObj
 0001:00000F88       ComObj.Finalization
 0002:000000B8       Controls.Controls
 0001:00000D48       Controls.Finalization
 0001:00000C90       Controls.TControl.CreateTouchManager
 0001:00000C58       Controls.TControl.GetAction
 0001:00000C48       Controls.TControl.GetDragImages
 0001:00000C50       Controls.TControl.GetEnabled
 0001:00000C98       Controls.TControl.GetFloatingDockSiteClass
 0001:00000CA0       Controls.TControl.InitiateAction
 0001:00000C88       Controls.TControl.Perform
 0001:00000C68       Controls.TControl.SetAutoSize
 0001:00000C80       Controls.TControl.SetBiDiMode
 0001:00000C60       Controls.TControl.SetDragMode
 0001:00000C78       Controls.TControl.SetEnabled
 0001:00000C70       Controls.TControl.SetName
 0001:00000D20       Controls.TWinControl.AssignTo
 0001:00000D28       Controls.TWinControl.CanAutoSize
 0001:00000D10       Controls.TWinControl.CanResize
 0001:00000D18       Controls.TWinControl.ConstrainedResize
 0001:00000CB0       Controls.TWinControl.CreateHandle
 0001:00000CB8       Controls.TWinControl.CustomAlignInsertBefore
 0001:00000CC0       Controls.TWinControl.CustomAlignPosition
 0001:00000CA8       Controls.TWinControl.DestroyWnd
 0001:00000D38       Controls.TWinControl.DockReplaceDockClient
 0001:00000D08       Controls.TWinControl.GetClientOrigin
 0001:00000D00       Controls.TWinControl.GetControlExtents
 0001:00000CE0       Controls.TWinControl.GetDeviceContext
 0001:00000CE8       Controls.TWinControl.Invalidate
 0001:00000CF8       Controls.TWinControl.Repaint
 0001:00000CD0       Controls.TWinControl.SetBounds
 0001:00000D30       Controls.TWinControl.SetParentBackground
 0001:00000CC8       Controls.TWinControl.SetParentDoubleBuffered
 0001:00000CD8       Controls.TWinControl.ShowControl
 0001:00000CF0       Controls.TWinControl.Update
 0001:00000D40       Controls.TWinControl.UpdateControlOriginalParentSize
 0001:00000C38       DateUtils.MilliSecondsBetween
 0004:00000024       DbugIntf..2
 0001:00004CC8       DbugIntf..TGDebugSendThread
 0001:00004E60       DbugIntf..TThreadListHelper
 0002:00000248       DbugIntf.DbugIntf
 0001:00005FAC       DbugIntf.Finalization
 0004:00000028       DbugIntf.GDebugSendThread
 0005:00000000       DbugIntf.MsgPrefix
 0003:000000CC       DbugIntf.PastFailedAttemptToStartDebugWin
 0001:00005980       DbugIntf.SendBoolean
 0001:00005AE4       DbugIntf.SendDateTime
 0001:00005474       DbugIntf.SendDebug
 0001:0000524C       DbugIntf.SendDebugEx
 0001:00005494       DbugIntf.SendDebugFmt
 0001:000054FC       DbugIntf.SendDebugFmtEx
 0001:00005648       DbugIntf.SendDebugFmtEx_End
 0001:00005564       DbugIntf.SendDebugFmtEx_Start
 0001:00005BD4       DbugIntf.SendDebugPause
 0001:00005BDC       DbugIntf.SendDebugResume
 0001:00005A4C       DbugIntf.SendInteger
 0001:0000583C       DbugIntf.SendMethodEnter
 0001:000058E8       DbugIntf.SendMethodExit
 0003:000000D0       DbugIntf.SendPaused
 0001:00004F54       DbugIntf.StartDebugWin
 0001:00005BE4       DbugIntf.TGDebugSendThread.AfterConstruction
 0001:00005C2C       DbugIntf.TGDebugSendThread.Destroy
 0001:00005C7C       DbugIntf.TGDebugSendThread.Execute
 0001:00005D88       DbugIntf.TGDebugSendThread.SendAllData
 0001:00005ECC       DbugIntf.TGDebugSendThread.SendData
 0001:00005F5C       DbugIntf.TThreadListHelper.Count
 0005:00000004       DbugIntf._IndentTime
 0002:00000150       DeskForm.DeskForm
 0001:00000FA0       DeskForm.Finalization
 0002:00000180       DeskUtil.DeskUtil
 0001:00000FD0       DeskUtil.Finalization
 0002:000000E8       Dialogs.Dialogs
 0001:00000F28       Dialogs.Finalization
 0001:00000F20       Dialogs.InputQuery
 0001:00000F18       Dialogs.MessageDlg
 0002:00000140       DockForm.DockForm
 0001:00000F90       DockForm.Finalization
 0002:00000170       DockTabSet.DockTabSet
 0001:00000FC0       DockTabSet.Finalization
 0002:000001B0       ExtActns.ExtActns
 0001:00001000       ExtActns.Finalization
 0002:000000F8       ExtCtrls.ExtCtrls
 0001:00000F48       ExtCtrls.Finalization
 0002:000001B8       ExtDlgs.ExtDlgs
 0001:00001008       ExtDlgs.Finalization
 0001:00000F60       FlatSB.Finalization
 0002:00000110       FlatSB.FlatSB
 0001:00000F08       Forms.Finalization
 0002:000000D8       Forms.Forms
 0001:00000F00       Forms.TApplication.GetExeName
 0001:00000EF8       Forms.TApplication.ProcessMessages
 0001:00000DF0       Forms.TCustomForm.AfterConstruction
 0001:00000E78       Forms.TCustomForm.AlignControls
 0001:00000E00       Forms.TCustomForm.BeforeDestruction
 0001:00000EC8       Forms.TCustomForm.CloseQuery
 0001:00000DE8       Forms.TCustomForm.Create
 0001:00000DF8       Forms.TCustomForm.CreateNew
 0001:00000E80       Forms.TCustomForm.CreateParams
 0001:00000E90       Forms.TCustomForm.CreateWindowHandle
 0001:00000E88       Forms.TCustomForm.CreateWnd
 0001:00000EA8       Forms.TCustomForm.DefaultHandler
 0001:00000E38       Forms.TCustomForm.DefineProperties
 0001:00000E08       Forms.TCustomForm.Destroy
 0001:00000E98       Forms.TCustomForm.DestroyHandle
 0001:00000EA0       Forms.TCustomForm.DestroyWindowHandle
 0001:00000E10       Forms.TCustomForm.DoCreate
 0001:00000E18       Forms.TCustomForm.DoDestroy
 0001:00000E40       Forms.TCustomForm.GetClientRect
 0001:00000E48       Forms.TCustomForm.GetFloating
 0001:00000E20       Forms.TCustomForm.Loaded
 0001:00000E28       Forms.TCustomForm.Notification
 0001:00000EB8       Forms.TCustomForm.PaintWindow
 0001:00000EF0       Forms.TCustomForm.QueryInterface
 0001:00000E30       Forms.TCustomForm.ReadState
 0001:00000EE8       Forms.TCustomForm.RequestAlign
 0001:00000EC0       Forms.TCustomForm.Resizing
 0001:00000ED0       Forms.TCustomForm.SetFocus
 0001:00000EB0       Forms.TCustomForm.SetFocusedControl
 0001:00000E60       Forms.TCustomForm.SetParent
 0001:00000E50       Forms.TCustomForm.SetParentBiDiMode
 0001:00000ED8       Forms.TCustomForm.ShowModal
 0001:00000EE0       Forms.TCustomForm.UpdateActions
 0001:00000E68       Forms.TCustomForm.ValidateRename
 0001:00000E58       Forms.TCustomForm.WantChildKey
 0001:00000E70       Forms.TCustomForm.WndProc
 0001:00000DE0       Forms.TScrollingWinControl.AdjustClientRect
 0001:00000DC0       Forms.TScrollingWinControl.AutoScrollEnabled
 0001:00000DD8       Forms.TScrollingWinControl.AutoScrollInView
 0001:00000DC8       Forms.TScrollingWinControl.DoGesture
 0001:00000DD0       Forms.TScrollingWinControl.DoGetGestureOptions
 0001:00000A00       Generics.Collections.InCircularRange
 0001:000004AC       Generics.Defaults._LookupVtableInfo
 0001:00000C00       Graphics.Finalization
 0002:00000088       Graphics.Graphics
 0001:00000BF0       Graphics.TBitmap.Create
 0001:00000BF8       Graphics.TBitmap.LoadFromResourceName
 0001:00000F30       GraphUtil.Finalization
 0002:000000F0       GraphUtil.GraphUtil
 0001:00000F10       HelpIntfs.Finalization
 0002:000000E0       HelpIntfs.HelpIntfs
 0001:00000F98       IDEMessages.Finalization
 0002:00000148       IDEMessages.IDEMessages
 0001:00000C20       IniFiles.Finalization
 0002:00000098       IniFiles.IniFiles
 0001:00000C30       IOUtils.Finalization
 0002:000000A8       IOUtils.IOUtils
 0002:000000A0       IOUtils.TPath.Create@
 0001:00000C28       IOUtils.TPath.Destroy@
 0001:00001068       JclAnsiStrings.Finalization
 0002:000001F8       JclAnsiStrings.JclAnsiStrings
 0001:00001040       JclBase.Finalization
 0002:000001D0       JclBase.JclBase
 0001:000010A0       JclCharsets.Finalization
 0002:00000228       JclCharsets.JclCharsets
 0001:00001038       JclDebug.Finalization
 0002:000001C8       JclDebug.JclDebug
 0001:00001018       JclDebug.JclLastExceptStackList
 0001:00001030       JclDebug.TJclStackInfoList.AddToStrings
 0001:00001020       JclDebug.TJclStackInfoList.Create
 0001:00001028       JclDebug.TJclStackInfoList.GetCount
 0001:00001080       JclFileUtils.Finalization
 0002:00000210       JclFileUtils.JclFileUtils
 0001:000010A8       JclHookExcept.Finalization
 0002:00000230       JclHookExcept.JclHookExcept
 0001:00001090       JclRegistry.Finalization
 0002:00000218       JclRegistry.JclRegistry
 0001:00001088       JclRegistry.RegReadStringDef
 0001:00001048       JclResources.Finalization
 0002:000001D8       JclResources.JclResources
 0001:00001098       JclShell.Finalization
 0002:00000220       JclShell.JclShell
 0001:00001050       JclStrings.Finalization
 0002:000001E0       JclStrings.JclStrings
 0001:00001060       JclSysInfo.Finalization
 0002:000001F0       JclSysInfo.JclSysInfo
 0001:00001078       JclSysUtils.Finalization
 0002:00000208       JclSysUtils.JclSysUtils
 0001:00001058       JclUnicode.Finalization
 0002:000001E8       JclUnicode.JclUnicode
 0004:00000014       JvConsts..1
 0003:00000068       JvConsts.crDragAlt
 0003:00000078       JvConsts.crDragHand
 0003:00000074       JvConsts.crHand
 0003:00000060       JvConsts.crJVCLFirst
 0003:0000007C       JvConsts.crJVCLLast
 0003:0000006C       JvConsts.crMultiDragAlt
 0003:00000064       JvConsts.crMultiDragLink
 0003:00000070       JvConsts.crMultiDragLinkAlt
 0001:000010B0       JvConsts.Finalization
 0002:00000238       JvConsts.JvConsts
 0003:00000040       JvConsts.Separators
 0003:00000080       JvConsts.tkStrings
 0004:00000018       JvCreateProcess..5
 0001:00001C0C       JvCreateProcess..TJvBaseReader
 0001:000027C8       JvCreateProcess..TJvConsoleThread
 0001:000017C0       JvCreateProcess..TJvCPSStartupInfo
 0001:00001E0C       JvCreateProcess..TJvCreateProcess
 0001:000012FC       JvCreateProcess..TJvProcessEntry
 0001:00002CAC       JvCreateProcess..TJvReader
 0001:000029EC       JvCreateProcess..TJvReadThread
 0001:00002FF4       JvCreateProcess..TJvRWEHandles
 0001:00002610       JvCreateProcess..TJvWaitForProcessThread
 0003:00000094       JvCreateProcess.cCloseAction
 0001:00003254       JvCreateProcess.ConstructPipe
 0001:00003208       JvCreateProcess.CreateDuplicate
 0003:000000AC       JvCreateProcess.CreationFlagsValues
 0001:000049D4       JvCreateProcess.DoOutput
 0001:00004A3C       JvCreateProcess.DoTab
 0001:00002F18       JvCreateProcess.EnumWinProc
 0001:00004C8C       JvCreateProcess.Finalization
 0004:00000020       JvCreateProcess.GTriedLoadWinSrvDll
 0004:0000001C       JvCreateProcess.GWinSrvHandle
 0001:00002F78       JvCreateProcess.InternalCloseApp
 0001:00002F9C       JvCreateProcess.InternalTerminateProcess
 0001:00002EFC       JvCreateProcess.IsConsoleWindow
 0002:00000240       JvCreateProcess.JvCreateProcess
 0001:00002EEC       JvCreateProcess.OSCheck
 0003:00000084       JvCreateProcess.ProcessPriorities
 0001:00002FD0       JvCreateProcess.SafeCloseHandle
 0003:0000009C       JvCreateProcess.ShowWindowValues
 0001:000033E8       JvCreateProcess.TJvBaseReader.Create
 0001:00003434       JvCreateProcess.TJvBaseReader.Destroy
 0001:00003464       JvCreateProcess.TJvBaseReader.GetConsoleOutput
 0001:00003D0C       JvCreateProcess.TJvConsoleThread.CloseWrite
 0001:00003C6C       JvCreateProcess.TJvConsoleThread.Create
 0001:00003CCC       JvCreateProcess.TJvConsoleThread.Destroy
 0001:00003D5C       JvCreateProcess.TJvConsoleThread.Execute
 0001:00003DD8       JvCreateProcess.TJvConsoleThread.TryWrite
 0001:00003F30       JvCreateProcess.TJvConsoleThread.Write
 0001:000036E0       JvCreateProcess.TJvCPSStartupInfo.AssignTo
 0001:00003698       JvCreateProcess.TJvCPSStartupInfo.Create
 0001:00003764       JvCreateProcess.TJvCPSStartupInfo.GetStartupInfo
 0001:0000411C       JvCreateProcess.TJvCreateProcess.CheckNotWaiting
 0001:00004144       JvCreateProcess.TJvCreateProcess.CheckReady
 0001:00004164       JvCreateProcess.TJvCreateProcess.CheckRunning
 0001:00004184       JvCreateProcess.TJvCreateProcess.CloseApplication
 0001:000041A0       JvCreateProcess.TJvCreateProcess.CloseProcessHandles
 0001:000041C0       JvCreateProcess.TJvCreateProcess.CloseRead
 0001:000041D8       JvCreateProcess.TJvCreateProcess.CloseWrite
 0001:0000401C       JvCreateProcess.TJvCreateProcess.Create
 0001:000040BC       JvCreateProcess.TJvCreateProcess.Destroy
 0001:00004234       JvCreateProcess.TJvCreateProcess.GetConsoleOutput
 0001:00004240       JvCreateProcess.TJvCreateProcess.GetEnvironment
 0001:00004244       JvCreateProcess.TJvCreateProcess.GetHandle
 0001:00004260       JvCreateProcess.TJvCreateProcess.GetOnErrorRawRead
 0001:00004270       JvCreateProcess.TJvCreateProcess.GetOnErrorRead
 0001:00004280       JvCreateProcess.TJvCreateProcess.GetOnRawRead
 0001:00004290       JvCreateProcess.TJvCreateProcess.GetOnRead
 0001:000042A0       JvCreateProcess.TJvCreateProcess.GotoReadyState
 0001:000042C0       JvCreateProcess.TJvCreateProcess.GotoRunningState
 0001:000042D8       JvCreateProcess.TJvCreateProcess.GotoWaitState
 0001:000042F4       JvCreateProcess.TJvCreateProcess.HandleReadEvent
 0001:000041FC       JvCreateProcess.TJvCreateProcess.HandleThreadTerminated
 0001:000042FC       JvCreateProcess.TJvCreateProcess.Run
 0001:00004578       JvCreateProcess.TJvCreateProcess.SetCommandLine
 0001:000045AC       JvCreateProcess.TJvCreateProcess.SetEnvironment
 0001:000045BC       JvCreateProcess.TJvCreateProcess.SetOnErrorRawRead
 0001:000045D4       JvCreateProcess.TJvCreateProcess.SetOnErrorRead
 0001:000045EC       JvCreateProcess.TJvCreateProcess.SetOnRawRead
 0001:00004604       JvCreateProcess.TJvCreateProcess.SetOnRead
 0001:0000461C       JvCreateProcess.TJvCreateProcess.SetStartupInfo
 0001:00004628       JvCreateProcess.TJvCreateProcess.SetWaitForTerminate
 0001:0000463C       JvCreateProcess.TJvCreateProcess.StopWaiting
 0001:00004644       JvCreateProcess.TJvCreateProcess.Terminate
 0001:00004658       JvCreateProcess.TJvCreateProcess.TerminateWaitThread
 0001:0000469C       JvCreateProcess.TJvCreateProcess.WaitThreadTerminated
 0001:000046C8       JvCreateProcess.TJvCreateProcess.WndProc
 0001:00004758       JvCreateProcess.TJvCreateProcess.Write
 0001:0000478C       JvCreateProcess.TJvCreateProcess.WriteLn
 0001:000034C0       JvCreateProcess.TJvProcessEntry.Close
 0001:00003468       JvCreateProcess.TJvProcessEntry.Create
 0001:000034CC       JvCreateProcess.TJvProcessEntry.GetPriority
 0001:00003580       JvCreateProcess.TJvProcessEntry.GetSystemIconIndex
 0001:000035C8       JvCreateProcess.TJvProcessEntry.PriorityText
 0001:00003614       JvCreateProcess.TJvProcessEntry.SetPriority
 0001:0000368C       JvCreateProcess.TJvProcessEntry.Terminate
 0001:000047F4       JvCreateProcess.TJvReader.CloseRead
 0001:00004804       JvCreateProcess.TJvReader.CreateThread
 0001:00004850       JvCreateProcess.TJvReader.DoRawReadEvent
 0001:000048BC       JvCreateProcess.TJvReader.DoReadEvent
 0001:000049A4       JvCreateProcess.TJvReader.HandleReadEvent
 0001:00004A94       JvCreateProcess.TJvReader.ParseConsoleOutput
 0001:00004BA0       JvCreateProcess.TJvReader.Terminate
 0001:00004BC0       JvCreateProcess.TJvReader.ThreadTerminated
 0001:00003A48       JvCreateProcess.TJvReadThread.CloseRead
 0001:00003A98       JvCreateProcess.TJvReadThread.CopyToBuffer
 0001:00003968       JvCreateProcess.TJvReadThread.Create
 0001:00003A00       JvCreateProcess.TJvReadThread.Destroy
 0001:00003B58       JvCreateProcess.TJvReadThread.Execute
 0001:00003BA0       JvCreateProcess.TJvReadThread.ReadBuffer
 0001:00003C58       JvCreateProcess.TJvReadThread.TerminateThread
 0001:00004C24       JvCreateProcess.TJvRWEHandles.Clear
 0001:00004BF8       JvCreateProcess.TJvRWEHandles.Destroy
 0001:00004C50       JvCreateProcess.TJvRWEHandles.ExtractHandle
 0001:00004C60       JvCreateProcess.TJvRWEHandles.GetHandle
 0001:00004C68       JvCreateProcess.TJvRWEHandles.SetHandle
 0001:0000380C       JvCreateProcess.TJvWaitForProcessThread.Create
 0001:00003868       JvCreateProcess.TJvWaitForProcessThread.Destroy
 0001:00003898       JvCreateProcess.TJvWaitForProcessThread.Execute
 0001:00003950       JvCreateProcess.TJvWaitForProcessThread.TerminateThread
 0001:00002E88       JvCreateProcess.WinSrvHandle
 0001:00001010       Mapi.Finalization
 0002:000001C0       Mapi.Mapi
 0001:000009E0       Math.Min
 0001:00000DA8       Menus.Finalization
 0002:000000C0       Menus.Menus
 0001:00000D78       Menus.TMenuItem.Add
 0001:00000D50       Menus.TMenuItem.Create
 0001:00000D98       Menus.TMenuItem.Find
 0001:00000D60       Menus.TMenuItem.GetAction
 0001:00000D68       Menus.TMenuItem.GetMenuIndex
 0001:00000D70       Menus.TMenuItem.Insert
 0001:00000DA0       Menus.TMenuItem.NewBottomLine
 0001:00000D80       Menus.TMenuItem.Remove
 0001:00000D88       Menus.TMenuItem.SetAction
 0001:00000D90       Menus.TMenuItem.SetAutoHotkeys
 0001:00000D58       Menus.TMenuItem.SetCaption
 0001:00000F80       msxmldom.Finalization
 0002:00000130       msxmldom.msxmldom
 0001:00000DB8       MultiMon.Finalization
 0002:000000D0       MultiMon.MultiMon
 0001:00000FB0       PercentageDockTree.Finalization
 0002:00000160       PercentageDockTree.PercentageDockTree
 0004:00000030       PlasticAsync..3
 0001:00005FF8       PlasticAsync..TAsyncThread
 0001:00008AE8       PlasticAsync..TComparer<Classes.TThreadProcedure>
 0001:00008CC0       PlasticAsync..TDelegatedComparer<Classes.TThreadProcedure>
 0001:000062F0       PlasticAsync..TEnumerable<Classes.TThreadProcedure>
 0001:000061C0       PlasticAsync..TEnumerator<Classes.TThreadProcedure>
 0001:00006780       PlasticAsync..TList<Classes.TThreadProcedure>
 0001:000065E0       PlasticAsync..TList<Classes.TThreadProcedure>.TEnumerator
 0004:00000034       PlasticAsync.E
 0001:00007450       PlasticAsync.Finalization
 0004:0000002C       PlasticAsync.GAsyncThread
 0002:00000254       PlasticAsync.PlasticAsync
 0001:0000877C       PlasticAsync.TArray.BinarySearch<Classes.TThreadProcedure>
 0001:000088D8       PlasticAsync.TArray.QuickSort<Classes.TThreadProcedure>
 0001:000086F8       PlasticAsync.TArray.Sort<Classes.TThreadProcedure>
 0001:000070C8       PlasticAsync.TAsyncThread.AfterConstruction
 0001:00007114       PlasticAsync.TAsyncThread.Destroy
 0001:00007168       PlasticAsync.TAsyncThread.Execute
 0001:000073D4       PlasticAsync.TAsyncThread.ExecuteASync
 0001:00007430       PlasticAsync.TAsyncThread.Terminate
 0001:00008C44       PlasticAsync.TComparer<Classes.TThreadProcedure>.Compare
 0001:000086C4       PlasticAsync.TComparer<Classes.TThreadProcedure>.Construct
 0001:00008698       PlasticAsync.TComparer<Classes.TThreadProcedure>.Default
 0001:000088AC       PlasticAsync.TDelegatedComparer<Classes.TThreadProcedure>.Compare
 0001:00008864       PlasticAsync.TDelegatedComparer<Classes.TThreadProcedure>.Create
 0001:000074C4       PlasticAsync.TEnumerable<Classes.TThreadProcedure>.GetEnumerator
 0001:000074E0       PlasticAsync.TEnumerator<Classes.TThreadProcedure>.MoveNext
 0001:00007AAC       PlasticAsync.TList<Classes.TThreadProcedure>.Add
 0001:00007B2C       PlasticAsync.TList<Classes.TThreadProcedure>.AddRange
 0001:00007B50       PlasticAsync.TList<Classes.TThreadProcedure>.AddRange
 0001:00007B04       PlasticAsync.TList<Classes.TThreadProcedure>.AddRange
 0001:000084C8       PlasticAsync.TList<Classes.TThreadProcedure>.BinarySearch
 0001:00008518       PlasticAsync.TList<Classes.TThreadProcedure>.BinarySearch
 0001:000082A8       PlasticAsync.TList<Classes.TThreadProcedure>.Clear
 0001:000082C8       PlasticAsync.TList<Classes.TThreadProcedure>.Contains
 0001:000078A4       PlasticAsync.TList<Classes.TThreadProcedure>.Create
 0001:000079D0       PlasticAsync.TList<Classes.TThreadProcedure>.Create
 0001:00007928       PlasticAsync.TList<Classes.TThreadProcedure>.Create
 0001:00007EC8       PlasticAsync.TList<Classes.TThreadProcedure>.Delete
 0001:00007EE8       PlasticAsync.TList<Classes.TThreadProcedure>.DeleteRange
 0001:00007A70       PlasticAsync.TList<Classes.TThreadProcedure>.Destroy
 0001:0000775C       PlasticAsync.TList<Classes.TThreadProcedure>.DoDelete
 0001:00007854       PlasticAsync.TList<Classes.TThreadProcedure>.DoGetEnumerator
 0001:000080B4       PlasticAsync.TList<Classes.TThreadProcedure>.Exchange
 0001:00008060       PlasticAsync.TList<Classes.TThreadProcedure>.Extract
 0001:00008264       PlasticAsync.TList<Classes.TThreadProcedure>.First
 0001:000074FC       PlasticAsync.TList<Classes.TThreadProcedure>.GetCapacity
 0001:00008580       PlasticAsync.TList<Classes.TThreadProcedure>.GetEnumerator
 0001:000075D0       PlasticAsync.TList<Classes.TThreadProcedure>.GetItem
 0001:000076D0       PlasticAsync.TList<Classes.TThreadProcedure>.Grow
 0001:00007724       PlasticAsync.TList<Classes.TThreadProcedure>.GrowCheck
 0001:000082EC       PlasticAsync.TList<Classes.TThreadProcedure>.IndexOf
 0001:00007B74       PlasticAsync.TList<Classes.TThreadProcedure>.Insert
 0001:00007D50       PlasticAsync.TList<Classes.TThreadProcedure>.InsertRange
 0001:00007C38       PlasticAsync.TList<Classes.TThreadProcedure>.InsertRange
 0001:00007DE0       PlasticAsync.TList<Classes.TThreadProcedure>.InsertRange
 0001:00008284       PlasticAsync.TList<Classes.TThreadProcedure>.Last
 0001:0000834C       PlasticAsync.TList<Classes.TThreadProcedure>.LastIndexOf
 0001:00008140       PlasticAsync.TList<Classes.TThreadProcedure>.Move
 0001:00007870       PlasticAsync.TList<Classes.TThreadProcedure>.Notify
 0001:00007E94       PlasticAsync.TList<Classes.TThreadProcedure>.Remove
 0001:000083A8       PlasticAsync.TList<Classes.TThreadProcedure>.Reverse
 0001:0000751C       PlasticAsync.TList<Classes.TThreadProcedure>.SetCapacity
 0001:00007560       PlasticAsync.TList<Classes.TThreadProcedure>.SetCount
 0001:00007620       PlasticAsync.TList<Classes.TThreadProcedure>.SetItem
 0001:00008450       PlasticAsync.TList<Classes.TThreadProcedure>.Sort
 0001:0000848C       PlasticAsync.TList<Classes.TThreadProcedure>.Sort
 0001:00008600       PlasticAsync.TList<Classes.TThreadProcedure>.TEnumerator.Create
 0001:000085C8       PlasticAsync.TList<Classes.TThreadProcedure>.TEnumerator.DoGetCurrent
 0001:000085E4       PlasticAsync.TList<Classes.TThreadProcedure>.TEnumerator.DoMoveNext
 0001:000085A4       PlasticAsync.TList<Classes.TThreadProcedure>.TEnumerator.GetCurrent
 0001:00008658       PlasticAsync.TList<Classes.TThreadProcedure>.TEnumerator.MoveNext
 0001:00008568       PlasticAsync.TList<Classes.TThreadProcedure>.TrimExcess
 0004:00000044       PlasticEngine..8
 0001:0000DD8C       PlasticEngine..EPerforceError
 0001:0000DCF0       PlasticEngine..EPipeError
 0001:0000FE64       PlasticEngine..TDictionary<System.string,PlasticEngine.TFileCacheItem>
 0001:0000F4A4       PlasticEngine..TDictionary<System.string,PlasticEngine.TFileCacheItem>.TKeyCollection
 0001:0000F2C0       PlasticEngine..TDictionary<System.string,PlasticEngine.TFileCacheItem>.TKeyEnumerator
 0001:0000FC80       PlasticEngine..TDictionary<System.string,PlasticEngine.TFileCacheItem>.TPairEnumerator
 0001:0000FAAC       PlasticEngine..TDictionary<System.string,PlasticEngine.TFileCacheItem>.TValueCollection
 0001:0000F8C0       PlasticEngine..TDictionary<System.string,PlasticEngine.TFileCacheItem>.TValueEnumerator
 0001:0000F7B0       PlasticEngine..TEnumerable<PlasticEngine.TFileCacheItem>
 0001:0000F210       PlasticEngine..TEnumerable<System.string>
 0001:0000EE68       PlasticEngine..TEnumerable<TPair<System.string,PlasticEngine.TFileCacheItem>>
 0001:0000F678       PlasticEngine..TEnumerator<PlasticEngine.TFileCacheItem>
 0001:0000F160       PlasticEngine..TEnumerator<System.string>
 0001:0000ED08       PlasticEngine..TEnumerator<TPair<System.string,PlasticEngine.TFileCacheItem>>
 0001:0000E01C       PlasticEngine..TFileCacheItem
 0001:00010530       PlasticEngine..TObjectDictionary<System.string,PlasticEngine.TFileCacheItem>
 0001:0000E110       PlasticEngine..TPlasticCommThread
 0001:0000E3BC       PlasticEngine..TPlasticEngine
 0001:0000DF3C       PlasticEngine..TPlasticFileInfo
 0003:000000D4       PlasticEngine.C_PlasticStatus
 0001:00015824       PlasticEngine.Finalization
 0004:00000040       PlasticEngine.GPlasticEngine
 0002:000002D8       PlasticEngine.PlasticEngine
 0001:00016358       PlasticEngine.TDictionary<System.string,PlasticEngine.TFileCacheItem>.Add
 0001:000165C4       PlasticEngine.TDictionary<System.string,PlasticEngine.TFileCacheItem>.AddOrSetValue
 0001:0001645C       PlasticEngine.TDictionary<System.string,PlasticEngine.TFileCacheItem>.Clear
 0001:0001663C       PlasticEngine.TDictionary<System.string,PlasticEngine.TFileCacheItem>.ContainsKey
 0001:00016670       PlasticEngine.TDictionary<System.string,PlasticEngine.TFileCacheItem>.ContainsValue
 0001:00016214       PlasticEngine.TDictionary<System.string,PlasticEngine.TFileCacheItem>.Create
 0001:00016008       PlasticEngine.TDictionary<System.string,PlasticEngine.TFileCacheItem>.Create
 0001:00016124       PlasticEngine.TDictionary<System.string,PlasticEngine.TFileCacheItem>.Create
 0001:00015FBC       PlasticEngine.TDictionary<System.string,PlasticEngine.TFileCacheItem>.Create
 0001:00016054       PlasticEngine.TDictionary<System.string,PlasticEngine.TFileCacheItem>.Create
 0001:00016308       PlasticEngine.TDictionary<System.string,PlasticEngine.TFileCacheItem>.Destroy
 0001:00015D18       PlasticEngine.TDictionary<System.string,PlasticEngine.TFileCacheItem>.DoAdd
 0001:00015F38       PlasticEngine.TDictionary<System.string,PlasticEngine.TFileCacheItem>.DoGetEnumerator
 0001:00015DE4       PlasticEngine.TDictionary<System.string,PlasticEngine.TFileCacheItem>.DoRemove
 0001:00015D8C       PlasticEngine.TDictionary<System.string,PlasticEngine.TFileCacheItem>.DoSetValue
 0001:00016404       PlasticEngine.TDictionary<System.string,PlasticEngine.TFileCacheItem>.ExtractPair
 0001:00015ADC       PlasticEngine.TDictionary<System.string,PlasticEngine.TFileCacheItem>.GetBucketIndex
 0001:0001678C       PlasticEngine.TDictionary<System.string,PlasticEngine.TFileCacheItem>.GetEnumerator
 0001:00015BC0       PlasticEngine.TDictionary<System.string,PlasticEngine.TFileCacheItem>.GetItem
 0001:0001671C       PlasticEngine.TDictionary<System.string,PlasticEngine.TFileCacheItem>.GetKeys
 0001:00016754       PlasticEngine.TDictionary<System.string,PlasticEngine.TFileCacheItem>.GetValues
 0001:00015AA4       PlasticEngine.TDictionary<System.string,PlasticEngine.TFileCacheItem>.Grow
 0001:00015B90       PlasticEngine.TDictionary<System.string,PlasticEngine.TFileCacheItem>.Hash
 0001:00015F54       PlasticEngine.TDictionary<System.string,PlasticEngine.TFileCacheItem>.KeyNotify
 0001:00015984       PlasticEngine.TDictionary<System.string,PlasticEngine.TFileCacheItem>.Rehash
 0001:00015CB0       PlasticEngine.TDictionary<System.string,PlasticEngine.TFileCacheItem>.RehashAdd
 0001:000163D8       PlasticEngine.TDictionary<System.string,PlasticEngine.TFileCacheItem>.Remove
 0001:00015918       PlasticEngine.TDictionary<System.string,PlasticEngine.TFileCacheItem>.SetCapacity
 0001:00015C20       PlasticEngine.TDictionary<System.string,PlasticEngine.TFileCacheItem>.SetItem
 0001:00016820       PlasticEngine.TDictionary<System.string,PlasticEngine.TFileCacheItem>.TKeyCollection.Create
 0001:00016804       PlasticEngine.TDictionary<System.string,PlasticEngine.TFileCacheItem>.TKeyCollection.DoGetEnumerator
 0001:000167E8       PlasticEngine.TDictionary<System.string,PlasticEngine.TFileCacheItem>.TKeyCollection.GetCount
 0001:00016870       PlasticEngine.TDictionary<System.string,PlasticEngine.TFileCacheItem>.TKeyCollection.GetEnumerator
 0001:00016900       PlasticEngine.TDictionary<System.string,PlasticEngine.TFileCacheItem>.TKeyEnumerator.Create
 0001:000168C8       PlasticEngine.TDictionary<System.string,PlasticEngine.TFileCacheItem>.TKeyEnumerator.DoGetCurrent
 0001:000168E4       PlasticEngine.TDictionary<System.string,PlasticEngine.TFileCacheItem>.TKeyEnumerator.DoMoveNext
 0001:00016898       PlasticEngine.TDictionary<System.string,PlasticEngine.TFileCacheItem>.TKeyEnumerator.GetCurrent
 0001:00016958       PlasticEngine.TDictionary<System.string,PlasticEngine.TFileCacheItem>.TKeyEnumerator.MoveNext
 0001:00016C28       PlasticEngine.TDictionary<System.string,PlasticEngine.TFileCacheItem>.TPairEnumerator.Create
 0001:00016BF0       PlasticEngine.TDictionary<System.string,PlasticEngine.TFileCacheItem>.TPairEnumerator.DoGetCurrent
 0001:00016C0C       PlasticEngine.TDictionary<System.string,PlasticEngine.TFileCacheItem>.TPairEnumerator.DoMoveNext
 0001:00016BA4       PlasticEngine.TDictionary<System.string,PlasticEngine.TFileCacheItem>.TPairEnumerator.GetCurrent
 0001:00016C80       PlasticEngine.TDictionary<System.string,PlasticEngine.TFileCacheItem>.TPairEnumerator.MoveNext
 0001:00016548       PlasticEngine.TDictionary<System.string,PlasticEngine.TFileCacheItem>.TrimExcess
 0001:00016564       PlasticEngine.TDictionary<System.string,PlasticEngine.TFileCacheItem>.TryGetValue
 0001:00016A1C       PlasticEngine.TDictionary<System.string,PlasticEngine.TFileCacheItem>.TValueCollection.Create
 0001:00016A00       PlasticEngine.TDictionary<System.string,PlasticEngine.TFileCacheItem>.TValueCollection.DoGetEnumerator
 0001:000169E4       PlasticEngine.TDictionary<System.string,PlasticEngine.TFileCacheItem>.TValueCollection.GetCount
 0001:00016A6C       PlasticEngine.TDictionary<System.string,PlasticEngine.TFileCacheItem>.TValueCollection.GetEnumerator
 0001:00016AF8       PlasticEngine.TDictionary<System.string,PlasticEngine.TFileCacheItem>.TValueEnumerator.Create
 0001:00016AC0       PlasticEngine.TDictionary<System.string,PlasticEngine.TFileCacheItem>.TValueEnumerator.DoGetCurrent
 0001:00016ADC       PlasticEngine.TDictionary<System.string,PlasticEngine.TFileCacheItem>.TValueEnumerator.DoMoveNext
 0001:00016A94       PlasticEngine.TDictionary<System.string,PlasticEngine.TFileCacheItem>.TValueEnumerator.GetCurrent
 0001:00016B50       PlasticEngine.TDictionary<System.string,PlasticEngine.TFileCacheItem>.TValueEnumerator.MoveNext
 0001:00015F88       PlasticEngine.TDictionary<System.string,PlasticEngine.TFileCacheItem>.ValueNotify
 0001:000169AC       PlasticEngine.TEnumerable<PlasticEngine.TFileCacheItem>.GetEnumerator
 0001:000167B0       PlasticEngine.TEnumerable<System.string>.GetEnumerator
 0001:000158E0       PlasticEngine.TEnumerable<TPair<System.string,PlasticEngine.TFileCacheItem>>.GetEnumerator
 0001:000169C8       PlasticEngine.TEnumerator<PlasticEngine.TFileCacheItem>.MoveNext
 0001:000167CC       PlasticEngine.TEnumerator<System.string>.MoveNext
 0001:000158FC       PlasticEngine.TEnumerator<TPair<System.string,PlasticEngine.TFileCacheItem>>.MoveNext
 0001:00016ED0       PlasticEngine.TEqualityComparer<PlasticEngine.TFileCacheItem>.Default
 0001:00016EA4       PlasticEngine.TEqualityComparer<System.string>.Default
 0001:00016DEC       PlasticEngine.TObjectDictionary<System.string,PlasticEngine.TFileCacheItem>.Create
 0001:00016D4C       PlasticEngine.TObjectDictionary<System.string,PlasticEngine.TFileCacheItem>.Create
 0001:00016D9C       PlasticEngine.TObjectDictionary<System.string,PlasticEngine.TFileCacheItem>.Create
 0001:00016CD4       PlasticEngine.TObjectDictionary<System.string,PlasticEngine.TFileCacheItem>.KeyNotify
 0001:00016D10       PlasticEngine.TObjectDictionary<System.string,PlasticEngine.TFileCacheItem>.ValueNotify
 0001:000158B4       PlasticEngine.TPair<System.string,PlasticEngine.TFileCacheItem>.Create
 0001:00014C68       PlasticEngine.TPlasticCommThread.Create
 0001:00014F40       PlasticEngine.TPlasticCommThread.Destroy
 0001:00014FE0       PlasticEngine.TPlasticCommThread.ExcuteCommand
 0001:000151C4       PlasticEngine.TPlasticCommThread.Execute
 0001:00014CE4       PlasticEngine.TPlasticCommThread.InternalExcuteCommand
 0001:000153DC       PlasticEngine.TPlasticCommThread.JvCPSReadEvent
 0001:000155D8       PlasticEngine.TPlasticCommThread.StartPlasticShell
 0001:000157B0       PlasticEngine.TPlasticCommThread.Terminate
 0001:0001346C       PlasticEngine.TPlasticEngine.AddFile
 0001:00012398       PlasticEngine.TPlasticEngine.AddFile
 0001:00012434       PlasticEngine.TPlasticEngine.AddFiles
 0001:00013954       PlasticEngine.TPlasticEngine.CheckinFile
 0001:00013D40       PlasticEngine.TPlasticEngine.CheckinFiles
 0001:0001270C       PlasticEngine.TPlasticEngine.CheckoutFile
 0001:000114C8       PlasticEngine.TPlasticEngine.CheckoutFile
 0001:000127A8       PlasticEngine.TPlasticEngine.CheckoutFiles
 0001:00012984       PlasticEngine.TPlasticEngine.ClearStatusCache
 0001:00010840       PlasticEngine.TPlasticEngine.Create
 0001:000108C4       PlasticEngine.TPlasticEngine.DeleteFile
 0001:00010D78       PlasticEngine.TPlasticEngine.DeleteFiles
 0001:00010F54       PlasticEngine.TPlasticEngine.Destroy
 0001:00010FB4       PlasticEngine.TPlasticEngine.Diff
 0001:00011170       PlasticEngine.TPlasticEngine.DiffFile
 0001:0001137C       PlasticEngine.TPlasticEngine.ExcuteCommand
 0001:000122A0       PlasticEngine.TPlasticEngine.FileArchived
 0001:000122DC       PlasticEngine.TPlasticEngine.FilterControlledFiles
 0001:000118E8       PlasticEngine.TPlasticEngine.GetFileInfo
 0001:00013F1C       PlasticEngine.TPlasticEngine.GetIsServerUp
 0001:00013F68       PlasticEngine.TPlasticEngine.GetPlasticExePath
 0001:00014098       PlasticEngine.TPlasticEngine.HandleException
 0001:00014190       PlasticEngine.TPlasticEngine.InternalClearStatusCache
 0001:000141E0       PlasticEngine.TPlasticEngine.InternalExcuteCommand
 0001:00014374       PlasticEngine.TPlasticEngine.InternalGetFileInfo
 0001:000114A4       PlasticEngine.TPlasticEngine.LogMessage
 0001:00012A98       PlasticEngine.TPlasticEngine.RenameFile
 0001:0001440C       PlasticEngine.TPlasticEngine.ShelveFile
 0001:000147AC       PlasticEngine.TPlasticEngine.ShelveFile
 0001:00014848       PlasticEngine.TPlasticEngine.ShelveFiles
 0001:00014A0C       PlasticEngine.TPlasticEngine.ShowVisualClient
 0001:00014AD0       PlasticEngine.TPlasticEngine.StartPlasticShell
 0001:00012E60       PlasticEngine.TPlasticEngine.UndoCheckoutFile
 0001:00013290       PlasticEngine.TPlasticEngine.UndoCheckoutFiles
 0001:00011F40       PlasticEngine.TPlasticEngine.UpdateFile
 0001:00011D74       PlasticEngine.TPlasticEngine.UpdateFiles
 0004:00000050       PlasticExpert..2
 0001:00018EA0       PlasticExpert..TDictionary<ActnList.TAction,System.Integer>
 0001:00018570       PlasticExpert..TDictionary<ActnList.TAction,System.Integer>.TKeyCollection
 0001:000183A4       PlasticExpert..TDictionary<ActnList.TAction,System.Integer>.TKeyEnumerator
 0001:00018CCC       PlasticExpert..TDictionary<ActnList.TAction,System.Integer>.TPairEnumerator
 0001:00018B0C       PlasticExpert..TDictionary<ActnList.TAction,System.Integer>.TValueCollection
 0001:00018938       PlasticExpert..TDictionary<ActnList.TAction,System.Integer>.TValueEnumerator
 0001:000182AC       PlasticExpert..TEnumerable<ActnList.TAction>
 0001:00018844       PlasticExpert..TEnumerable<System.Integer>
 0001:00017DD4       PlasticExpert..TEnumerable<TPair<ActnList.TAction,System.Integer>>
 0001:0001818C       PlasticExpert..TEnumerator<ActnList.TAction>
 0001:0001872C       PlasticExpert..TEnumerator<System.Integer>
 0001:00017C8C       PlasticExpert..TEnumerator<TPair<ActnList.TAction,System.Integer>>
 0001:00019558       PlasticExpert..TObjectDictionary<ActnList.TAction,System.Integer>
 0001:000178A8       PlasticExpert..TPlasticExpert
 0001:0001BB40       PlasticExpert..TPlasticExpert.GeneralUpdate$ActRec
 0001:0001BCAC       PlasticExpert..TPlasticExpert.GeneralUpdate$ActRec.$0$Body$ActRec
 0004:00000054       PlasticExpert.E
 0001:0001CFCC       PlasticExpert.Finalization
 0004:0000004C       PlasticExpert.GPlasticExpert
 0002:00000300       PlasticExpert.PlasticExpert
 0001:0001DA48       PlasticExpert.TDictionary<ActnList.TAction,System.Integer>.Add
 0001:0001DCB4       PlasticExpert.TDictionary<ActnList.TAction,System.Integer>.AddOrSetValue
 0001:0001DB4C       PlasticExpert.TDictionary<ActnList.TAction,System.Integer>.Clear
 0001:0001DD2C       PlasticExpert.TDictionary<ActnList.TAction,System.Integer>.ContainsKey
 0001:0001DD60       PlasticExpert.TDictionary<ActnList.TAction,System.Integer>.ContainsValue
 0001:0001D770       PlasticExpert.TDictionary<ActnList.TAction,System.Integer>.Create
 0001:0001D88C       PlasticExpert.TDictionary<ActnList.TAction,System.Integer>.Create
 0001:0001D940       PlasticExpert.TDictionary<ActnList.TAction,System.Integer>.Create
 0001:0001D724       PlasticExpert.TDictionary<ActnList.TAction,System.Integer>.Create
 0001:0001D7BC       PlasticExpert.TDictionary<ActnList.TAction,System.Integer>.Create
 0001:0001D9F8       PlasticExpert.TDictionary<ActnList.TAction,System.Integer>.Destroy
 0001:0001D484       PlasticExpert.TDictionary<ActnList.TAction,System.Integer>.DoAdd
 0001:0001D6A0       PlasticExpert.TDictionary<ActnList.TAction,System.Integer>.DoGetEnumerator
 0001:0001D54C       PlasticExpert.TDictionary<ActnList.TAction,System.Integer>.DoRemove
 0001:0001D4F4       PlasticExpert.TDictionary<ActnList.TAction,System.Integer>.DoSetValue
 0001:0001DAF4       PlasticExpert.TDictionary<ActnList.TAction,System.Integer>.ExtractPair
 0001:0001D250       PlasticExpert.TDictionary<ActnList.TAction,System.Integer>.GetBucketIndex
 0001:0001DE7C       PlasticExpert.TDictionary<ActnList.TAction,System.Integer>.GetEnumerator
 0001:0001D334       PlasticExpert.TDictionary<ActnList.TAction,System.Integer>.GetItem
 0001:0001DE0C       PlasticExpert.TDictionary<ActnList.TAction,System.Integer>.GetKeys
 0001:0001DE44       PlasticExpert.TDictionary<ActnList.TAction,System.Integer>.GetValues
 0001:0001D218       PlasticExpert.TDictionary<ActnList.TAction,System.Integer>.Grow
 0001:0001D304       PlasticExpert.TDictionary<ActnList.TAction,System.Integer>.Hash
 0001:0001D6BC       PlasticExpert.TDictionary<ActnList.TAction,System.Integer>.KeyNotify
 0001:0001D0F8       PlasticExpert.TDictionary<ActnList.TAction,System.Integer>.Rehash
 0001:0001D424       PlasticExpert.TDictionary<ActnList.TAction,System.Integer>.RehashAdd
 0001:0001DAC8       PlasticExpert.TDictionary<ActnList.TAction,System.Integer>.Remove
 0001:0001D08C       PlasticExpert.TDictionary<ActnList.TAction,System.Integer>.SetCapacity
 0001:0001D394       PlasticExpert.TDictionary<ActnList.TAction,System.Integer>.SetItem
 0001:0001DF10       PlasticExpert.TDictionary<ActnList.TAction,System.Integer>.TKeyCollection.Create
 0001:0001DEF4       PlasticExpert.TDictionary<ActnList.TAction,System.Integer>.TKeyCollection.DoGetEnumerator
 0001:0001DED8       PlasticExpert.TDictionary<ActnList.TAction,System.Integer>.TKeyCollection.GetCount
 0001:0001DF60       PlasticExpert.TDictionary<ActnList.TAction,System.Integer>.TKeyCollection.GetEnumerator
 0001:0001DFEC       PlasticExpert.TDictionary<ActnList.TAction,System.Integer>.TKeyEnumerator.Create
 0001:0001DFB4       PlasticExpert.TDictionary<ActnList.TAction,System.Integer>.TKeyEnumerator.DoGetCurrent
 0001:0001DFD0       PlasticExpert.TDictionary<ActnList.TAction,System.Integer>.TKeyEnumerator.DoMoveNext
 0001:0001DF88       PlasticExpert.TDictionary<ActnList.TAction,System.Integer>.TKeyEnumerator.GetCurrent
 0001:0001E044       PlasticExpert.TDictionary<ActnList.TAction,System.Integer>.TKeyEnumerator.MoveNext
 0001:0001E310       PlasticExpert.TDictionary<ActnList.TAction,System.Integer>.TPairEnumerator.Create
 0001:0001E2D8       PlasticExpert.TDictionary<ActnList.TAction,System.Integer>.TPairEnumerator.DoGetCurrent
 0001:0001E2F4       PlasticExpert.TDictionary<ActnList.TAction,System.Integer>.TPairEnumerator.DoMoveNext
 0001:0001E290       PlasticExpert.TDictionary<ActnList.TAction,System.Integer>.TPairEnumerator.GetCurrent
 0001:0001E368       PlasticExpert.TDictionary<ActnList.TAction,System.Integer>.TPairEnumerator.MoveNext
 0001:0001DC38       PlasticExpert.TDictionary<ActnList.TAction,System.Integer>.TrimExcess
 0001:0001DC54       PlasticExpert.TDictionary<ActnList.TAction,System.Integer>.TryGetValue
 0001:0001E108       PlasticExpert.TDictionary<ActnList.TAction,System.Integer>.TValueCollection.Create
 0001:0001E0EC       PlasticExpert.TDictionary<ActnList.TAction,System.Integer>.TValueCollection.DoGetEnumerator
 0001:0001E0D0       PlasticExpert.TDictionary<ActnList.TAction,System.Integer>.TValueCollection.GetCount
 0001:0001E158       PlasticExpert.TDictionary<ActnList.TAction,System.Integer>.TValueCollection.GetEnumerator
 0001:0001E1E4       PlasticExpert.TDictionary<ActnList.TAction,System.Integer>.TValueEnumerator.Create
 0001:0001E1AC       PlasticExpert.TDictionary<ActnList.TAction,System.Integer>.TValueEnumerator.DoGetCurrent
 0001:0001E1C8       PlasticExpert.TDictionary<ActnList.TAction,System.Integer>.TValueEnumerator.DoMoveNext
 0001:0001E180       PlasticExpert.TDictionary<ActnList.TAction,System.Integer>.TValueEnumerator.GetCurrent
 0001:0001E23C       PlasticExpert.TDictionary<ActnList.TAction,System.Integer>.TValueEnumerator.MoveNext
 0001:0001D6F0       PlasticExpert.TDictionary<ActnList.TAction,System.Integer>.ValueNotify
 0001:0001DEA0       PlasticExpert.TEnumerable<ActnList.TAction>.GetEnumerator
 0001:0001E098       PlasticExpert.TEnumerable<System.Integer>.GetEnumerator
 0001:0001D054       PlasticExpert.TEnumerable<TPair<ActnList.TAction,System.Integer>>.GetEnumerator
 0001:0001DEBC       PlasticExpert.TEnumerator<ActnList.TAction>.MoveNext
 0001:0001E0B4       PlasticExpert.TEnumerator<System.Integer>.MoveNext
 0001:0001D070       PlasticExpert.TEnumerator<TPair<ActnList.TAction,System.Integer>>.MoveNext
 0001:0001E58C       PlasticExpert.TEqualityComparer<ActnList.TAction>.Default
 0001:0001E5B8       PlasticExpert.TEqualityComparer<System.Integer>.Default
 0001:0001E484       PlasticExpert.TObjectDictionary<ActnList.TAction,System.Integer>.Create
 0001:0001E4D4       PlasticExpert.TObjectDictionary<ActnList.TAction,System.Integer>.Create
 0001:0001E434       PlasticExpert.TObjectDictionary<ActnList.TAction,System.Integer>.Create
 0001:0001E3BC       PlasticExpert.TObjectDictionary<ActnList.TAction,System.Integer>.KeyNotify
 0001:0001E3F8       PlasticExpert.TObjectDictionary<ActnList.TAction,System.Integer>.ValueNotify
 0001:0001D02C       PlasticExpert.TPair<ActnList.TAction,System.Integer>.Create
 0001:0001CA6C       PlasticExpert.TPlasticExpert.AddAction
 0001:0001C518       PlasticExpert.TPlasticExpert.AddAllExecute
 0001:0001ABF0       PlasticExpert.TPlasticExpert.AddExecute
 0001:0001CC9C       PlasticExpert.TPlasticExpert.AddMenu
 0001:0001A948       PlasticExpert.TPlasticExpert.CheckinExecute
 0001:0001A838       PlasticExpert.TPlasticExpert.CheckoutExecute
 0001:0001CF64       PlasticExpert.TPlasticExpert.ConsoleExecute
 0001:0001977C       PlasticExpert.TPlasticExpert.Create
 0001:00019860       PlasticExpert.TPlasticExpert.CreateMenu
 0001:0001B824       PlasticExpert.TPlasticExpert.DeleteExecute
 0001:0001A6C8       PlasticExpert.TPlasticExpert.Destroy
 0001:0001AF90       PlasticExpert.TPlasticExpert.DiffExecute
 0001:0001C204       PlasticExpert.TPlasticExpert.GeneralUpdate
 0001:0001C12C       PlasticExpert.TPlasticExpert.GeneralUpdate$ActRec.$0$Body
 0001:0001BDD8       PlasticExpert.TPlasticExpert.GeneralUpdate$ActRec.$0$Body$ActRec.$0$0$Body
 0001:0001B29C       PlasticExpert.TPlasticExpert.GetFileInfo
 0001:0001B3C8       PlasticExpert.TPlasticExpert.GetModuleFile
 0001:0001B480       PlasticExpert.TPlasticExpert.GetModuleFileInfo
 0001:0001CE5C       PlasticExpert.TPlasticExpert.GetSourceEditor
 0001:0001B734       PlasticExpert.TPlasticExpert.HandleException
 0001:0001B628       PlasticExpert.TPlasticExpert.HandleException
 0001:0001B08C       PlasticExpert.TPlasticExpert.ListFiles
 0001:0001B304       PlasticExpert.TPlasticExpert.MenuExecute
 0001:0001B314       PlasticExpert.TPlasticExpert.Modified
 0001:0001BACC       PlasticExpert.TPlasticExpert.PlasticClientExecute
 0001:0001B198       PlasticExpert.TPlasticExpert.ReloadFiles
 0001:0001C578       PlasticExpert.TPlasticExpert.RemoveAction
 0001:0001C5DC       PlasticExpert.TPlasticExpert.RemoveActionFromToolbar
 0001:0001C79C       PlasticExpert.TPlasticExpert.RenameExecute
 0001:0001CCE0       PlasticExpert.TPlasticExpert.ShelveExecute
 0001:0001CDDC       PlasticExpert.TPlasticExpert.StatusExecute
 0001:0001AA50       PlasticExpert.TPlasticExpert.UncheckoutExecute
 0001:0001ADB0       PlasticExpert.TPlasticExpert.UpdateActionImages
 0001:0001AE50       PlasticExpert.TPlasticExpert.UpdateExecute
 0001:0001AF58       PlasticExpert.TPlasticExpert.UpdateMenu
 0004:00000038       PlasticNotify..3
 0001:0000A60C       PlasticNotify..TDictionary<System.string,PlasticNotify.TFileNotifier>
 0001:00009C5C       PlasticNotify..TDictionary<System.string,PlasticNotify.TFileNotifier>.TKeyCollection
 0001:00009A78       PlasticNotify..TDictionary<System.string,PlasticNotify.TFileNotifier>.TKeyEnumerator
 0001:0000A428       PlasticNotify..TDictionary<System.string,PlasticNotify.TFileNotifier>.TPairEnumerator
 0001:0000A254       PlasticNotify..TDictionary<System.string,PlasticNotify.TFileNotifier>.TValueCollection
 0001:0000A070       PlasticNotify..TDictionary<System.string,PlasticNotify.TFileNotifier>.TValueEnumerator
 0001:00009F64       PlasticNotify..TEnumerable<PlasticNotify.TFileNotifier>
 0001:00009988       PlasticNotify..TEnumerable<System.string>
 0001:0000947C       PlasticNotify..TEnumerable<TPair<System.string,PlasticNotify.TFileNotifier>>
 0001:00009E2C       PlasticNotify..TEnumerator<PlasticNotify.TFileNotifier>
 0001:00009870       PlasticNotify..TEnumerator<System.string>
 0001:0000931C       PlasticNotify..TEnumerator<TPair<System.string,PlasticNotify.TFileNotifier>>
 0001:000090FC       PlasticNotify..TFileNotifier
 0001:0000B864       PlasticNotify..TFileNotifier.AfterSave$ActRec
 0001:0000B9F4       PlasticNotify..TFileNotifier.AfterSave$ActRec.$0$Body$ActRec
 0001:0000BB70       PlasticNotify..TFileNotifier.AfterSave$ActRec.$0$Body$ActRec.$0$0$Body$ActRec
 0001:0000BD0C       PlasticNotify..TFileNotifier.AfterSave$ActRec.$0$Body$ActRec.$0$1$Body$ActRec
 0001:00008EF8       PlasticNotify..TIDENotifier
 0001:0000C858       PlasticNotify.Finalization
 0002:000002B8       PlasticNotify.PlasticNotify
 0001:0000D31C       PlasticNotify.TDictionary<System.string,PlasticNotify.TFileNotifier>.Add
 0001:0000D588       PlasticNotify.TDictionary<System.string,PlasticNotify.TFileNotifier>.AddOrSetValue
 0001:0000D420       PlasticNotify.TDictionary<System.string,PlasticNotify.TFileNotifier>.Clear
 0001:0000D600       PlasticNotify.TDictionary<System.string,PlasticNotify.TFileNotifier>.ContainsKey
 0001:0000D634       PlasticNotify.TDictionary<System.string,PlasticNotify.TFileNotifier>.ContainsValue
 0001:0000D0E8       PlasticNotify.TDictionary<System.string,PlasticNotify.TFileNotifier>.Create
 0001:0000D018       PlasticNotify.TDictionary<System.string,PlasticNotify.TFileNotifier>.Create
 0001:0000D1D8       PlasticNotify.TDictionary<System.string,PlasticNotify.TFileNotifier>.Create
 0001:0000CF80       PlasticNotify.TDictionary<System.string,PlasticNotify.TFileNotifier>.Create
 0001:0000CFCC       PlasticNotify.TDictionary<System.string,PlasticNotify.TFileNotifier>.Create
 0001:0000D2CC       PlasticNotify.TDictionary<System.string,PlasticNotify.TFileNotifier>.Destroy
 0001:0000CCDC       PlasticNotify.TDictionary<System.string,PlasticNotify.TFileNotifier>.DoAdd
 0001:0000CEFC       PlasticNotify.TDictionary<System.string,PlasticNotify.TFileNotifier>.DoGetEnumerator
 0001:0000CDA8       PlasticNotify.TDictionary<System.string,PlasticNotify.TFileNotifier>.DoRemove
 0001:0000CD50       PlasticNotify.TDictionary<System.string,PlasticNotify.TFileNotifier>.DoSetValue
 0001:0000D3C8       PlasticNotify.TDictionary<System.string,PlasticNotify.TFileNotifier>.ExtractPair
 0001:0000CAA0       PlasticNotify.TDictionary<System.string,PlasticNotify.TFileNotifier>.GetBucketIndex
 0001:0000D750       PlasticNotify.TDictionary<System.string,PlasticNotify.TFileNotifier>.GetEnumerator
 0001:0000CB84       PlasticNotify.TDictionary<System.string,PlasticNotify.TFileNotifier>.GetItem
 0001:0000D6E0       PlasticNotify.TDictionary<System.string,PlasticNotify.TFileNotifier>.GetKeys
 0001:0000D718       PlasticNotify.TDictionary<System.string,PlasticNotify.TFileNotifier>.GetValues
 0001:0000CA68       PlasticNotify.TDictionary<System.string,PlasticNotify.TFileNotifier>.Grow
 0001:0000CB54       PlasticNotify.TDictionary<System.string,PlasticNotify.TFileNotifier>.Hash
 0001:0000CF18       PlasticNotify.TDictionary<System.string,PlasticNotify.TFileNotifier>.KeyNotify
 0001:0000C948       PlasticNotify.TDictionary<System.string,PlasticNotify.TFileNotifier>.Rehash
 0001:0000CC74       PlasticNotify.TDictionary<System.string,PlasticNotify.TFileNotifier>.RehashAdd
 0001:0000D39C       PlasticNotify.TDictionary<System.string,PlasticNotify.TFileNotifier>.Remove
 0001:0000C8DC       PlasticNotify.TDictionary<System.string,PlasticNotify.TFileNotifier>.SetCapacity
 0001:0000CBE4       PlasticNotify.TDictionary<System.string,PlasticNotify.TFileNotifier>.SetItem
 0001:0000D7E4       PlasticNotify.TDictionary<System.string,PlasticNotify.TFileNotifier>.TKeyCollection.Create
 0001:0000D7C8       PlasticNotify.TDictionary<System.string,PlasticNotify.TFileNotifier>.TKeyCollection.DoGetEnumerator
 0001:0000D7AC       PlasticNotify.TDictionary<System.string,PlasticNotify.TFileNotifier>.TKeyCollection.GetCount
 0001:0000D834       PlasticNotify.TDictionary<System.string,PlasticNotify.TFileNotifier>.TKeyCollection.GetEnumerator
 0001:0000D8C4       PlasticNotify.TDictionary<System.string,PlasticNotify.TFileNotifier>.TKeyEnumerator.Create
 0001:0000D88C       PlasticNotify.TDictionary<System.string,PlasticNotify.TFileNotifier>.TKeyEnumerator.DoGetCurrent
 0001:0000D8A8       PlasticNotify.TDictionary<System.string,PlasticNotify.TFileNotifier>.TKeyEnumerator.DoMoveNext
 0001:0000D85C       PlasticNotify.TDictionary<System.string,PlasticNotify.TFileNotifier>.TKeyEnumerator.GetCurrent
 0001:0000D91C       PlasticNotify.TDictionary<System.string,PlasticNotify.TFileNotifier>.TKeyEnumerator.MoveNext
 0001:0000DBEC       PlasticNotify.TDictionary<System.string,PlasticNotify.TFileNotifier>.TPairEnumerator.Create
 0001:0000DBB4       PlasticNotify.TDictionary<System.string,PlasticNotify.TFileNotifier>.TPairEnumerator.DoGetCurrent
 0001:0000DBD0       PlasticNotify.TDictionary<System.string,PlasticNotify.TFileNotifier>.TPairEnumerator.DoMoveNext
 0001:0000DB68       PlasticNotify.TDictionary<System.string,PlasticNotify.TFileNotifier>.TPairEnumerator.GetCurrent
 0001:0000DC44       PlasticNotify.TDictionary<System.string,PlasticNotify.TFileNotifier>.TPairEnumerator.MoveNext
 0001:0000D50C       PlasticNotify.TDictionary<System.string,PlasticNotify.TFileNotifier>.TrimExcess
 0001:0000D528       PlasticNotify.TDictionary<System.string,PlasticNotify.TFileNotifier>.TryGetValue
 0001:0000D9E0       PlasticNotify.TDictionary<System.string,PlasticNotify.TFileNotifier>.TValueCollection.Create
 0001:0000D9C4       PlasticNotify.TDictionary<System.string,PlasticNotify.TFileNotifier>.TValueCollection.DoGetEnumerator
 0001:0000D9A8       PlasticNotify.TDictionary<System.string,PlasticNotify.TFileNotifier>.TValueCollection.GetCount
 0001:0000DA30       PlasticNotify.TDictionary<System.string,PlasticNotify.TFileNotifier>.TValueCollection.GetEnumerator
 0001:0000DABC       PlasticNotify.TDictionary<System.string,PlasticNotify.TFileNotifier>.TValueEnumerator.Create
 0001:0000DA84       PlasticNotify.TDictionary<System.string,PlasticNotify.TFileNotifier>.TValueEnumerator.DoGetCurrent
 0001:0000DAA0       PlasticNotify.TDictionary<System.string,PlasticNotify.TFileNotifier>.TValueEnumerator.DoMoveNext
 0001:0000DA58       PlasticNotify.TDictionary<System.string,PlasticNotify.TFileNotifier>.TValueEnumerator.GetCurrent
 0001:0000DB14       PlasticNotify.TDictionary<System.string,PlasticNotify.TFileNotifier>.TValueEnumerator.MoveNext
 0001:0000CF4C       PlasticNotify.TDictionary<System.string,PlasticNotify.TFileNotifier>.ValueNotify
 0001:0000D970       PlasticNotify.TEnumerable<PlasticNotify.TFileNotifier>.GetEnumerator
 0001:0000D774       PlasticNotify.TEnumerable<System.string>.GetEnumerator
 0001:0000C8A4       PlasticNotify.TEnumerable<TPair<System.string,PlasticNotify.TFileNotifier>>.GetEnumerator
 0001:0000D98C       PlasticNotify.TEnumerator<PlasticNotify.TFileNotifier>.MoveNext
 0001:0000D790       PlasticNotify.TEnumerator<System.string>.MoveNext
 0001:0000C8C0       PlasticNotify.TEnumerator<TPair<System.string,PlasticNotify.TFileNotifier>>.MoveNext
 0001:0000DCC4       PlasticNotify.TEqualityComparer<PlasticNotify.TFileNotifier>.Default
 0001:0000DC98       PlasticNotify.TEqualityComparer<System.string>.Default
 0001:0000C2CC       PlasticNotify.TFileNotifier.AfterSave
 0001:0000C18C       PlasticNotify.TFileNotifier.AfterSave$ActRec.$0$Body
 0001:0000BE78       PlasticNotify.TFileNotifier.AfterSave$ActRec.$0$Body$ActRec.$0$0$Body
 0001:0000BE50       PlasticNotify.TFileNotifier.AfterSave$ActRec.$0$Body$ActRec.$0$0$Body$ActRec.$0$0$0$Body
 0001:0000C008       PlasticNotify.TFileNotifier.AfterSave$ActRec.$0$Body$ActRec.$0$1$Body
 0001:0000BFE0       PlasticNotify.TFileNotifier.AfterSave$ActRec.$0$Body$ActRec.$0$1$Body$ActRec.$0$1$0$Body
 0001:0000C3E0       PlasticNotify.TFileNotifier.BeforeSave
 0001:0000C46C       PlasticNotify.TFileNotifier.CheckOverwrite
 0001:0000C480       PlasticNotify.TFileNotifier.Create
 0001:0000C530       PlasticNotify.TFileNotifier.Destroyed
 0001:0000C544       PlasticNotify.TFileNotifier.Modified
 0001:0000C760       PlasticNotify.TFileNotifier.ModuleRenamed
 0001:0000C770       PlasticNotify.TFileNotifier.RemoveNotifier
 0001:0000ACD8       PlasticNotify.TIDENotifier.AddFileWatch
 0001:0000B344       PlasticNotify.TIDENotifier.AfterCompile
 0001:0000B354       PlasticNotify.TIDENotifier.AfterConstruction
 0001:0000B3EC       PlasticNotify.TIDENotifier.AfterSave
 0001:0000B3F8       PlasticNotify.TIDENotifier.BeforeCompile
 0001:0000B40C       PlasticNotify.TIDENotifier.BeforeSave
 0001:0000B418       PlasticNotify.TIDENotifier.Destroy
 0001:0000B4A0       PlasticNotify.TIDENotifier.Destroyed
 0001:0000B4FC       PlasticNotify.TIDENotifier.FileNotification
 0001:0000B678       PlasticNotify.TIDENotifier.Modified
 0001:0000B684       PlasticNotify.TIDENotifier.RemoveNotifier
 0001:0000C878       PlasticNotify.TPair<System.string,PlasticNotify.TFileNotifier>.Create
 0004:0000003C       PlasticNotify._IDENotifier
 0004:00000048       PlasticUtils..3
 0001:000170B4       PlasticUtils..LogMessageToIDE$ActRec
 0003:00000104       PlasticUtils.C_BlackListedExt
 0003:000000E8       PlasticUtils.C_WhiteListedExt
 0001:0001784C       PlasticUtils.Finalization
 0001:00017408       PlasticUtils.GetLastStackAsString
 0001:000174FC       PlasticUtils.HandleException
 0001:000176B8       PlasticUtils.IsBlackListedFile
 0001:00017610       PlasticUtils.IsWhiteListedFile
 0001:00017364       PlasticUtils.LogMessageToIDE
 0001:0001721C       PlasticUtils.LogMessageToIDE$ActRec.$0$Body
 0002:000002F8       PlasticUtils.PlasticUtils
 0001:00017760       PlasticUtils.SearchCorrespondingFiles
 0001:00000FE0       PlatformDefaultStyleActnCtrls.Finalization
 0002:00000190       PlatformDefaultStyleActnCtrls.PlatformDefaultStyleActnCtrls
 0001:00000F50       Printers.Finalization
 0002:00000100       Printers.Printers
 0001:00000C18       Registry.Finalization
 0002:00000090       Registry.Registry
 0001:00000C08       Registry.TRegIniFile.Create
 0001:00000C10       Registry.TRegIniFile.ReadString
 0001:00000F38       ShellAPI.ShellExecute
 0001:00000F40       ShellAPI.SHGetFileInfo
 0001:000009E8       StrUtils.IfThen
 0001:00000B80       SyncObjs.Finalization
 0002:00000068       SyncObjs.SyncObjs
 0001:00000B78       SyncObjs.TCriticalSection.Create
 0001:00000B60       SyncObjs.TEvent.Create
 0001:00000B70       SyncObjs.TEvent.ResetEvent
 0001:00000B68       SyncObjs.TEvent.SetEvent
 0001:000003C0       SysInit.@GetTls
 0001:00000430       SysInit.@InitPkg
 0001:00000494       SysInit.@PackageLoad
 0001:000004A0       SysInit.@PackageUnload
 0001:000002E0       SysInit.AllocTlsBuffer
 0001:0000039C       SysInit.ExitProcessTLS
 0001:00000364       SysInit.ExitThreadTLS
 0001:000002A8       SysInit.FreeLibrary
 0001:000002EC       SysInit.GetTlsSize
 0004:00000004       SysInit.HInstance
 0001:00000400       SysInit.InitializeModule
 0001:00000338       SysInit.InitProcessTLS
 0001:000002F4       SysInit.InitThreadTLS
 0001:000002B0       SysInit.LocalAlloc
 0001:000002B8       SysInit.LocalFree
 0003:00000008       SysInit.Module
 0004:00000000       SysInit.ModuleIsLib
 0004:00000001       SysInit.ModuleIsPackage
 0003:00000004       SysInit.PtrToNil
 0001:000002C0       SysInit.TlsAlloc
 0004:00000008       SysInit.tlsBuffer
 0001:000002C8       SysInit.TlsFree
 0001:000002D0       SysInit.TlsGetValue
 0003:00000000       SysInit.TlsIndex
 0005:00000008       SysInit.TlsLast
 0003:00000024       SysInit.TlsProc
 0001:000002D8       SysInit.TlsSetValue
 0001:0000040C       SysInit.UninitializeModule
 0001:00000020       System.@AbstractError
 0001:000000C0       System.@AfterConstruction
 0001:00000078       System.@AsClass
 0001:00000128       System.@Assert
 0001:000000C8       System.@BeforeDestruction
 0001:000000B0       System.@ClassCreate
 0001:000000B8       System.@ClassDestroy
 0001:00000208       System.@CopyRecord
 0001:00000100       System.@DoneExcept
 0001:00000230       System.@DynArrayAsg
 0001:00000228       System.@DynArrayClear
 0001:00000218       System.@DynArrayHigh
 0001:00000210       System.@DynArrayLength
 0001:00000220       System.@DynArraySetLength
 0001:00000028       System.@FillChar
 0001:00000200       System.@FinalizeArray
 0001:000001F8       System.@FinalizeRecord
 0001:00000008       System.@FreeMem
 0001:00000000       System.@GetMem
 0001:000000E0       System.@HandleAnyException
 0001:000000F0       System.@HandleFinally
 0001:000000E8       System.@HandleOnException
 0001:000001F0       System.@InitializeRecord
 0001:00000260       System.@IntfAddRef
 0001:00000258       System.@IntfCast
 0001:00000248       System.@IntfClear
 0001:00000250       System.@IntfCopy
 0001:00000070       System.@IsClass
 0001:00000150       System.@LStrCat3
 0001:00000130       System.@LStrClr
 0001:00000138       System.@LStrFromPCharLen
 0001:000001A8       System.@LStrFromUStr
 0001:00000148       System.@LStrLen
 0001:00000160       System.@LStrSetLength
 0001:00000158       System.@LStrToPChar
 0001:00000110       System.@PackageLoad
 0001:00000118       System.@PackageUnload
 0001:000000F8       System.@RaiseExcept
 0001:00000010       System.@ReallocMem
 0001:00000120       System.@RunError
 0001:00000108       System.@TryFinallyExit
 0001:00000168       System.@UStrAddRef
 0001:00000178       System.@UStrArrayClr
 0001:00000180       System.@UStrAsg
 0001:000001B8       System.@UStrCat
 0001:000001C0       System.@UStrCat3
 0001:000001C8       System.@UStrCatN
 0001:00000170       System.@UStrClr
 0001:000001D8       System.@UStrCopy
 0001:000001E0       System.@UStrDelete
 0001:000001D0       System.@UStrEqual
 0001:000001A0       System.@UStrFromLStr
 0001:00000198       System.@UStrFromWChar
 0001:00000188       System.@UStrLAsg
 0001:000001B0       System.@UStrLen
 0001:00000190       System.@UStrToPWChar
 0001:000002A0       System.Finalization
 0001:00000298       System.LoadResString
 0001:00000018       System.Move
 0001:000001E8       System.Pos
 0001:00000238       System.RegisterModule
 0001:00000140       System.StringRefCount
 0002:00000000       System.System
 0001:00000268       System.TInterfacedObject.AfterConstruction
 0001:00000270       System.TInterfacedObject.BeforeDestruction
 0001:00000278       System.TInterfacedObject.NewInstance
 0001:00000280       System.TInterfacedObject.QueryInterface
 0001:00000288       System.TInterfacedObject._AddRef
 0001:00000290       System.TInterfacedObject._Release
 0001:000000D0       System.TMonitor.Enter
 0001:000000D8       System.TMonitor.Exit
 0001:00000098       System.TObject.AfterConstruction
 0001:000000A0       System.TObject.BeforeDestruction
 0001:00000030       System.TObject.ClassName
 0001:00000048       System.TObject.Create
 0001:00000090       System.TObject.DefaultHandler
 0001:00000050       System.TObject.Destroy
 0001:000000A8       System.TObject.Dispatch
 0001:00000060       System.TObject.Equals
 0001:00000058       System.TObject.Free
 0001:00000040       System.TObject.FreeInstance
 0001:00000068       System.TObject.GetHashCode
 0001:00000038       System.TObject.NewInstance
 0001:00000080       System.TObject.SafeCallException
[...]
   242 0001:00010E00   234 0001:00010E1B   244 0001:00010E34   246 0001:00010E51
   247 0001:00010E57   249 0001:00010E81   250 0001:00010EA9   253 0001:00010F54
   254 0001:00010F65   256 0001:00010F70   257 0001:00010F7B   258 0001:00010F86
   260 0001:00010F91   261 0001:00010F9F   265 0001:00010FB4   266 0001:00010FD9
   267 0001:00010FEA   268 0001:00010FF8   269 0001:0001101E   268 0001:0001103C
   270 0001:00011055   272 0001:00011072   273 0001:00011078   275 0001:000110A2
   276 0001:000110CA   282 0001:00011170   283 0001:00011198   284 0001:0001119C
   285 0001:000111AA   287 0001:000111C7   288 0001:000111CC   293 0001:000111DA
   296 0001:0001120C   300 0001:0001121D   303 0001:0001122D   304 0001:00011233
   306 0001:00011252   309 0001:0001128A   311 0001:0001129D   315 0001:0001137C
   316 0001:0001138B   317 0001:000113A8   318 0001:000113BB   322 0001:000114A4
   323 0001:000114B3   324 0001:000114C2   329 0001:000114C8   330 0001:00011501
   332 0001:00011509   333 0001:0001150D   334 0001:0001151B   336 0001:00011538
   337 0001:0001153D   344 0001:0001154B   347 0001:0001157D   349 0001:0001159C
   350 0001:000115B8   353 0001:000115BC   354 0001:000115C2   356 0001:000115E1
   359 0001:0001163B   363 0001:00011666   365 0001:00011679   372 0001:000118E8
   373 0001:0001190D   374 0001:00011912   375 0001:00011920   376 0001:00011925
   378 0001:00011933   379 0001:00011950   382 0001:00011960   385 0001:0001199C
   386 0001:000119AB   387 0001:000119B9   388 0001:000119C5   391 0001:000119D7
   394 0001:000119F4   397 0001:00011A2E   398 0001:00011A3D   400 0001:00011A4B
   401 0001:00011A6A   407 0001:00011A77   409 0001:00011A88   410 0001:00011A8F
   413 0001:00011AA7   415 0001:00011AB0   416 0001:00011AC1   417 0001:00011ACA
   418 0001:00011ADB   419 0001:00011AE4   420 0001:00011AF5   422 0001:00011AFE
   424 0001:00011B05   425 0001:00011B11   429 0001:00011B2A   433 0001:00011B55
   435 0001:00011B68   439 0001:00011D74   440 0001:00011D9D   441 0001:00011DAE
   442 0001:00011DBC   443 0001:00011DE2   442 0001:00011E03   444 0001:00011E1C
   446 0001:00011E39   447 0001:00011E3F   449 0001:00011E69   450 0001:00011E91
   456 0001:00011F40   457 0001:00011F74   459 0001:00011F7C   460 0001:00011F80
   461 0001:00011F8E   463 0001:00011FAB   464 0001:00011FB0   470 0001:00011FBE
   472 0001:00011FC4   476 0001:00011FF6   479 0001:00011FFA   480 0001:00012000
   482 0001:00012022   486 0001:00012041   489 0001:00012073   492 0001:00012077
   493 0001:0001207D   495 0001:0001209C   499 0001:000120C6   503 0001:000120F1
   505 0001:00012104   511 0001:000122A0   514 0001:000122AC   515 0001:000122BA
   520 0001:000122D5   527 0001:000122DC   528 0001:000122FF   530 0001:00012315
   532 0001:0001231A   533 0001:0001232A   534 0001:00012338   537 0001:00012354
   539 0001:00012363   540 0001:00012366   541 0001:00012375   547 0001:00012398
   548 0001:000123BD   549 0001:000123CC   550 0001:000123DA   551 0001:000123E5
   553 0001:00012400   555 0001:00012410   559 0001:00012434   560 0001:00012459
   561 0001:00012473   562 0001:00012484   563 0001:00012492   564 0001:000124B8
   563 0001:000124D6   565 0001:000124EF   567 0001:0001250C   568 0001:00012512
   570 0001:0001253C   571 0001:00012564   577 0001:0001270C   578 0001:00012731
   579 0001:00012740   580 0001:0001274E   581 0001:00012759   583 0001:00012774
   585 0001:00012784   589 0001:000127A8   590 0001:000127CD   591 0001:000127DE
   592 0001:000127EC   593 0001:00012812   592 0001:00012830   594 0001:00012849
   596 0001:00012866   597 0001:0001286C   599 0001:00012896   600 0001:000128BE
   603 0001:00012984   604 0001:0001298B   605 0001:000129A8   606 0001:000129B2
   611 0001:00012A98   612 0001:00012AD9   613 0001:00012ADD   614 0001:00012AEB
   616 0001:00012B08   617 0001:00012B0D   618 0001:00012B1B   621 0001:00012B55
   623 0001:00012B74   626 0001:00012B78   627 0001:00012B7E   629 0001:00012B9D
   632 0001:00012BF7   636 0001:00012C22   638 0001:00012C35   643 0001:00012E60
   644 0001:00012E99   646 0001:00012EA1   647 0001:00012EA5   648 0001:00012EB3
   650 0001:00012ED0   651 0001:00012ED5   658 0001:00012EE3   661 0001:00012F15
   663 0001:00012F34   664 0001:00012F50   667 0001:00012F54   668 0001:00012F5A
   670 0001:00012F79   673 0001:00012FD3   677 0001:00012FFE   679 0001:00013011
   683 0001:00013290   684 0001:000132B5   685 0001:000132C6   686 0001:000132D4
   687 0001:000132FA   686 0001:00013318   688 0001:00013331   690 0001:0001334E
   691 0001:00013354   693 0001:0001337E   694 0001:000133A6   701 0001:0001346C
   702 0001:000134A8   704 0001:000134B0   705 0001:000134B4   706 0001:000134C2
   708 0001:000134DF   709 0001:000134E4   718 0001:000134F2   719 0001:000134FD
   720 0001:0001350B   721 0001:00013519   723 0001:0001351F   725 0001:00013551
   726 0001:0001355A   727 0001:00013567   728 0001:00013570   731 0001:00013588
   734 0001:00013598   737 0001:000135CA   739 0001:000135E9   740 0001:00013605
   743 0001:00013609   744 0001:0001360F   746 0001:0001362E   749 0001:00013688
   753 0001:000136B3   755 0001:000136C6   760 0001:00013954   761 0001:0001398D
   763 0001:00013995   764 0001:00013999   765 0001:000139A7   767 0001:000139C4
   768 0001:000139C9   778 0001:000139D7   781 0001:00013A09   783 0001:00013A28
   784 0001:00013A44   787 0001:00013A48   788 0001:00013A4E   790 0001:00013A6D
   793 0001:00013AC7   797 0001:00013AF2   799 0001:00013B05   803 0001:00013D40
   804 0001:00013D65   805 0001:00013D76   806 0001:00013D84   807 0001:00013DAA
   806 0001:00013DC8   808 0001:00013DE1   810 0001:00013DFE   811 0001:00013E04
   813 0001:00013E2E   814 0001:00013E56   817 0001:00013F1C   818 0001:00013F25
   821 0001:00013F57   822 0001:00013F60   828 0001:00013F68   829 0001:00013F74
   830 0001:00013F91   835 0001:00014098   836 0001:000140BD   837 0001:000140C3
   839 0001:0001410F   841 0001:0001411B   842 0001:0001412E   845 0001:00014190
   847 0001:00014197   848 0001:000141A2   849 0001:000141B0   851 0001:000141C8
   853 0001:000141DB   857 0001:000141E0   858 0001:000141F2   859 0001:000141F6
   860 0001:00014204   862 0001:00014221   864 0001:00014250   866 0001:00014253
   868 0001:00014260   869 0001:0001426A   870 0001:00014275   872 0001:0001427D
   875 0001:0001428A   879 0001:00014374   880 0001:00014380   881 0001:00014385
   882 0001:00014390   883 0001:0001439E   884 0001:000143AF   886 0001:000143B5
   887 0001:000143C4   888 0001:000143D2   891 0001:000143F0   893 0001:00014403
   898 0001:0001440C   899 0001:00014442   900 0001:00014446   901 0001:00014454
   903 0001:00014471   904 0001:00014476   905 0001:00014484   908 0001:000144B6
   910 0001:000144D5   913 0001:000144D9   914 0001:000144DF   916 0001:000144FE
   919 0001:00014558   923 0001:00014583   925 0001:00014596   931 0001:000147AC
   932 0001:000147D1   933 0001:000147E0   934 0001:000147EE   935 0001:000147F9
   937 0001:00014814   939 0001:00014824   943 0001:00014848   944 0001:0001486D
   945 0001:0001487E   946 0001:0001488C   947 0001:000148B2   946 0001:000148D0
   948 0001:000148E9   950 0001:00014906   951 0001:0001490C   953 0001:00014936
   954 0001:0001495E   959 0001:00014A0C   960 0001:00014A26   961 0001:00014A41
   962 0001:00014A68   967 0001:00014AD0   968 0001:00014AF2   969 0001:00014AFF
   971 0001:00014B1A   972 0001:00014B2A   974 0001:00014B36   975 0001:00014B5F
   978 0001:00014B61   980 0001:00014B6F   981 0001:00014B84   986 0001:00014C68
   987 0001:00014C83   988 0001:00014C91   989 0001:00014CA5   990 0001:00014CB9
   991 0001:00014CC5   999 0001:00014CE4  1000 0001:00014D13  1001 0001:00014D30
  1002 0001:00014D34  1003 0001:00014D3B  1004 0001:00014D42  1007 0001:00014D54
  1013 0001:00014D74  1014 0001:00014D80  1011 0001:00014D87  1021 0001:00014D90
  1023 0001:00014DAF  1024 0001:00014DC0  1026 0001:00014DD0  1027 0001:00014E04
  1028 0001:00014E0C  1029 0001:00014E40  1031 0001:00014E42  1021 0001:00014E45
  1033 0001:00014E4E  1034 0001:00014E59  1037 0001:00014F40  1038 0001:00014F51
  1039 0001:00014F5F  1040 0001:00014F6A  1041 0001:00014F75  1042 0001:00014F80
  1043 0001:00014F8E  1047 0001:00014FE0  1048 0001:00014FEF  1049 0001:00014FF7
  1050 0001:00015005  1052 0001:00015022  1053 0001:00015026  1054 0001:0001502D
  1055 0001:0001503B  1056 0001:00015043  1057 0001:0001504E  1058 0001:00015059
  1060 0001:00015067  1063 0001:0001507B  1064 0001:00015086  1067 0001:00015091
  1070 0001:000150A3  1071 0001:000150AB  1074 0001:000150CD  1076 0001:000150DD
  1079 0001:000151C4  1080 0001:000151D0  1081 0001:000151DE  1082 0001:000151EA
  1083 0001:000151F8  1085 0001:00015200  1088 0001:00015213  1089 0001:00015221
  1091 0001:00015235  1092 0001:00015240  1095 0001:00015253  1098 0001:0001526D
  1099 0001:00015278  1102 0001:000152A0  1086 0001:000152B0  1106 0001:000152BD
  1107 0001:000152CB  1108 0001:000152D8  1112 0001:000153DC  1113 0001:000153EE
  1115 0001:000153FC  1116 0001:00015419  1118 0001:00015422  1119 0001:0001543F
  1121 0001:0001544D  1124 0001:0001545D  1129 0001:0001547F  1131 0001:0001548F
  1134 0001:000155D8  1135 0001:000155FD  1136 0001:00015611  1137 0001:00015625
  1138 0001:00015635  1140 0001:00015642  1141 0001:0001564F  1142 0001:0001565C
  1144 0001:00015669  1145 0001:0001567D  1146 0001:0001568C  1147 0001:0001569A
  1149 0001:000156C0  1150 0001:000156C3  1155 0001:00015720  1158 0001:000157B0
  1159 0001:000157B7  1160 0001:000157C5  1161 0001:000157CD  1162 0001:000157D8
  1168 0001:00015824  1169 0001:0001584F  1171 0001:00015874  1287 0001:00015884

Line numbers for PlasticEngine(PlasticEngine.pas) segment .itext

  1164 0002:000002D8  1165 0002:000002E4  1167 0002:000002F5

Line numbers for PlasticUtils(PlasticUtils.pas) segment .text

    64 0001:0001721C    65 0001:00017237    67 0001:0001724C    68 0001:0001726A
    70 0001:00017291    71 0001:000172A2    72 0001:000172BB    74 0001:000172EA
    60 0001:00017364    62 0001:000173D2    75 0001:000173E3    81 0001:00017408
    82 0001:00017414    83 0001:00017422    84 0001:0001742A    85 0001:00017439
    86 0001:00017447    89 0001:0001745A    90 0001:00017462    93 0001:00017477
    94 0001:0001748A    96 0001:000174A2    97 0001:000174AA   100 0001:000174C9
   102 0001:000174DB   107 0001:000174FC   108 0001:0001751E   109 0001:00017524
   111 0001:00017570   114 0001:0001757C   115 0001:0001758A   121 0001:00017610
   122 0001:00017632   123 0001:00017636   125 0001:0001764C   127 0001:0001766A
   129 0001:00017677   130 0001:0001767B   132 0001:0001767D   125 0001:00017680
   136 0001:00017686   142 0001:000176B8   143 0001:000176DA   148 0001:000176DE
   150 0001:000176F4   152 0001:00017712   154 0001:0001771F   155 0001:00017723
   157 0001:00017725   150 0001:00017728   161 0001:0001772E   167 0001:00017760
   168 0001:00017785   169 0001:00017790   172 0001:000177AB   174 0001:000177B6
   176 0001:000177D4   177 0001:000177ED   180 0001:00017808   181 0001:00017813
   174 0001:00017816   182 0001:0001781C

Line numbers for PlasticUtils(PlasticUtils.pas) segment .itext

   184 0002:000002F8

Line numbers for PlasticExpert(PlasticExpert.pas) segment .text

   113 0001:0001977C   114 0001:00019794   115 0001:000197A0   117 0001:000197AA
   118 0001:000197BC   119 0001:000197C9   121 0001:000197D4   122 0001:000197EE
   123 0001:000197F6   130 0001:00019860   131 0001:0001987C   132 0001:00019888
   135 0001:0001989D   136 0001:000198B9   137 0001:000198C9   139 0001:000198D6
   143 0001:00019910   144 0001:00019928   145 0001:0001992E   147 0001:00019937
   148 0001:00019942   151 0001:0001995B   154 0001:0001998E   156 0001:0001999C
   159 0001:000199CF   160 0001:000199DD   162 0001:000199EA   166 0001:000199F5
   168 0001:00019A29   171 0001:00019A37   173 0001:00019A6B   176 0001:00019A79
   178 0001:00019AAD   180 0001:00019ABB   184 0001:00019AC6   187 0001:00019AF4
   190 0001:00019B02   192 0001:00019B36   195 0001:00019B44   198 0001:00019B78
   200 0001:00019B86   204 0001:00019B91   207 0001:00019BBF   210 0001:00019BCD
   213 0001:00019C01   216 0001:00019C0F   219 0001:00019C43   222 0001:00019C51
   224 0001:00019C7F   225 0001:00019C8D   228 0001:00019C98   230 0001:00019CCC
   232 0001:00019CDA   234 0001:00019D08   236 0001:00019D16   237 0001:00019D1E
   243 0001:0001A6C8   244 0001:0001A6EF   245 0001:0001A6FD   249 0001:0001A712
   250 0001:0001A728   268 0001:0001A733   269 0001:0001A761   268 0001:0001A76C
   269 0001:0001A785   270 0001:0001A7A2   272 0001:0001A7AD   274 0001:0001A7B8
   276 0001:0001A7E1   278 0001:0001A7F4   283 0001:0001A838   284 0001:0001A844
   285 0001:0001A853   286 0001:0001A861   288 0001:0001A871   289 0001:0001A87C
   290 0001:0001A88D   292 0001:0001A8A2   294 0001:0001A8B7   296 0001:0001A8C7
   301 0001:0001A948   302 0001:0001A954   303 0001:0001A963   304 0001:0001A971
   306 0001:0001A981   307 0001:0001A98C   308 0001:0001A99D   310 0001:0001A9BF
   313 0001:0001A9CF   314 0001:0001A9D7   319 0001:0001AA50   320 0001:0001AA5C
   322 0001:0001AA7A   324 0001:0001AA8A   325 0001:0001AA99   326 0001:0001AAA7
   327 0001:0001AAB2   328 0001:0001AAC3   330 0001:0001AAE5   333 0001:0001AAF5
   335 0001:0001AAFD   341 0001:0001ABF0   342 0001:0001AC12   343 0001:0001AC21
   345 0001:0001AC2F   346 0001:0001AC44   347 0001:0001AC55   348 0001:0001AC77
   350 0001:0001AC8E   353 0001:0001AC9E   354 0001:0001ACA9   355 0001:0001ACBA
   357 0001:0001ACCF   359 0001:0001ACE4   361 0001:0001ACF4   366 0001:0001ADB0
   368 0001:0001ADB9   370 0001:0001ADE7   371 0001:0001ADF0   373 0001:0001AE0A
   368 0001:0001AE15   374 0001:0001AE2E   375 0001:0001AE4B   380 0001:0001AE50
   381 0001:0001AE5C   382 0001:0001AE6B   383 0001:0001AE79   385 0001:0001AE89
   386 0001:0001AE94   387 0001:0001AEA7   388 0001:0001AEBC   390 0001:0001AED1
   392 0001:0001AEE1   395 0001:0001AF58   396 0001:0001AF64   398 0001:0001AF6A
   399 0001:0001AF77   401 0001:0001AF82   402 0001:0001AF8C   407 0001:0001AF90
   408 0001:0001AF9C   409 0001:0001AFAB   410 0001:0001AFB9   412 0001:0001AFC9
   413 0001:0001AFD4   414 0001:0001AFE5   415 0001:0001AFFA   417 0001:0001B00F
   419 0001:0001B01F   426 0001:0001B08C   427 0001:0001B0B0   428 0001:0001B0B8
   429 0001:0001B0CD   431 0001:0001B0DE   433 0001:0001B101   434 0001:0001B125
   435 0001:0001B130   431 0001:0001B133   437 0001:0001B138   445 0001:0001B198
   446 0001:0001B1B5   448 0001:0001B1C0   451 0001:0001B1FE   453 0001:0001B20F
   454 0001:0001B225   457 0001:0001B230   461 0001:0001B29C   462 0001:0001B2C1
   463 0001:0001B2D3   464 0001:0001B2DD   467 0001:0001B304   469 0001:0001B310
   474 0001:0001B314   475 0001:0001B330   477 0001:0001B334   478 0001:0001B349
   479 0001:0001B35A   480 0001:0001B37B   485 0001:0001B3C8   486 0001:0001B3E6
   488 0001:0001B3F0   492 0001:0001B405   495 0001:0001B426   497 0001:0001B43C
   500 0001:0001B480   501 0001:0001B4AB   502 0001:0001B4AF   504 0001:0001B4B9
   509 0001:0001B4CE   512 0001:0001B518   514 0001:0001B534   515 0001:0001B53E
   518 0001:0001B565   520 0001:0001B581   521 0001:0001B58B   526 0001:0001B5B0
   531 0001:0001B628   532 0001:0001B64D   534 0001:0001B653   535 0001:0001B665
   538 0001:0001B67F   540 0001:0001B6BE   543 0001:0001B6CA   548 0001:0001B734
   549 0001:0001B759   550 0001:0001B75F   552 0001:0001B7AB   553 0001:0001B7B7
   555 0001:0001B7C5   563 0001:0001B824   564 0001:0001B848   565 0001:0001B857
   566 0001:0001B865   568 0001:0001B875   569 0001:0001B880   570 0001:0001B891
   573 0001:0001B8A6   574 0001:0001B8BB   577 0001:0001B8F1   580 0001:0001B906
   583 0001:0001B93A   584 0001:0001B960   583 0001:0001B976   584 0001:0001B98F
   585 0001:0001B9AC   588 0001:0001B9C4   590 0001:0001B9D4   599 0001:0001BACC
   600 0001:0001BAD8   601 0001:0001BAE2   654 0001:0001BDD8   655 0001:0001BDF4
   656 0001:0001BE00   658 0001:0001BE39   659 0001:0001BE4F   663 0001:0001BE62
   664 0001:0001BE75   666 0001:0001BE88   667 0001:0001BEBB   668 0001:0001BEEF
   669 0001:0001BF0D   671 0001:0001BF42   672 0001:0001BF79   673 0001:0001BFAB
   674 0001:0001BFDD   675 0001:0001C00F   676 0001:0001C044   678 0001:0001C079
   680 0001:0001C087   682 0001:0001C095   641 0001:0001C12C   642 0001:0001C187
   644 0001:0001C195   647 0001:0001C1BB   652 0001:0001C1D1   684 0001:0001C1E2
   608 0001:0001C204   609 0001:0001C253   610 0001:0001C261   611 0001:0001C269
   614 0001:0001C285   616 0001:0001C29F   617 0001:0001C2B3   618 0001:0001C2C1
   619 0001:0001C2CF   620 0001:0001C2E2   621 0001:0001C313   622 0001:0001C326
   620 0001:0001C330   622 0001:0001C349   624 0001:0001C366   625 0001:0001C376
   629 0001:0001C386   630 0001:0001C3C8   631 0001:0001C3D5   634 0001:0001C3E4
   635 0001:0001C426   636 0001:0001C430   639 0001:0001C43F   687 0001:0001C470
   689 0001:0001C486   700 0001:0001C518   701 0001:0001C524   736 0001:0001C539
   742 0001:0001C578   743 0001:0001C587   745 0001:0001C598   746 0001:0001C5A6
   748 0001:0001C5B3   749 0001:0001C5C5   751 0001:0001C5CD   743 0001:0001C5D0
   752 0001:0001C5D6   757 0001:0001C5DC   758 0001:0001C5FB   759 0001:0001C605
   761 0001:0001C61A   762 0001:0001C634   763 0001:0001C64E   764 0001:0001C668
   765 0001:0001C682   766 0001:0001C69C   773 0001:0001C79C   774 0001:0001C7C1
   775 0001:0001C7D0   776 0001:0001C7DE   778 0001:0001C7E9   779 0001:0001C7F3
   780 0001:0001C7FD   782 0001:0001C826   784 0001:0001C82C   785 0001:0001C837
   786 0001:0001C84F   788 0001:0001C880   791 0001:0001C88F   792 0001:0001C89A
   794 0001:0001C8BB   797 0001:0001C8CB   798 0001:0001C8EA   780 0001:0001C8F5
   799 0001:0001C912   802 0001:0001C92F   804 0001:0001C935   805 0001:0001C942
   806 0001:0001C94D   807 0001:0001C96E   808 0001:0001C98D   811 0001:0001C9A5
   814 0001:0001C9B5   821 0001:0001CA6C   822 0001:0001CAB9   824 0001:0001CACE
   827 0001:0001CAE7   828 0001:0001CAF9   829 0001:0001CB06   830 0001:0001CB11
   831 0001:0001CB1C   832 0001:0001CB27   834 0001:0001CB3B   835 0001:0001CB4A
   836 0001:0001CB58   837 0001:0001CB66   838 0001:0001CB77   840 0001:0001CBB0
   841 0001:0001CBB3   844 0001:0001CBDB   847 0001:0001CBEB   848 0001:0001CBF9
   851 0001:0001CC08   852 0001:0001CC1F   855 0001:0001CC9C   856 0001:0001CCA8
   857 0001:0001CCBD   858 0001:0001CCC8   859 0001:0001CCD6   892 0001:0001CCE0
   893 0001:0001CCEC   894 0001:0001CCFB   895 0001:0001CD09   897 0001:0001CD19
   898 0001:0001CD24   899 0001:0001CD35   901 0001:0001CD57   903 0001:0001CD67
   906 0001:0001CDDC   907 0001:0001CDE8   908 0001:0001CDF2   911 0001:0001CE02
   912 0001:0001CE0D   913 0001:0001CE1A   914 0001:0001CE24   938 0001:0001CE5C
   939 0001:0001CE7D   940 0001:0001CE85   942 0001:0001CEA4   945 0001:0001CEAB
   946 0001:0001CEE1   943 0001:0001CEE4   949 0001:0001CF04   974 0001:0001CF64
   975 0001:0001CF70   976 0001:0001CF85   986 0001:0001CFCC   987 0001:0001CFE9
   989 0001:0001D00E   991 0001:0001D01E   993 0001:0001D025

Line numbers for PlasticExpert(PlasticExpert.pas) segment .itext

   978 0002:00000300   979 0002:0000030F   980 0002:0000031D   982 0002:00000349
   985 0002:0000035D

Line numbers for Unit2(Unit2.pas) segment .itext

    24 0002:00000364

Line numbers for Unit3(test\Unit3.pas) segment .itext

    24 0002:0000036C

Line numbers for Unit5(test\Unit5.pas) segment .itext

    24 0002:00000374

Line numbers for .PlasticPluginD2010(PlasticPluginD2010.dpk) segment .itext

    52 0002:0000037C

Bound resource files

Unit2.dfm
Unit3.dfm
Unit5.dfm
PlasticPluginD2010.res
Images.res
PlasticPluginD2010.drf


Program entry point at 0002:0000037C
