
 Start         Length     Name                   Class
 0001:00401000 00022620H .text                   CODE
 0002:00424000 0000037CH .itext                  ICODE
 0003:00425000 00000174H .data                   DATA
 0004:00426000 00000064H .bss                    BSS
 0005:00000000 00000000H .tls                    TLS


Detailed map of segments

 0001:00000000 000002AE C=CODE     S=.text    G=(none)   M=System   ACBP=A9
 0001:000002B0 00000203 C=CODE     S=.text    G=(none)   M=SysInit  ACBP=A9
 0001:000004B4 00000006 C=CODE     S=.text    G=(none)   M=Generics.Defaults ACBP=A9
 0001:000004BC 00000006 C=CODE     S=.text    G=(none)   M=TypInfo  ACBP=A9
 0001:000004C4 00000126 C=CODE     S=.text    G=(none)   M=SysUtils ACBP=A9
 0001:000005EC 00000411 C=CODE     S=.text    G=(none)   M=Windows  ACBP=A9
 0001:00000A00 00000006 C=CODE     S=.text    G=(none)   M=Math     ACBP=A9
 0001:00000A08 0000000E C=CODE     S=.text    G=(none)   M=StrUtils ACBP=A9
 0001:00000A18 00000006 C=CODE     S=.text    G=(none)   M=Variants ACBP=A9
 0001:00000A20 00000006 C=CODE     S=.text    G=(none)   M=VarUtils ACBP=A9
 0001:00000A28 00000006 C=CODE     S=.text    G=(none)   M=Generics.Collections ACBP=A9
 0001:00000A30 0000016E C=CODE     S=.text    G=(none)   M=Classes  ACBP=A9
 0001:00000BA0 00000026 C=CODE     S=.text    G=(none)   M=SyncObjs ACBP=A9
 0001:00000BC8 00000006 C=CODE     S=.text    G=(none)   M=TimeSpan ACBP=A9
 0001:00000BD0 00000016 C=CODE     S=.text    G=(none)   M=ComCtrls ACBP=A9
 0001:00000BE8 00000046 C=CODE     S=.text    G=(none)   M=ActnList ACBP=A9
 0001:00000C30 00000016 C=CODE     S=.text    G=(none)   M=Graphics ACBP=A9
 0001:00000C48 0000003E C=CODE     S=.text    G=(none)   M=Registry ACBP=A9
 0001:00000C88 00000006 C=CODE     S=.text    G=(none)   M=IniFiles ACBP=A9
 0001:00000C90 0000000E C=CODE     S=.text    G=(none)   M=IOUtils  ACBP=A9
 0001:00000CA0 00000006 C=CODE     S=.text    G=(none)   M=DateUtils ACBP=A9
 0001:00000CA8 00000006 C=CODE     S=.text    G=(none)   M=Themes   ACBP=A9
 0001:00000CB0 00000106 C=CODE     S=.text    G=(none)   M=Controls ACBP=A9
 0001:00000DB8 0000005E C=CODE     S=.text    G=(none)   M=Menus    ACBP=A9
 0001:00000E18 00000006 C=CODE     S=.text    G=(none)   M=UxTheme  ACBP=A9
 0001:00000E20 00000006 C=CODE     S=.text    G=(none)   M=MultiMon ACBP=A9
 0001:00000E28 0000015E C=CODE     S=.text    G=(none)   M=Forms    ACBP=A9
 0001:00000F88 00000006 C=CODE     S=.text    G=(none)   M=HelpIntfs ACBP=A9
 0001:00000F90 00000016 C=CODE     S=.text    G=(none)   M=Dialogs  ACBP=A9
 0001:00000FA8 00000006 C=CODE     S=.text    G=(none)   M=GraphUtil ACBP=A9
 0001:00000FB0 0000000E C=CODE     S=.text    G=(none)   M=ShellAPI ACBP=A9
 0001:00000FC0 00000006 C=CODE     S=.text    G=(none)   M=ExtCtrls ACBP=A9
 0001:00000FC8 00000006 C=CODE     S=.text    G=(none)   M=Printers ACBP=A9
 0001:00000FD0 00000006 C=CODE     S=.text    G=(none)   M=Clipbrd  ACBP=A9
 0001:00000FD8 00000006 C=CODE     S=.text    G=(none)   M=FlatSB   ACBP=A9
 0001:00000FE0 00000006 C=CODE     S=.text    G=(none)   M=ToolsAPI ACBP=A9
 0001:00000FE8 00000006 C=CODE     S=.text    G=(none)   M=XMLIntf  ACBP=A9
 0001:00000FF0 00000006 C=CODE     S=.text    G=(none)   M=xmldom   ACBP=A9
 0001:00000FF8 00000006 C=CODE     S=.text    G=(none)   M=msxmldom ACBP=A9
 0001:00001000 00000006 C=CODE     S=.text    G=(none)   M=ComObj   ACBP=A9
 0001:00001008 00000006 C=CODE     S=.text    G=(none)   M=DockForm ACBP=A9
 0001:00001010 00000006 C=CODE     S=.text    G=(none)   M=IDEMessages ACBP=A9
 0001:00001018 00000006 C=CODE     S=.text    G=(none)   M=DeskForm ACBP=A9
 0001:00001020 00000006 C=CODE     S=.text    G=(none)   M=BaseDock ACBP=A9
 0001:00001028 00000006 C=CODE     S=.text    G=(none)   M=PercentageDockTree ACBP=A9
 0001:00001030 00000006 C=CODE     S=.text    G=(none)   M=CaptionedDockTree ACBP=A9
 0001:00001038 00000006 C=CODE     S=.text    G=(none)   M=DockTabSet ACBP=A9
 0001:00001040 00000006 C=CODE     S=.text    G=(none)   M=Tabs     ACBP=A9
 0001:00001048 00000006 C=CODE     S=.text    G=(none)   M=DeskUtil ACBP=A9
 0001:00001050 00000006 C=CODE     S=.text    G=(none)   M=TabDock  ACBP=A9
 0001:00001058 00000006 C=CODE     S=.text    G=(none)   M=PlatformDefaultStyleActnCtrls ACBP=A9
 0001:00001060 00000006 C=CODE     S=.text    G=(none)   M=Buttons  ACBP=A9
 0001:00001068 00000006 C=CODE     S=.text    G=(none)   M=ActnMan  ACBP=A9
 0001:00001070 00000006 C=CODE     S=.text    G=(none)   M=ActnMenus ACBP=A9
 0001:00001078 00000006 C=CODE     S=.text    G=(none)   M=ExtActns ACBP=A9
 0001:00001080 00000006 C=CODE     S=.text    G=(none)   M=ExtDlgs  ACBP=A9
 0001:00001088 00000006 C=CODE     S=.text    G=(none)   M=Mapi     ACBP=A9
 0001:00001090 00000007 C=CODE     S=.text    G=(none)   M=JvConsts ACBP=A9
 0001:00001098 00003BDB C=CODE     S=.text    G=(none)   M=JvCreateProcess ACBP=A9
 0001:00004C74 00001483 C=CODE     S=.text    G=(none)   M=DbugIntf ACBP=A9
 0001:000060F8 0000091F C=CODE     S=.text    G=(none)   M=fDebugConsole ACBP=A9
 0001:00006A18 00002E5F C=CODE     S=.text    G=(none)   M=PlasticAsync ACBP=A9
 0001:00009878 00005D69 C=CODE     S=.text    G=(none)   M=PlasticNotify ACBP=A9
 0001:0000F5E4 00009CC1 C=CODE     S=.text    G=(none)   M=PlasticEngine ACBP=A9
 0001:000192A8 00000026 C=CODE     S=.text    G=(none)   M=JclDebug ACBP=A9
 0001:000192D0 00000006 C=CODE     S=.text    G=(none)   M=JclBase  ACBP=A9
 0001:000192D8 00000006 C=CODE     S=.text    G=(none)   M=JclResources ACBP=A9
 0001:000192E0 00000006 C=CODE     S=.text    G=(none)   M=JclStrings ACBP=A9
 0001:000192E8 00000006 C=CODE     S=.text    G=(none)   M=JclUnicode ACBP=A9
 0001:000192F0 00000006 C=CODE     S=.text    G=(none)   M=JclSysInfo ACBP=A9
 0001:000192F8 00000006 C=CODE     S=.text    G=(none)   M=JclAnsiStrings ACBP=A9
 0001:00019300 00000006 C=CODE     S=.text    G=(none)   M=AnsiStrings ACBP=A9
 0001:00019308 00000006 C=CODE     S=.text    G=(none)   M=JclSysUtils ACBP=A9
 0001:00019310 00000006 C=CODE     S=.text    G=(none)   M=JclFileUtils ACBP=A9
 0001:00019318 00000006 C=CODE     S=.text    G=(none)   M=JclRegistry ACBP=A9
 0001:00019320 00000006 C=CODE     S=.text    G=(none)   M=JclShell ACBP=A9
 0001:00019328 00000006 C=CODE     S=.text    G=(none)   M=JclCharsets ACBP=A9
 0001:00019330 00000006 C=CODE     S=.text    G=(none)   M=JclHookExcept ACBP=A9
 0001:00019338 00000B63 C=CODE     S=.text    G=(none)   M=PlasticUtils ACBP=A9
 0001:00019E9C 00007FF9 C=CODE     S=.text    G=(none)   M=PlasticExpert ACBP=A9
 0001:00021E98 00000007 C=CODE     S=.text    G=(none)   M=Unit1    ACBP=A9
 0001:00021EA0 0000077F C=CODE     S=.text    G=(none)   M=.PlasticPluginD2010 ACBP=A9
 0002:00000000 00000006 C=ICODE    S=.itext   G=(none)   M=System   ACBP=A9
 0002:00000008 00000006 C=ICODE    S=.itext   G=(none)   M=TypInfo  ACBP=A9
 0002:00000010 0000001E C=ICODE    S=.itext   G=(none)   M=SysUtils ACBP=A9
 0002:00000030 00000016 C=ICODE    S=.itext   G=(none)   M=Windows  ACBP=A9
 0002:00000048 00000006 C=ICODE    S=.itext   G=(none)   M=Variants ACBP=A9
 0002:00000050 00000006 C=ICODE    S=.itext   G=(none)   M=VarUtils ACBP=A9
 0002:00000058 0000000E C=ICODE    S=.itext   G=(none)   M=Classes  ACBP=A9
 0002:00000068 00000006 C=ICODE    S=.itext   G=(none)   M=SyncObjs ACBP=A9
 0002:00000070 00000006 C=ICODE    S=.itext   G=(none)   M=TimeSpan ACBP=A9
 0002:00000078 00000006 C=ICODE    S=.itext   G=(none)   M=ComCtrls ACBP=A9
 0002:00000080 00000006 C=ICODE    S=.itext   G=(none)   M=ActnList ACBP=A9
 0002:00000088 00000006 C=ICODE    S=.itext   G=(none)   M=Graphics ACBP=A9
 0002:00000090 00000006 C=ICODE    S=.itext   G=(none)   M=Registry ACBP=A9
 0002:00000098 00000006 C=ICODE    S=.itext   G=(none)   M=IniFiles ACBP=A9
 0002:000000A0 0000000E C=ICODE    S=.itext   G=(none)   M=IOUtils  ACBP=A9
 0002:000000B0 00000006 C=ICODE    S=.itext   G=(none)   M=Themes   ACBP=A9
 0002:000000B8 00000006 C=ICODE    S=.itext   G=(none)   M=Controls ACBP=A9
 0002:000000C0 00000006 C=ICODE    S=.itext   G=(none)   M=Menus    ACBP=A9
 0002:000000C8 00000006 C=ICODE    S=.itext   G=(none)   M=UxTheme  ACBP=A9
 0002:000000D0 00000006 C=ICODE    S=.itext   G=(none)   M=MultiMon ACBP=A9
 0002:000000D8 00000006 C=ICODE    S=.itext   G=(none)   M=Forms    ACBP=A9
 0002:000000E0 00000006 C=ICODE    S=.itext   G=(none)   M=HelpIntfs ACBP=A9
 0002:000000E8 00000006 C=ICODE    S=.itext   G=(none)   M=Dialogs  ACBP=A9
 0002:000000F0 00000006 C=ICODE    S=.itext   G=(none)   M=GraphUtil ACBP=A9
 0002:000000F8 00000006 C=ICODE    S=.itext   G=(none)   M=ExtCtrls ACBP=A9
 0002:00000100 00000006 C=ICODE    S=.itext   G=(none)   M=Printers ACBP=A9
 0002:00000108 00000006 C=ICODE    S=.itext   G=(none)   M=Clipbrd  ACBP=A9
 0002:00000110 00000006 C=ICODE    S=.itext   G=(none)   M=FlatSB   ACBP=A9
 0002:00000118 00000006 C=ICODE    S=.itext   G=(none)   M=ToolsAPI ACBP=A9
 0002:00000120 00000006 C=ICODE    S=.itext   G=(none)   M=XMLIntf  ACBP=A9
 0002:00000128 00000006 C=ICODE    S=.itext   G=(none)   M=xmldom   ACBP=A9
 0002:00000130 00000006 C=ICODE    S=.itext   G=(none)   M=msxmldom ACBP=A9
 0002:00000138 00000006 C=ICODE    S=.itext   G=(none)   M=ComObj   ACBP=A9
 0002:00000140 00000006 C=ICODE    S=.itext   G=(none)   M=DockForm ACBP=A9
 0002:00000148 00000006 C=ICODE    S=.itext   G=(none)   M=IDEMessages ACBP=A9
 0002:00000150 00000006 C=ICODE    S=.itext   G=(none)   M=DeskForm ACBP=A9
 0002:00000158 00000006 C=ICODE    S=.itext   G=(none)   M=BaseDock ACBP=A9
 0002:00000160 00000006 C=ICODE    S=.itext   G=(none)   M=PercentageDockTree ACBP=A9
 0002:00000168 00000006 C=ICODE    S=.itext   G=(none)   M=CaptionedDockTree ACBP=A9
 0002:00000170 00000006 C=ICODE    S=.itext   G=(none)   M=DockTabSet ACBP=A9
 0002:00000178 00000006 C=ICODE    S=.itext   G=(none)   M=Tabs     ACBP=A9
 0002:00000180 00000006 C=ICODE    S=.itext   G=(none)   M=DeskUtil ACBP=A9
 0002:00000188 00000006 C=ICODE    S=.itext   G=(none)   M=TabDock  ACBP=A9
 0002:00000190 00000006 C=ICODE    S=.itext   G=(none)   M=PlatformDefaultStyleActnCtrls ACBP=A9
 0002:00000198 00000006 C=ICODE    S=.itext   G=(none)   M=Buttons  ACBP=A9
 0002:000001A0 00000006 C=ICODE    S=.itext   G=(none)   M=ActnMan  ACBP=A9
 0002:000001A8 00000006 C=ICODE    S=.itext   G=(none)   M=ActnMenus ACBP=A9
 0002:000001B0 00000006 C=ICODE    S=.itext   G=(none)   M=ExtActns ACBP=A9
 0002:000001B8 00000006 C=ICODE    S=.itext   G=(none)   M=ExtDlgs  ACBP=A9
 0002:000001C0 00000006 C=ICODE    S=.itext   G=(none)   M=Mapi     ACBP=A9
 0002:000001C8 00000008 C=ICODE    S=.itext   G=(none)   M=JvConsts ACBP=A9
 0002:000001D0 00000008 C=ICODE    S=.itext   G=(none)   M=JvCreateProcess ACBP=A9
 0002:000001D8 0000000C C=ICODE    S=.itext   G=(none)   M=DbugIntf ACBP=A9
 0002:000001E4 00000008 C=ICODE    S=.itext   G=(none)   M=fDebugConsole ACBP=A9
 0002:000001EC 00000064 C=ICODE    S=.itext   G=(none)   M=PlasticAsync ACBP=A9
 0002:00000250 0000001F C=ICODE    S=.itext   G=(none)   M=PlasticNotify ACBP=A9
 0002:00000270 0000001F C=ICODE    S=.itext   G=(none)   M=PlasticEngine ACBP=A9
 0002:00000290 00000006 C=ICODE    S=.itext   G=(none)   M=JclDebug ACBP=A9
 0002:00000298 00000006 C=ICODE    S=.itext   G=(none)   M=JclBase  ACBP=A9
 0002:000002A0 00000006 C=ICODE    S=.itext   G=(none)   M=JclResources ACBP=A9
 0002:000002A8 00000006 C=ICODE    S=.itext   G=(none)   M=JclStrings ACBP=A9
 0002:000002B0 00000006 C=ICODE    S=.itext   G=(none)   M=JclUnicode ACBP=A9
 0002:000002B8 00000006 C=ICODE    S=.itext   G=(none)   M=JclSysInfo ACBP=A9
 0002:000002C0 00000006 C=ICODE    S=.itext   G=(none)   M=JclAnsiStrings ACBP=A9
 0002:000002C8 00000006 C=ICODE    S=.itext   G=(none)   M=AnsiStrings ACBP=A9
 0002:000002D0 00000006 C=ICODE    S=.itext   G=(none)   M=JclSysUtils ACBP=A9
 0002:000002D8 00000006 C=ICODE    S=.itext   G=(none)   M=JclFileUtils ACBP=A9
 0002:000002E0 00000006 C=ICODE    S=.itext   G=(none)   M=JclRegistry ACBP=A9
 0002:000002E8 00000006 C=ICODE    S=.itext   G=(none)   M=JclShell ACBP=A9
 0002:000002F0 00000006 C=ICODE    S=.itext   G=(none)   M=JclCharsets ACBP=A9
 0002:000002F8 00000006 C=ICODE    S=.itext   G=(none)   M=JclHookExcept ACBP=A9
 0002:00000300 00000008 C=ICODE    S=.itext   G=(none)   M=PlasticUtils ACBP=A9
 0002:00000308 00000062 C=ICODE    S=.itext   G=(none)   M=PlasticExpert ACBP=A9
 0002:0000036C 00000008 C=ICODE    S=.itext   G=(none)   M=Unit1    ACBP=A9
 0002:00000374 00000005 C=ICODE    S=.itext   G=(none)   M=.PlasticPluginD2010 ACBP=A9
 0003:00000000 00000034 C=DATA     S=.data    G=DGROUP   M=SysInit  ACBP=A9
 0003:00000034 0000000C C=DATA     S=.data    G=DGROUP   M=Windows  ACBP=A9
 0003:00000040 00000044 C=DATA     S=.data    G=DGROUP   M=JvConsts ACBP=A9
 0003:00000084 00000048 C=DATA     S=.data    G=DGROUP   M=JvCreateProcess ACBP=A9
 0003:000000CC 00000005 C=DATA     S=.data    G=DGROUP   M=DbugIntf ACBP=A9
 0003:000000D4 00000018 C=DATA     S=.data    G=DGROUP   M=PlasticEngine ACBP=A9
 0003:000000EC 00000058 C=DATA     S=.data    G=DGROUP   M=PlasticUtils ACBP=A9
 0004:00000000 0000000C C=BSS      S=.bss     G=DGROUP   M=SysInit  ACBP=A9
 0004:0000000C 00000008 C=BSS      S=.bss     G=DGROUP   M=Windows  ACBP=A9
 0004:00000014 00000004 C=BSS      S=.bss     G=DGROUP   M=JvConsts ACBP=A9
 0004:00000018 00000009 C=BSS      S=.bss     G=DGROUP   M=JvCreateProcess ACBP=A9
 0004:00000024 00000008 C=BSS      S=.bss     G=DGROUP   M=DbugIntf ACBP=A9
 0004:0000002C 00000008 C=BSS      S=.bss     G=DGROUP   M=fDebugConsole ACBP=A9
 0004:00000034 0000000C C=BSS      S=.bss     G=DGROUP   M=PlasticAsync ACBP=A9
 0004:00000040 00000008 C=BSS      S=.bss     G=DGROUP   M=PlasticNotify ACBP=A9
 0004:00000048 00000008 C=BSS      S=.bss     G=DGROUP   M=PlasticEngine ACBP=A9
 0004:00000050 00000004 C=BSS      S=.bss     G=DGROUP   M=PlasticUtils ACBP=A9
 0004:00000054 0000000C C=BSS      S=.bss     G=DGROUP   M=PlasticExpert ACBP=A9
 0004:00000060 00000004 C=BSS      S=.bss     G=DGROUP   M=Unit1    ACBP=A9
 0005:00000000 00000008 C=TLS      S=.tls     G=(none)   M=DbugIntf ACBP=A9


  Address             Publics by Name

 0002:00000374       .PlasticPluginD2010..PlasticPluginD2010
 0001:00022600       .PlasticPluginD2010.@GetPackageInfoTable
 0001:00022608       .PlasticPluginD2010.@PackageLoad
 0001:00022614       .PlasticPluginD2010.@PackageUnload
 0002:00000080       ActnList.ActnList
 0001:00000C28       ActnList.Finalization
 0001:00000C20       ActnList.TAction.Create
 0001:00000BF0       ActnList.TContainedAction.SetActionList
 0001:00000BE8       ActnList.TContainedAction.SetCategory
 0001:00000BF8       ActnList.TCustomAction.SetCaption
 0001:00000C00       ActnList.TCustomAction.SetEnabled
 0001:00000C08       ActnList.TCustomAction.SetHint
 0001:00000C10       ActnList.TCustomAction.SetImageIndex
 0001:00000C18       ActnList.TCustomAction.SetVisible
 0002:000001A0       ActnMan.ActnMan
 0001:00001068       ActnMan.Finalization
 0002:000001A8       ActnMenus.ActnMenus
 0001:00001070       ActnMenus.Finalization
 0002:000002C8       AnsiStrings.AnsiStrings
 0001:00019300       AnsiStrings.Finalization
 0002:00000158       BaseDock.BaseDock
 0001:00001020       BaseDock.Finalization
 0002:00000198       Buttons.Buttons
 0001:00001060       Buttons.Finalization
 0002:00000168       CaptionedDockTree.CaptionedDockTree
 0001:00001030       CaptionedDockTree.Finalization
 0001:00000B88       Classes.AllocateHWnd
 0002:00000060       Classes.Classes
 0001:00000B90       Classes.DeallocateHWnd
 0001:00000B98       Classes.Finalization
 0001:00000B28       Classes.TComponent.BeforeDestruction
 0001:00000B18       Classes.TComponent.Create
 0001:00000B38       Classes.TComponent.DefineProperties
 0001:00000B20       Classes.TComponent.Destroy
 0001:00000B40       Classes.TComponent.Loaded
 0001:00000B30       Classes.TComponent.Notification
 0001:00000B80       Classes.TComponent.QueryInterface
 0001:00000B48       Classes.TComponent.ReadState
 0001:00000B70       Classes.TComponent.SafeCallException
 0001:00000B60       Classes.TComponent.SetName
 0001:00000B68       Classes.TComponent.UpdateAction
 0001:00000B78       Classes.TComponent.UpdateRegistry
 0001:00000B58       Classes.TComponent.ValidateRename
 0001:00000B50       Classes.TComponent.WriteState
 0001:00000A40       Classes.TList.Assign
 0001:00000A30       Classes.TList.Delete
 0001:00000A38       Classes.TList.Get
 0001:00000A70       Classes.TPersistent.Assign
 0001:00000A78       Classes.TPersistent.AssignTo
 0001:00000A80       Classes.TPersistent.DefineProperties
 0001:00000A68       Classes.TPersistent.Destroy
 0001:00000AB0       Classes.TStringList.Create
 0001:00000A98       Classes.TStrings.BeginUpdate
 0001:00000AA0       Classes.TStrings.EndUpdate
 0001:00000AA8       Classes.TStrings.GetEnumerator
 0001:00000A88       Classes.TStringsEnumerator.GetCurrent
 0001:00000A90       Classes.TStringsEnumerator.MoveNext
 0001:00000AD0       Classes.TThread.AfterConstruction
 0001:00000AB8       Classes.TThread.Create
 0002:00000058       Classes.TThread.Create@
 0001:00000AC0       Classes.TThread.Destroy
 0001:00000AC8       Classes.TThread.Destroy@
 0001:00000AD8       Classes.TThread.DoTerminate
 0001:00000B10       Classes.TThread.NameThreadForDebugging
 0001:00000AE8       Classes.TThread.Queue
 0001:00000AE0       Classes.TThread.SetPriority
 0001:00000AF8       Classes.TThread.Start
 0001:00000AF0       Classes.TThread.Synchronize
 0001:00000B00       Classes.TThread.Terminate
 0001:00000B08       Classes.TThread.WaitFor
 0001:00000A50       Classes.TThreadList.Add
 0001:00000A48       Classes.TThreadList.Create
 0001:00000A58       Classes.TThreadList.LockList
 0001:00000A60       Classes.TThreadList.UnlockList
 0002:00000108       Clipbrd.Clipbrd
 0001:00000FD0       Clipbrd.Finalization
 0002:00000078       ComCtrls.ComCtrls
 0001:00000BE0       ComCtrls.Finalization
 0001:00000BD0       ComCtrls.TToolBar.GetButton
 0001:00000BD8       ComCtrls.TToolBar.GetButtonCount
 0002:00000138       ComObj.ComObj
 0001:00001000       ComObj.Finalization
 0002:000000B8       Controls.Controls
 0001:00000DB0       Controls.Finalization
 0001:00000CF8       Controls.TControl.CreateTouchManager
 0001:00000CC0       Controls.TControl.GetAction
 0001:00000CB0       Controls.TControl.GetDragImages
 0001:00000CB8       Controls.TControl.GetEnabled
 0001:00000D00       Controls.TControl.GetFloatingDockSiteClass
 0001:00000D08       Controls.TControl.InitiateAction
 0001:00000CF0       Controls.TControl.Perform
 0001:00000CD0       Controls.TControl.SetAutoSize
 0001:00000CE8       Controls.TControl.SetBiDiMode
 0001:00000CC8       Controls.TControl.SetDragMode
 0001:00000CE0       Controls.TControl.SetEnabled
 0001:00000CD8       Controls.TControl.SetName
 0001:00000D88       Controls.TWinControl.AssignTo
 0001:00000D90       Controls.TWinControl.CanAutoSize
 0001:00000D78       Controls.TWinControl.CanResize
 0001:00000D80       Controls.TWinControl.ConstrainedResize
 0001:00000D18       Controls.TWinControl.CreateHandle
 0001:00000D20       Controls.TWinControl.CustomAlignInsertBefore
 0001:00000D28       Controls.TWinControl.CustomAlignPosition
 0001:00000D10       Controls.TWinControl.DestroyWnd
 0001:00000DA0       Controls.TWinControl.DockReplaceDockClient
 0001:00000D70       Controls.TWinControl.GetClientOrigin
 0001:00000D68       Controls.TWinControl.GetControlExtents
 0001:00000D48       Controls.TWinControl.GetDeviceContext
 0001:00000D50       Controls.TWinControl.Invalidate
 0001:00000D60       Controls.TWinControl.Repaint
 0001:00000D38       Controls.TWinControl.SetBounds
 0001:00000D98       Controls.TWinControl.SetParentBackground
 0001:00000D30       Controls.TWinControl.SetParentDoubleBuffered
 0001:00000D40       Controls.TWinControl.ShowControl
 0001:00000D58       Controls.TWinControl.Update
 0001:00000DA8       Controls.TWinControl.UpdateControlOriginalParentSize
 0001:00000CA0       DateUtils.MilliSecondsBetween
 0004:00000024       DbugIntf..2
 0001:00004CF4       DbugIntf..TGDebugSendThread
 0001:00004ED8       DbugIntf..TThreadListHelper
 0002:000001D8       DbugIntf.DbugIntf
 0001:00004FCC       DbugIntf.DebugSendThread
 0001:000060AC       DbugIntf.Finalization
 0005:00000000       DbugIntf.MsgPrefix
 0003:000000CC       DbugIntf.PastFailedAttemptToStartDebugWin
 0001:00005A0C       DbugIntf.SendBoolean
 0001:00005B70       DbugIntf.SendDateTime
 0001:00005500       DbugIntf.SendDebug
 0001:000052F4       DbugIntf.SendDebugEx
 0001:00005520       DbugIntf.SendDebugFmt
 0001:00005588       DbugIntf.SendDebugFmtEx
 0001:000056D4       DbugIntf.SendDebugFmtEx_End
 0001:000055F0       DbugIntf.SendDebugFmtEx_Start
 0001:00005C60       DbugIntf.SendDebugPause
 0001:00005C68       DbugIntf.SendDebugResume
 0001:00005AD8       DbugIntf.SendInteger
 0001:000058C8       DbugIntf.SendMethodEnter
 0001:00005974       DbugIntf.SendMethodExit
 0003:000000D0       DbugIntf.SendPaused
 0001:00004FFC       DbugIntf.StartDebugWin
 0001:00005C70       DbugIntf.TGDebugSendThread.AfterConstruction
 0001:00005CB8       DbugIntf.TGDebugSendThread.Destroy
 0001:00005D08       DbugIntf.TGDebugSendThread.Execute
 0001:00005E14       DbugIntf.TGDebugSendThread.SendAllData
 0001:00005FD4       DbugIntf.TGDebugSendThread.SendData
 0001:0000605C       DbugIntf.TThreadListHelper.Count
 0004:00000028       DbugIntf._DebugSendThread
 0005:00000004       DbugIntf._IndentTime
 0002:00000150       DeskForm.DeskForm
 0001:00001018       DeskForm.Finalization
 0002:00000180       DeskUtil.DeskUtil
 0001:00001048       DeskUtil.Finalization
 0002:000000E8       Dialogs.Dialogs
 0001:00000FA0       Dialogs.Finalization
 0001:00000F98       Dialogs.InputQuery
 0001:00000F90       Dialogs.MessageDlg
 0002:00000140       DockForm.DockForm
 0001:00001008       DockForm.Finalization
 0002:00000170       DockTabSet.DockTabSet
 0001:00001038       DockTabSet.Finalization
 0002:000001B0       ExtActns.ExtActns
 0001:00001078       ExtActns.Finalization
 0002:000000F8       ExtCtrls.ExtCtrls
 0001:00000FC0       ExtCtrls.Finalization
 0002:000001B8       ExtDlgs.ExtDlgs
 0001:00001080       ExtDlgs.Finalization
 0004:0000002C       fDebugConsole..2
 0001:000060F8       fDebugConsole..TfrmDebugConsole
 0001:0000656C       fDebugConsole..TfrmDebugConsole.FormCreate$ActRec
 0001:000066A0       fDebugConsole..TfrmDebugConsole.FormCreate$ActRec.$0$Body$ActRec
 0001:000064A4       fDebugConsole.DebugConsole
 0002:000001E4       fDebugConsole.fDebugConsole
 0001:00006A10       fDebugConsole.Finalization
 0004:00000030       fDebugConsole.frmDebugConsole
 0001:000064D8       fDebugConsole.TfrmDebugConsole.btnClearClick
 0001:000064FC       fDebugConsole.TfrmDebugConsole.btnCloseClick
 0001:00006954       fDebugConsole.TfrmDebugConsole.FormCreate
 0001:000068A4       fDebugConsole.TfrmDebugConsole.FormCreate$ActRec.$0$Body
 0001:000067E4       fDebugConsole.TfrmDebugConsole.FormCreate$ActRec.$0$Body$ActRec.$0$0$Body
 0001:000069EC       fDebugConsole.TfrmDebugConsole.FormDestroy
 0001:00000FD8       FlatSB.Finalization
 0002:00000110       FlatSB.FlatSB
 0001:00000F80       Forms.Finalization
 0002:000000D8       Forms.Forms
 0001:00000F78       Forms.TApplication.GetExeName
 0001:00000F70       Forms.TApplication.ProcessMessages
 0001:00000E58       Forms.TCustomForm.AfterConstruction
 0001:00000EE0       Forms.TCustomForm.AlignControls
 0001:00000E68       Forms.TCustomForm.BeforeDestruction
 0001:00000F30       Forms.TCustomForm.CloseQuery
 0001:00000E50       Forms.TCustomForm.Create
 0001:00000E60       Forms.TCustomForm.CreateNew
 0001:00000EE8       Forms.TCustomForm.CreateParams
 0001:00000EF8       Forms.TCustomForm.CreateWindowHandle
 0001:00000EF0       Forms.TCustomForm.CreateWnd
 0001:00000F10       Forms.TCustomForm.DefaultHandler
 0001:00000EA0       Forms.TCustomForm.DefineProperties
 0001:00000E70       Forms.TCustomForm.Destroy
 0001:00000F00       Forms.TCustomForm.DestroyHandle
 0001:00000F08       Forms.TCustomForm.DestroyWindowHandle
 0001:00000E78       Forms.TCustomForm.DoCreate
 0001:00000E80       Forms.TCustomForm.DoDestroy
 0001:00000EA8       Forms.TCustomForm.GetClientRect
 0001:00000EB0       Forms.TCustomForm.GetFloating
 0001:00000F38       Forms.TCustomForm.Hide
 0001:00000E88       Forms.TCustomForm.Loaded
 0001:00000E90       Forms.TCustomForm.Notification
 0001:00000F20       Forms.TCustomForm.PaintWindow
 0001:00000F68       Forms.TCustomForm.QueryInterface
 0001:00000E98       Forms.TCustomForm.ReadState
 0001:00000F60       Forms.TCustomForm.RequestAlign
 0001:00000F28       Forms.TCustomForm.Resizing
 0001:00000F48       Forms.TCustomForm.SetFocus
 0001:00000F18       Forms.TCustomForm.SetFocusedControl
 0001:00000EC8       Forms.TCustomForm.SetParent
 0001:00000EB8       Forms.TCustomForm.SetParentBiDiMode
 0001:00000F40       Forms.TCustomForm.Show
 0001:00000F50       Forms.TCustomForm.ShowModal
 0001:00000F58       Forms.TCustomForm.UpdateActions
 0001:00000ED0       Forms.TCustomForm.ValidateRename
 0001:00000EC0       Forms.TCustomForm.WantChildKey
 0001:00000ED8       Forms.TCustomForm.WndProc
 0001:00000E48       Forms.TScrollingWinControl.AdjustClientRect
 0001:00000E28       Forms.TScrollingWinControl.AutoScrollEnabled
 0001:00000E40       Forms.TScrollingWinControl.AutoScrollInView
 0001:00000E30       Forms.TScrollingWinControl.DoGesture
 0001:00000E38       Forms.TScrollingWinControl.DoGetGestureOptions
 0001:00000A28       Generics.Collections.InCircularRange
 0001:000004B4       Generics.Defaults._LookupVtableInfo
 0001:00000C40       Graphics.Finalization
 0002:00000088       Graphics.Graphics
 0001:00000C30       Graphics.TBitmap.Create
 0001:00000C38       Graphics.TBitmap.LoadFromResourceName
 0001:00000FA8       GraphUtil.Finalization
 0002:000000F0       GraphUtil.GraphUtil
 0001:00000F88       HelpIntfs.Finalization
 0002:000000E0       HelpIntfs.HelpIntfs
 0001:00001010       IDEMessages.Finalization
 0002:00000148       IDEMessages.IDEMessages
 0001:00000C88       IniFiles.Finalization
 0002:00000098       IniFiles.IniFiles
 0001:00000C98       IOUtils.Finalization
 0002:000000A8       IOUtils.IOUtils
 0002:000000A0       IOUtils.TPath.Create@
 0001:00000C90       IOUtils.TPath.Destroy@
 0001:000192F8       JclAnsiStrings.Finalization
 0002:000002C0       JclAnsiStrings.JclAnsiStrings
 0001:000192D0       JclBase.Finalization
 0002:00000298       JclBase.JclBase
 0001:00019328       JclCharsets.Finalization
 0002:000002F0       JclCharsets.JclCharsets
 0001:000192C8       JclDebug.Finalization
 0002:00000290       JclDebug.JclDebug
 0001:000192A8       JclDebug.JclLastExceptStackList
 0001:000192C0       JclDebug.TJclStackInfoList.AddToStrings
 0001:000192B0       JclDebug.TJclStackInfoList.Create
 0001:000192B8       JclDebug.TJclStackInfoList.GetCount
 0001:00019310       JclFileUtils.Finalization
 0002:000002D8       JclFileUtils.JclFileUtils
 0001:00019330       JclHookExcept.Finalization
 0002:000002F8       JclHookExcept.JclHookExcept
 0001:00019318       JclRegistry.Finalization
 0002:000002E0       JclRegistry.JclRegistry
 0001:000192D8       JclResources.Finalization
 0002:000002A0       JclResources.JclResources
 0001:00019320       JclShell.Finalization
 0002:000002E8       JclShell.JclShell
 0001:000192E0       JclStrings.Finalization
 0002:000002A8       JclStrings.JclStrings
 0001:000192F0       JclSysInfo.Finalization
 0002:000002B8       JclSysInfo.JclSysInfo
 0001:00019308       JclSysUtils.Finalization
 0002:000002D0       JclSysUtils.JclSysUtils
 0001:000192E8       JclUnicode.Finalization
 0002:000002B0       JclUnicode.JclUnicode
 0004:00000014       JvConsts..1
 0003:00000068       JvConsts.crDragAlt
 0003:00000078       JvConsts.crDragHand
 0003:00000074       JvConsts.crHand
 0003:00000060       JvConsts.crJVCLFirst
 0003:0000007C       JvConsts.crJVCLLast
 0003:0000006C       JvConsts.crMultiDragAlt
 0003:00000064       JvConsts.crMultiDragLink
 0003:00000070       JvConsts.crMultiDragLinkAlt
 0001:00001090       JvConsts.Finalization
 0002:000001C8       JvConsts.JvConsts
 0003:00000040       JvConsts.Separators
 0003:00000080       JvConsts.tkStrings
 0004:00000018       JvCreateProcess..5
 0001:00001BEC       JvCreateProcess..TJvBaseReader
 0001:000027A8       JvCreateProcess..TJvConsoleThread
 0001:000017A0       JvCreateProcess..TJvCPSStartupInfo
 0001:00001DEC       JvCreateProcess..TJvCreateProcess
 0001:000012DC       JvCreateProcess..TJvProcessEntry
 0001:00002C8C       JvCreateProcess..TJvReader
 0001:000029CC       JvCreateProcess..TJvReadThread
 0001:00002FD4       JvCreateProcess..TJvRWEHandles
 0001:000025F0       JvCreateProcess..TJvWaitForProcessThread
 0003:00000094       JvCreateProcess.cCloseAction
 0001:00003234       JvCreateProcess.ConstructPipe
 0001:000031E8       JvCreateProcess.CreateDuplicate
 0003:000000AC       JvCreateProcess.CreationFlagsValues
 0001:000049B4       JvCreateProcess.DoOutput
 0001:00004A1C       JvCreateProcess.DoTab
 0001:00002EF8       JvCreateProcess.EnumWinProc
 0001:00004C6C       JvCreateProcess.Finalization
 0004:00000020       JvCreateProcess.GTriedLoadWinSrvDll
 0004:0000001C       JvCreateProcess.GWinSrvHandle
 0001:00002F58       JvCreateProcess.InternalCloseApp
 0001:00002F7C       JvCreateProcess.InternalTerminateProcess
 0001:00002EDC       JvCreateProcess.IsConsoleWindow
 0002:000001D0       JvCreateProcess.JvCreateProcess
 0001:00002ECC       JvCreateProcess.OSCheck
 0003:00000084       JvCreateProcess.ProcessPriorities
 0001:00002FB0       JvCreateProcess.SafeCloseHandle
 0003:0000009C       JvCreateProcess.ShowWindowValues
 0001:000033C8       JvCreateProcess.TJvBaseReader.Create
 0001:00003414       JvCreateProcess.TJvBaseReader.Destroy
 0001:00003444       JvCreateProcess.TJvBaseReader.GetConsoleOutput
 0001:00003CEC       JvCreateProcess.TJvConsoleThread.CloseWrite
 0001:00003C4C       JvCreateProcess.TJvConsoleThread.Create
 0001:00003CAC       JvCreateProcess.TJvConsoleThread.Destroy
 0001:00003D3C       JvCreateProcess.TJvConsoleThread.Execute
 0001:00003DB8       JvCreateProcess.TJvConsoleThread.TryWrite
 0001:00003F10       JvCreateProcess.TJvConsoleThread.Write
 0001:000036C0       JvCreateProcess.TJvCPSStartupInfo.AssignTo
 0001:00003678       JvCreateProcess.TJvCPSStartupInfo.Create
 0001:00003744       JvCreateProcess.TJvCPSStartupInfo.GetStartupInfo
 0001:000040FC       JvCreateProcess.TJvCreateProcess.CheckNotWaiting
 0001:00004124       JvCreateProcess.TJvCreateProcess.CheckReady
 0001:00004144       JvCreateProcess.TJvCreateProcess.CheckRunning
 0001:00004164       JvCreateProcess.TJvCreateProcess.CloseApplication
 0001:00004180       JvCreateProcess.TJvCreateProcess.CloseProcessHandles
 0001:000041A0       JvCreateProcess.TJvCreateProcess.CloseRead
 0001:000041B8       JvCreateProcess.TJvCreateProcess.CloseWrite
 0001:00003FFC       JvCreateProcess.TJvCreateProcess.Create
 0001:0000409C       JvCreateProcess.TJvCreateProcess.Destroy
 0001:00004214       JvCreateProcess.TJvCreateProcess.GetConsoleOutput
 0001:00004220       JvCreateProcess.TJvCreateProcess.GetEnvironment
 0001:00004224       JvCreateProcess.TJvCreateProcess.GetHandle
 0001:00004240       JvCreateProcess.TJvCreateProcess.GetOnErrorRawRead
 0001:00004250       JvCreateProcess.TJvCreateProcess.GetOnErrorRead
 0001:00004260       JvCreateProcess.TJvCreateProcess.GetOnRawRead
 0001:00004270       JvCreateProcess.TJvCreateProcess.GetOnRead
 0001:00004280       JvCreateProcess.TJvCreateProcess.GotoReadyState
 0001:000042A0       JvCreateProcess.TJvCreateProcess.GotoRunningState
 0001:000042B8       JvCreateProcess.TJvCreateProcess.GotoWaitState
 0001:000042D4       JvCreateProcess.TJvCreateProcess.HandleReadEvent
 0001:000041DC       JvCreateProcess.TJvCreateProcess.HandleThreadTerminated
 0001:000042DC       JvCreateProcess.TJvCreateProcess.Run
 0001:00004558       JvCreateProcess.TJvCreateProcess.SetCommandLine
 0001:0000458C       JvCreateProcess.TJvCreateProcess.SetEnvironment
 0001:0000459C       JvCreateProcess.TJvCreateProcess.SetOnErrorRawRead
 0001:000045B4       JvCreateProcess.TJvCreateProcess.SetOnErrorRead
 0001:000045CC       JvCreateProcess.TJvCreateProcess.SetOnRawRead
 0001:000045E4       JvCreateProcess.TJvCreateProcess.SetOnRead
 0001:000045FC       JvCreateProcess.TJvCreateProcess.SetStartupInfo
 0001:00004608       JvCreateProcess.TJvCreateProcess.SetWaitForTerminate
 0001:0000461C       JvCreateProcess.TJvCreateProcess.StopWaiting
 0001:00004624       JvCreateProcess.TJvCreateProcess.Terminate
 0001:00004638       JvCreateProcess.TJvCreateProcess.TerminateWaitThread
 0001:0000467C       JvCreateProcess.TJvCreateProcess.WaitThreadTerminated
 0001:000046A8       JvCreateProcess.TJvCreateProcess.WndProc
 0001:00004738       JvCreateProcess.TJvCreateProcess.Write
 0001:0000476C       JvCreateProcess.TJvCreateProcess.WriteLn
 0001:000034A0       JvCreateProcess.TJvProcessEntry.Close
 0001:00003448       JvCreateProcess.TJvProcessEntry.Create
 0001:000034AC       JvCreateProcess.TJvProcessEntry.GetPriority
 0001:00003560       JvCreateProcess.TJvProcessEntry.GetSystemIconIndex
 0001:000035A8       JvCreateProcess.TJvProcessEntry.PriorityText
 0001:000035F4       JvCreateProcess.TJvProcessEntry.SetPriority
 0001:0000366C       JvCreateProcess.TJvProcessEntry.Terminate
 0001:000047D4       JvCreateProcess.TJvReader.CloseRead
 0001:000047E4       JvCreateProcess.TJvReader.CreateThread
 0001:00004830       JvCreateProcess.TJvReader.DoRawReadEvent
 0001:0000489C       JvCreateProcess.TJvReader.DoReadEvent
 0001:00004984       JvCreateProcess.TJvReader.HandleReadEvent
 0001:00004A74       JvCreateProcess.TJvReader.ParseConsoleOutput
 0001:00004B80       JvCreateProcess.TJvReader.Terminate
 0001:00004BA0       JvCreateProcess.TJvReader.ThreadTerminated
 0001:00003A28       JvCreateProcess.TJvReadThread.CloseRead
 0001:00003A78       JvCreateProcess.TJvReadThread.CopyToBuffer
 0001:00003948       JvCreateProcess.TJvReadThread.Create
 0001:000039E0       JvCreateProcess.TJvReadThread.Destroy
 0001:00003B38       JvCreateProcess.TJvReadThread.Execute
 0001:00003B80       JvCreateProcess.TJvReadThread.ReadBuffer
 0001:00003C38       JvCreateProcess.TJvReadThread.TerminateThread
 0001:00004C04       JvCreateProcess.TJvRWEHandles.Clear
 0001:00004BD8       JvCreateProcess.TJvRWEHandles.Destroy
 0001:00004C30       JvCreateProcess.TJvRWEHandles.ExtractHandle
 0001:00004C40       JvCreateProcess.TJvRWEHandles.GetHandle
 0001:00004C48       JvCreateProcess.TJvRWEHandles.SetHandle
 0001:000037EC       JvCreateProcess.TJvWaitForProcessThread.Create
 0001:00003848       JvCreateProcess.TJvWaitForProcessThread.Destroy
 0001:00003878       JvCreateProcess.TJvWaitForProcessThread.Execute
 0001:00003930       JvCreateProcess.TJvWaitForProcessThread.TerminateThread
 0001:00002E68       JvCreateProcess.WinSrvHandle
 0001:00001088       Mapi.Finalization
 0002:000001C0       Mapi.Mapi
 0001:00000A00       Math.Min
 0001:00000E10       Menus.Finalization
 0002:000000C0       Menus.Menus
 0001:00000DE0       Menus.TMenuItem.Add
 0001:00000DB8       Menus.TMenuItem.Create
 0001:00000E00       Menus.TMenuItem.Find
 0001:00000DC8       Menus.TMenuItem.GetAction
 0001:00000DD0       Menus.TMenuItem.GetMenuIndex
 0001:00000DD8       Menus.TMenuItem.Insert
 0001:00000E08       Menus.TMenuItem.NewBottomLine
 0001:00000DE8       Menus.TMenuItem.Remove
 0001:00000DF0       Menus.TMenuItem.SetAction
 0001:00000DF8       Menus.TMenuItem.SetAutoHotkeys
 0001:00000DC0       Menus.TMenuItem.SetCaption
 0001:00000FF8       msxmldom.Finalization
 0002:00000130       msxmldom.msxmldom
 0001:00000E20       MultiMon.Finalization
 0002:000000D0       MultiMon.MultiMon
 0001:00001028       PercentageDockTree.Finalization
 0002:00000160       PercentageDockTree.PercentageDockTree
 0004:00000038       PlasticAsync..3
 0001:00006A18       PlasticAsync..TAsyncThread
 0001:00009508       PlasticAsync..TComparer<Classes.TThreadProcedure>
 0001:000096E0       PlasticAsync..TDelegatedComparer<Classes.TThreadProcedure>
 0001:00006D10       PlasticAsync..TEnumerable<Classes.TThreadProcedure>
 0001:00006BE0       PlasticAsync..TEnumerator<Classes.TThreadProcedure>
 0001:000071A0       PlasticAsync..TList<Classes.TThreadProcedure>
 0001:00007000       PlasticAsync..TList<Classes.TThreadProcedure>.TEnumerator
 0004:0000003C       PlasticAsync.E
 0001:00007E70       PlasticAsync.Finalization
 0004:00000034       PlasticAsync.GAsyncThread
 0002:000001EC       PlasticAsync.PlasticAsync
 0001:0000919C       PlasticAsync.TArray.BinarySearch<Classes.TThreadProcedure>
 0001:000092F8       PlasticAsync.TArray.QuickSort<Classes.TThreadProcedure>
 0001:00009118       PlasticAsync.TArray.Sort<Classes.TThreadProcedure>
 0001:00007AE8       PlasticAsync.TAsyncThread.AfterConstruction
 0001:00007B34       PlasticAsync.TAsyncThread.Destroy
 0001:00007B88       PlasticAsync.TAsyncThread.Execute
 0001:00007DF4       PlasticAsync.TAsyncThread.ExecuteASync
 0001:00007E50       PlasticAsync.TAsyncThread.Terminate
 0001:00009664       PlasticAsync.TComparer<Classes.TThreadProcedure>.Compare
 0001:000090E4       PlasticAsync.TComparer<Classes.TThreadProcedure>.Construct
 0001:000090B8       PlasticAsync.TComparer<Classes.TThreadProcedure>.Default
 0001:000092CC       PlasticAsync.TDelegatedComparer<Classes.TThreadProcedure>.Compare
 0001:00009284       PlasticAsync.TDelegatedComparer<Classes.TThreadProcedure>.Create
 0001:00007EE4       PlasticAsync.TEnumerable<Classes.TThreadProcedure>.GetEnumerator
 0001:00007F00       PlasticAsync.TEnumerator<Classes.TThreadProcedure>.MoveNext
 0001:000084CC       PlasticAsync.TList<Classes.TThreadProcedure>.Add
 0001:0000854C       PlasticAsync.TList<Classes.TThreadProcedure>.AddRange
 0001:00008570       PlasticAsync.TList<Classes.TThreadProcedure>.AddRange
 0001:00008524       PlasticAsync.TList<Classes.TThreadProcedure>.AddRange
 0001:00008EE8       PlasticAsync.TList<Classes.TThreadProcedure>.BinarySearch
 0001:00008F38       PlasticAsync.TList<Classes.TThreadProcedure>.BinarySearch
 0001:00008CC8       PlasticAsync.TList<Classes.TThreadProcedure>.Clear
 0001:00008CE8       PlasticAsync.TList<Classes.TThreadProcedure>.Contains
 0001:000082C4       PlasticAsync.TList<Classes.TThreadProcedure>.Create
 0001:000083F0       PlasticAsync.TList<Classes.TThreadProcedure>.Create
 0001:00008348       PlasticAsync.TList<Classes.TThreadProcedure>.Create
 0001:000088E8       PlasticAsync.TList<Classes.TThreadProcedure>.Delete
 0001:00008908       PlasticAsync.TList<Classes.TThreadProcedure>.DeleteRange
 0001:00008490       PlasticAsync.TList<Classes.TThreadProcedure>.Destroy
 0001:0000817C       PlasticAsync.TList<Classes.TThreadProcedure>.DoDelete
 0001:00008274       PlasticAsync.TList<Classes.TThreadProcedure>.DoGetEnumerator
 0001:00008AD4       PlasticAsync.TList<Classes.TThreadProcedure>.Exchange
 0001:00008A80       PlasticAsync.TList<Classes.TThreadProcedure>.Extract
 0001:00008C84       PlasticAsync.TList<Classes.TThreadProcedure>.First
 0001:00007F1C       PlasticAsync.TList<Classes.TThreadProcedure>.GetCapacity
 0001:00008FA0       PlasticAsync.TList<Classes.TThreadProcedure>.GetEnumerator
 0001:00007FF0       PlasticAsync.TList<Classes.TThreadProcedure>.GetItem
 0001:000080F0       PlasticAsync.TList<Classes.TThreadProcedure>.Grow
 0001:00008144       PlasticAsync.TList<Classes.TThreadProcedure>.GrowCheck
 0001:00008D0C       PlasticAsync.TList<Classes.TThreadProcedure>.IndexOf
 0001:00008594       PlasticAsync.TList<Classes.TThreadProcedure>.Insert
 0001:00008770       PlasticAsync.TList<Classes.TThreadProcedure>.InsertRange
 0001:00008658       PlasticAsync.TList<Classes.TThreadProcedure>.InsertRange
 0001:00008800       PlasticAsync.TList<Classes.TThreadProcedure>.InsertRange
 0001:00008CA4       PlasticAsync.TList<Classes.TThreadProcedure>.Last
 0001:00008D6C       PlasticAsync.TList<Classes.TThreadProcedure>.LastIndexOf
 0001:00008B60       PlasticAsync.TList<Classes.TThreadProcedure>.Move
 0001:00008290       PlasticAsync.TList<Classes.TThreadProcedure>.Notify
 0001:000088B4       PlasticAsync.TList<Classes.TThreadProcedure>.Remove
 0001:00008DC8       PlasticAsync.TList<Classes.TThreadProcedure>.Reverse
 0001:00007F3C       PlasticAsync.TList<Classes.TThreadProcedure>.SetCapacity
 0001:00007F80       PlasticAsync.TList<Classes.TThreadProcedure>.SetCount
 0001:00008040       PlasticAsync.TList<Classes.TThreadProcedure>.SetItem
 0001:00008E70       PlasticAsync.TList<Classes.TThreadProcedure>.Sort
 0001:00008EAC       PlasticAsync.TList<Classes.TThreadProcedure>.Sort
 0001:00009020       PlasticAsync.TList<Classes.TThreadProcedure>.TEnumerator.Create
 0001:00008FE8       PlasticAsync.TList<Classes.TThreadProcedure>.TEnumerator.DoGetCurrent
 0001:00009004       PlasticAsync.TList<Classes.TThreadProcedure>.TEnumerator.DoMoveNext
 0001:00008FC4       PlasticAsync.TList<Classes.TThreadProcedure>.TEnumerator.GetCurrent
 0001:00009078       PlasticAsync.TList<Classes.TThreadProcedure>.TEnumerator.MoveNext
 0001:00008F88       PlasticAsync.TList<Classes.TThreadProcedure>.TrimExcess
 0004:0000004C       PlasticEngine..7
 0001:0000F5E4       PlasticEngine..EPlasticError
 0001:00011794       PlasticEngine..TDictionary<System.string,PlasticEngine.TFileCacheItem>
 0001:00010DD4       PlasticEngine..TDictionary<System.string,PlasticEngine.TFileCacheItem>.TKeyCollection
 0001:00010BF0       PlasticEngine..TDictionary<System.string,PlasticEngine.TFileCacheItem>.TKeyEnumerator
 0001:000115B0       PlasticEngine..TDictionary<System.string,PlasticEngine.TFileCacheItem>.TPairEnumerator
 0001:000113DC       PlasticEngine..TDictionary<System.string,PlasticEngine.TFileCacheItem>.TValueCollection
 0001:000111F0       PlasticEngine..TDictionary<System.string,PlasticEngine.TFileCacheItem>.TValueEnumerator
 0001:000110E0       PlasticEngine..TEnumerable<PlasticEngine.TFileCacheItem>
 0001:00010B40       PlasticEngine..TEnumerable<System.string>
 0001:00010798       PlasticEngine..TEnumerable<TPair<System.string,PlasticEngine.TFileCacheItem>>
 0001:00010FA8       PlasticEngine..TEnumerator<PlasticEngine.TFileCacheItem>
 0001:00010A90       PlasticEngine..TEnumerator<System.string>
 0001:00010638       PlasticEngine..TEnumerator<TPair<System.string,PlasticEngine.TFileCacheItem>>
 0001:0000F880       PlasticEngine..TFileCacheItem
 0001:00011E60       PlasticEngine..TObjectDictionary<System.string,PlasticEngine.TFileCacheItem>
 0001:0000F974       PlasticEngine..TPlasticCommThread
 0001:0000FC68       PlasticEngine..TPlasticEngine
 0001:0000F7A0       PlasticEngine..TPlasticFileInfo
 0003:000000D4       PlasticEngine.C_PlasticStatus
 0001:00017BD0       PlasticEngine.Finalization
 0004:00000048       PlasticEngine.GPlasticEngine
 0002:00000270       PlasticEngine.PlasticEngine
 0001:00018704       PlasticEngine.TDictionary<System.string,PlasticEngine.TFileCacheItem>.Add
 0001:00018970       PlasticEngine.TDictionary<System.string,PlasticEngine.TFileCacheItem>.AddOrSetValue
 0001:00018808       PlasticEngine.TDictionary<System.string,PlasticEngine.TFileCacheItem>.Clear
 0001:000189E8       PlasticEngine.TDictionary<System.string,PlasticEngine.TFileCacheItem>.ContainsKey
 0001:00018A1C       PlasticEngine.TDictionary<System.string,PlasticEngine.TFileCacheItem>.ContainsValue
 0001:00018400       PlasticEngine.TDictionary<System.string,PlasticEngine.TFileCacheItem>.Create
 0001:00018368       PlasticEngine.TDictionary<System.string,PlasticEngine.TFileCacheItem>.Create
 0001:000184D0       PlasticEngine.TDictionary<System.string,PlasticEngine.TFileCacheItem>.Create
 0001:000185C0       PlasticEngine.TDictionary<System.string,PlasticEngine.TFileCacheItem>.Create
 0001:000183B4       PlasticEngine.TDictionary<System.string,PlasticEngine.TFileCacheItem>.Create
 0001:000186B4       PlasticEngine.TDictionary<System.string,PlasticEngine.TFileCacheItem>.Destroy
 0001:000180C4       PlasticEngine.TDictionary<System.string,PlasticEngine.TFileCacheItem>.DoAdd
 0001:000182E4       PlasticEngine.TDictionary<System.string,PlasticEngine.TFileCacheItem>.DoGetEnumerator
 0001:00018190       PlasticEngine.TDictionary<System.string,PlasticEngine.TFileCacheItem>.DoRemove
 0001:00018138       PlasticEngine.TDictionary<System.string,PlasticEngine.TFileCacheItem>.DoSetValue
 0001:000187B0       PlasticEngine.TDictionary<System.string,PlasticEngine.TFileCacheItem>.ExtractPair
 0001:00017E88       PlasticEngine.TDictionary<System.string,PlasticEngine.TFileCacheItem>.GetBucketIndex
 0001:00018B38       PlasticEngine.TDictionary<System.string,PlasticEngine.TFileCacheItem>.GetEnumerator
 0001:00017F6C       PlasticEngine.TDictionary<System.string,PlasticEngine.TFileCacheItem>.GetItem
 0001:00018AC8       PlasticEngine.TDictionary<System.string,PlasticEngine.TFileCacheItem>.GetKeys
 0001:00018B00       PlasticEngine.TDictionary<System.string,PlasticEngine.TFileCacheItem>.GetValues
 0001:00017E50       PlasticEngine.TDictionary<System.string,PlasticEngine.TFileCacheItem>.Grow
 0001:00017F3C       PlasticEngine.TDictionary<System.string,PlasticEngine.TFileCacheItem>.Hash
 0001:00018300       PlasticEngine.TDictionary<System.string,PlasticEngine.TFileCacheItem>.KeyNotify
 0001:00017D30       PlasticEngine.TDictionary<System.string,PlasticEngine.TFileCacheItem>.Rehash
 0001:0001805C       PlasticEngine.TDictionary<System.string,PlasticEngine.TFileCacheItem>.RehashAdd
 0001:00018784       PlasticEngine.TDictionary<System.string,PlasticEngine.TFileCacheItem>.Remove
 0001:00017CC4       PlasticEngine.TDictionary<System.string,PlasticEngine.TFileCacheItem>.SetCapacity
 0001:00017FCC       PlasticEngine.TDictionary<System.string,PlasticEngine.TFileCacheItem>.SetItem
 0001:00018BCC       PlasticEngine.TDictionary<System.string,PlasticEngine.TFileCacheItem>.TKeyCollection.Create
 0001:00018BB0       PlasticEngine.TDictionary<System.string,PlasticEngine.TFileCacheItem>.TKeyCollection.DoGetEnumerator
 0001:00018B94       PlasticEngine.TDictionary<System.string,PlasticEngine.TFileCacheItem>.TKeyCollection.GetCount
 0001:00018C1C       PlasticEngine.TDictionary<System.string,PlasticEngine.TFileCacheItem>.TKeyCollection.GetEnumerator
 0001:00018CAC       PlasticEngine.TDictionary<System.string,PlasticEngine.TFileCacheItem>.TKeyEnumerator.Create
 0001:00018C74       PlasticEngine.TDictionary<System.string,PlasticEngine.TFileCacheItem>.TKeyEnumerator.DoGetCurrent
 0001:00018C90       PlasticEngine.TDictionary<System.string,PlasticEngine.TFileCacheItem>.TKeyEnumerator.DoMoveNext
 0001:00018C44       PlasticEngine.TDictionary<System.string,PlasticEngine.TFileCacheItem>.TKeyEnumerator.GetCurrent
 0001:00018D04       PlasticEngine.TDictionary<System.string,PlasticEngine.TFileCacheItem>.TKeyEnumerator.MoveNext
 0001:00018FD4       PlasticEngine.TDictionary<System.string,PlasticEngine.TFileCacheItem>.TPairEnumerator.Create
 0001:00018F9C       PlasticEngine.TDictionary<System.string,PlasticEngine.TFileCacheItem>.TPairEnumerator.DoGetCurrent
 0001:00018FB8       PlasticEngine.TDictionary<System.string,PlasticEngine.TFileCacheItem>.TPairEnumerator.DoMoveNext
 0001:00018F50       PlasticEngine.TDictionary<System.string,PlasticEngine.TFileCacheItem>.TPairEnumerator.GetCurrent
 0001:0001902C       PlasticEngine.TDictionary<System.string,PlasticEngine.TFileCacheItem>.TPairEnumerator.MoveNext
 0001:000188F4       PlasticEngine.TDictionary<System.string,PlasticEngine.TFileCacheItem>.TrimExcess
 0001:00018910       PlasticEngine.TDictionary<System.string,PlasticEngine.TFileCacheItem>.TryGetValue
 0001:00018DC8       PlasticEngine.TDictionary<System.string,PlasticEngine.TFileCacheItem>.TValueCollection.Create
 0001:00018DAC       PlasticEngine.TDictionary<System.string,PlasticEngine.TFileCacheItem>.TValueCollection.DoGetEnumerator
 0001:00018D90       PlasticEngine.TDictionary<System.string,PlasticEngine.TFileCacheItem>.TValueCollection.GetCount
 0001:00018E18       PlasticEngine.TDictionary<System.string,PlasticEngine.TFileCacheItem>.TValueCollection.GetEnumerator
 0001:00018EA4       PlasticEngine.TDictionary<System.string,PlasticEngine.TFileCacheItem>.TValueEnumerator.Create
 0001:00018E6C       PlasticEngine.TDictionary<System.string,PlasticEngine.TFileCacheItem>.TValueEnumerator.DoGetCurrent
 0001:00018E88       PlasticEngine.TDictionary<System.string,PlasticEngine.TFileCacheItem>.TValueEnumerator.DoMoveNext
 0001:00018E40       PlasticEngine.TDictionary<System.string,PlasticEngine.TFileCacheItem>.TValueEnumerator.GetCurrent
 0001:00018EFC       PlasticEngine.TDictionary<System.string,PlasticEngine.TFileCacheItem>.TValueEnumerator.MoveNext
 0001:00018334       PlasticEngine.TDictionary<System.string,PlasticEngine.TFileCacheItem>.ValueNotify
 0001:00018D58       PlasticEngine.TEnumerable<PlasticEngine.TFileCacheItem>.GetEnumerator
 0001:00018B5C       PlasticEngine.TEnumerable<System.string>.GetEnumerator
 0001:00017C8C       PlasticEngine.TEnumerable<TPair<System.string,PlasticEngine.TFileCacheItem>>.GetEnumerator
 0001:00018D74       PlasticEngine.TEnumerator<PlasticEngine.TFileCacheItem>.MoveNext
 0001:00018B78       PlasticEngine.TEnumerator<System.string>.MoveNext
 0001:00017CA8       PlasticEngine.TEnumerator<TPair<System.string,PlasticEngine.TFileCacheItem>>.MoveNext
 0001:0001927C       PlasticEngine.TEqualityComparer<PlasticEngine.TFileCacheItem>.Default
 0001:00019250       PlasticEngine.TEqualityComparer<System.string>.Default
 0001:00019198       PlasticEngine.TObjectDictionary<System.string,PlasticEngine.TFileCacheItem>.Create
 0001:000190F8       PlasticEngine.TObjectDictionary<System.string,PlasticEngine.TFileCacheItem>.Create
 0001:00019148       PlasticEngine.TObjectDictionary<System.string,PlasticEngine.TFileCacheItem>.Create
 0001:00019080       PlasticEngine.TObjectDictionary<System.string,PlasticEngine.TFileCacheItem>.KeyNotify
 0001:000190BC       PlasticEngine.TObjectDictionary<System.string,PlasticEngine.TFileCacheItem>.ValueNotify
 0001:00017C60       PlasticEngine.TPair<System.string,PlasticEngine.TFileCacheItem>.Create
 0001:00016E2C       PlasticEngine.TPlasticCommThread.Create
 0001:00017210       PlasticEngine.TPlasticCommThread.Destroy
 0001:000172B0       PlasticEngine.TPlasticCommThread.ExcuteCommand
 0001:00017574       PlasticEngine.TPlasticCommThread.Execute
 0001:00016EA8       PlasticEngine.TPlasticCommThread.InternalExcuteCommand
 0001:0001778C       PlasticEngine.TPlasticCommThread.JvCPSReadEvent
 0001:00017984       PlasticEngine.TPlasticCommThread.StartPlasticShell
 0001:00017B5C       PlasticEngine.TPlasticCommThread.Terminate
 0001:00013E6C       PlasticEngine.TPlasticEngine.AddFile
 0001:00014F40       PlasticEngine.TPlasticEngine.AddFile
 0001:00013F08       PlasticEngine.TPlasticEngine.AddFiles
 0001:00015428       PlasticEngine.TPlasticEngine.CheckinFile
 0001:00015814       PlasticEngine.TPlasticEngine.CheckinFiles
 0001:00012F18       PlasticEngine.TPlasticEngine.CheckoutFile
 0001:000141E0       PlasticEngine.TPlasticEngine.CheckoutFile
 0001:0001427C       PlasticEngine.TPlasticEngine.CheckoutFiles
 0001:00014458       PlasticEngine.TPlasticEngine.ClearStatusCache
 0001:000121A0       PlasticEngine.TPlasticEngine.Create
 0001:00012224       PlasticEngine.TPlasticEngine.DeleteFile
 0001:000127C8       PlasticEngine.TPlasticEngine.DeleteFiles
 0001:000129A4       PlasticEngine.TPlasticEngine.Destroy
 0001:00012A04       PlasticEngine.TPlasticEngine.Diff
 0001:00012BC0       PlasticEngine.TPlasticEngine.DiffFile
 0001:00012DCC       PlasticEngine.TPlasticEngine.ExcuteCommand
 0001:00013D74       PlasticEngine.TPlasticEngine.FileArchived
 0001:00013DB0       PlasticEngine.TPlasticEngine.FilterControlledFiles
 0001:00013338       PlasticEngine.TPlasticEngine.GetFileInfo
 0001:000159F0       PlasticEngine.TPlasticEngine.GetIsServerUp
 0001:00015A3C       PlasticEngine.TPlasticEngine.GetLastError
 0001:00015B7C       PlasticEngine.TPlasticEngine.GetPlasticExePath
 0001:00016094       PlasticEngine.TPlasticEngine.GetPlasticVersion
 0001:0001624C       PlasticEngine.TPlasticEngine.HandleException
 0001:00016344       PlasticEngine.TPlasticEngine.InternalClearStatusCache
 0001:00016394       PlasticEngine.TPlasticEngine.InternalExcuteCommand
 0001:00016538       PlasticEngine.TPlasticEngine.InternalGetFileInfo
 0001:00012EF4       PlasticEngine.TPlasticEngine.LogMessage
 0001:0001456C       PlasticEngine.TPlasticEngine.RenameFile
 0001:00016970       PlasticEngine.TPlasticEngine.ShelveFile
 0001:000165D0       PlasticEngine.TPlasticEngine.ShelveFile
 0001:00016A0C       PlasticEngine.TPlasticEngine.ShelveFiles
 0001:00016BD0       PlasticEngine.TPlasticEngine.ShowVisualClient
 0001:00016C94       PlasticEngine.TPlasticEngine.StartPlasticThread
 0001:00014934       PlasticEngine.TPlasticEngine.UndoCheckoutFile
 0001:00014D64       PlasticEngine.TPlasticEngine.UndoCheckoutFiles
 0001:00013A14       PlasticEngine.TPlasticEngine.UpdateFile
 0001:00013848       PlasticEngine.TPlasticEngine.UpdateFiles
 0004:00000058       PlasticExpert..2
 0001:0001B4B0       PlasticExpert..TDictionary<ActnList.TAction,System.Integer>
 0001:0001AB80       PlasticExpert..TDictionary<ActnList.TAction,System.Integer>.TKeyCollection
 0001:0001A9B4       PlasticExpert..TDictionary<ActnList.TAction,System.Integer>.TKeyEnumerator
 0001:0001B2DC       PlasticExpert..TDictionary<ActnList.TAction,System.Integer>.TPairEnumerator
 0001:0001B11C       PlasticExpert..TDictionary<ActnList.TAction,System.Integer>.TValueCollection
 0001:0001AF48       PlasticExpert..TDictionary<ActnList.TAction,System.Integer>.TValueEnumerator
 0001:0001A8BC       PlasticExpert..TEnumerable<ActnList.TAction>
 0001:0001AE54       PlasticExpert..TEnumerable<System.Integer>
 0001:0001A3E4       PlasticExpert..TEnumerable<TPair<ActnList.TAction,System.Integer>>
 0001:0001A79C       PlasticExpert..TEnumerator<ActnList.TAction>
 0001:0001AD3C       PlasticExpert..TEnumerator<System.Integer>
 0001:0001A29C       PlasticExpert..TEnumerator<TPair<ActnList.TAction,System.Integer>>
 0001:0001BB68       PlasticExpert..TObjectDictionary<ActnList.TAction,System.Integer>
 0001:00019E9C       PlasticExpert..TPlasticExpert
 0001:0001ED10       PlasticExpert..TPlasticExpert.GeneralUpdate$ActRec
 0001:0001EE7C       PlasticExpert..TPlasticExpert.GeneralUpdate$ActRec.$0$Body$ActRec
 0004:0000005C       PlasticExpert.E
 0001:00020880       PlasticExpert.Finalization
 0004:00000054       PlasticExpert.GPlasticExpert
 0002:00000308       PlasticExpert.PlasticExpert
 0001:000212FC       PlasticExpert.TDictionary<ActnList.TAction,System.Integer>.Add
 0001:00021568       PlasticExpert.TDictionary<ActnList.TAction,System.Integer>.AddOrSetValue
 0001:00021400       PlasticExpert.TDictionary<ActnList.TAction,System.Integer>.Clear
 0001:000215E0       PlasticExpert.TDictionary<ActnList.TAction,System.Integer>.ContainsKey
 0001:00021614       PlasticExpert.TDictionary<ActnList.TAction,System.Integer>.ContainsValue
 0001:000211F4       PlasticExpert.TDictionary<ActnList.TAction,System.Integer>.Create
 0001:00021140       PlasticExpert.TDictionary<ActnList.TAction,System.Integer>.Create
 0001:00021070       PlasticExpert.TDictionary<ActnList.TAction,System.Integer>.Create
 0001:00021024       PlasticExpert.TDictionary<ActnList.TAction,System.Integer>.Create
 0001:00020FD8       PlasticExpert.TDictionary<ActnList.TAction,System.Integer>.Create
 0001:000212AC       PlasticExpert.TDictionary<ActnList.TAction,System.Integer>.Destroy
 0001:00020D38       PlasticExpert.TDictionary<ActnList.TAction,System.Integer>.DoAdd
 0001:00020F54       PlasticExpert.TDictionary<ActnList.TAction,System.Integer>.DoGetEnumerator
 0001:00020E00       PlasticExpert.TDictionary<ActnList.TAction,System.Integer>.DoRemove
 0001:00020DA8       PlasticExpert.TDictionary<ActnList.TAction,System.Integer>.DoSetValue
 0001:000213A8       PlasticExpert.TDictionary<ActnList.TAction,System.Integer>.ExtractPair
 0001:00020B04       PlasticExpert.TDictionary<ActnList.TAction,System.Integer>.GetBucketIndex
 0001:00021730       PlasticExpert.TDictionary<ActnList.TAction,System.Integer>.GetEnumerator
 0001:00020BE8       PlasticExpert.TDictionary<ActnList.TAction,System.Integer>.GetItem
 0001:000216C0       PlasticExpert.TDictionary<ActnList.TAction,System.Integer>.GetKeys
 0001:000216F8       PlasticExpert.TDictionary<ActnList.TAction,System.Integer>.GetValues
 0001:00020ACC       PlasticExpert.TDictionary<ActnList.TAction,System.Integer>.Grow
 0001:00020BB8       PlasticExpert.TDictionary<ActnList.TAction,System.Integer>.Hash
 0001:00020F70       PlasticExpert.TDictionary<ActnList.TAction,System.Integer>.KeyNotify
 0001:000209AC       PlasticExpert.TDictionary<ActnList.TAction,System.Integer>.Rehash
 0001:00020CD8       PlasticExpert.TDictionary<ActnList.TAction,System.Integer>.RehashAdd
 0001:0002137C       PlasticExpert.TDictionary<ActnList.TAction,System.Integer>.Remove
 0001:00020940       PlasticExpert.TDictionary<ActnList.TAction,System.Integer>.SetCapacity
 0001:00020C48       PlasticExpert.TDictionary<ActnList.TAction,System.Integer>.SetItem
 0001:000217C4       PlasticExpert.TDictionary<ActnList.TAction,System.Integer>.TKeyCollection.Create
 0001:000217A8       PlasticExpert.TDictionary<ActnList.TAction,System.Integer>.TKeyCollection.DoGetEnumerator
 0001:0002178C       PlasticExpert.TDictionary<ActnList.TAction,System.Integer>.TKeyCollection.GetCount
 0001:00021814       PlasticExpert.TDictionary<ActnList.TAction,System.Integer>.TKeyCollection.GetEnumerator
 0001:000218A0       PlasticExpert.TDictionary<ActnList.TAction,System.Integer>.TKeyEnumerator.Create
 0001:00021868       PlasticExpert.TDictionary<ActnList.TAction,System.Integer>.TKeyEnumerator.DoGetCurrent
 0001:00021884       PlasticExpert.TDictionary<ActnList.TAction,System.Integer>.TKeyEnumerator.DoMoveNext
 0001:0002183C       PlasticExpert.TDictionary<ActnList.TAction,System.Integer>.TKeyEnumerator.GetCurrent
 0001:000218F8       PlasticExpert.TDictionary<ActnList.TAction,System.Integer>.TKeyEnumerator.MoveNext
 0001:00021BC4       PlasticExpert.TDictionary<ActnList.TAction,System.Integer>.TPairEnumerator.Create
 0001:00021B8C       PlasticExpert.TDictionary<ActnList.TAction,System.Integer>.TPairEnumerator.DoGetCurrent
 0001:00021BA8       PlasticExpert.TDictionary<ActnList.TAction,System.Integer>.TPairEnumerator.DoMoveNext
 0001:00021B44       PlasticExpert.TDictionary<ActnList.TAction,System.Integer>.TPairEnumerator.GetCurrent
 0001:00021C1C       PlasticExpert.TDictionary<ActnList.TAction,System.Integer>.TPairEnumerator.MoveNext
 0001:000214EC       PlasticExpert.TDictionary<ActnList.TAction,System.Integer>.TrimExcess
 0001:00021508       PlasticExpert.TDictionary<ActnList.TAction,System.Integer>.TryGetValue
 0001:000219BC       PlasticExpert.TDictionary<ActnList.TAction,System.Integer>.TValueCollection.Create
 0001:000219A0       PlasticExpert.TDictionary<ActnList.TAction,System.Integer>.TValueCollection.DoGetEnumerator
 0001:00021984       PlasticExpert.TDictionary<ActnList.TAction,System.Integer>.TValueCollection.GetCount
 0001:00021A0C       PlasticExpert.TDictionary<ActnList.TAction,System.Integer>.TValueCollection.GetEnumerator
 0001:00021A98       PlasticExpert.TDictionary<ActnList.TAction,System.Integer>.TValueEnumerator.Create
 0001:00021A60       PlasticExpert.TDictionary<ActnList.TAction,System.Integer>.TValueEnumerator.DoGetCurrent
 0001:00021A7C       PlasticExpert.TDictionary<ActnList.TAction,System.Integer>.TValueEnumerator.DoMoveNext
 0001:00021A34       PlasticExpert.TDictionary<ActnList.TAction,System.Integer>.TValueEnumerator.GetCurrent
 0001:00021AF0       PlasticExpert.TDictionary<ActnList.TAction,System.Integer>.TValueEnumerator.MoveNext
 0001:00020FA4       PlasticExpert.TDictionary<ActnList.TAction,System.Integer>.ValueNotify
 0001:00021754       PlasticExpert.TEnumerable<ActnList.TAction>.GetEnumerator
 0001:0002194C       PlasticExpert.TEnumerable<System.Integer>.GetEnumerator
 0001:00020908       PlasticExpert.TEnumerable<TPair<ActnList.TAction,System.Integer>>.GetEnumerator
 0001:00021770       PlasticExpert.TEnumerator<ActnList.TAction>.MoveNext
 0001:00021968       PlasticExpert.TEnumerator<System.Integer>.MoveNext
 0001:00020924       PlasticExpert.TEnumerator<TPair<ActnList.TAction,System.Integer>>.MoveNext
 0001:00021E40       PlasticExpert.TEqualityComparer<ActnList.TAction>.Default
 0001:00021E6C       PlasticExpert.TEqualityComparer<System.Integer>.Default
 0001:00021D38       PlasticExpert.TObjectDictionary<ActnList.TAction,System.Integer>.Create
 0001:00021D88       PlasticExpert.TObjectDictionary<ActnList.TAction,System.Integer>.Create
 0001:00021CE8       PlasticExpert.TObjectDictionary<ActnList.TAction,System.Integer>.Create
 0001:00021C70       PlasticExpert.TObjectDictionary<ActnList.TAction,System.Integer>.KeyNotify
 0001:00021CAC       PlasticExpert.TObjectDictionary<ActnList.TAction,System.Integer>.ValueNotify
 0001:000208E0       PlasticExpert.TPair<ActnList.TAction,System.Integer>.Create
 0001:00020060       PlasticExpert.TPlasticExpert.AddAction
 0001:0001F878       PlasticExpert.TPlasticExpert.AddAllExecute
 0001:0001D6E4       PlasticExpert.TPlasticExpert.AddExecute
 0001:00020290       PlasticExpert.TPlasticExpert.AddMenu
 0001:0001D1FC       PlasticExpert.TPlasticExpert.CheckinExecute
 0001:0001CFB0       PlasticExpert.TPlasticExpert.CheckoutExecute
 0001:00020864       PlasticExpert.TPlasticExpert.ConsoleExecute
 0001:0001BD8C       PlasticExpert.TPlasticExpert.Create
 0001:0001BE9C       PlasticExpert.TPlasticExpert.CreateMenu
 0001:0001E86C       PlasticExpert.TPlasticExpert.DeleteExecute
 0001:0001CE38       PlasticExpert.TPlasticExpert.Destroy
 0001:0001DC2C       PlasticExpert.TPlasticExpert.DiffExecute
 0001:000202D4       PlasticExpert.TPlasticExpert.ForceSaveModule
 0001:0001F558       PlasticExpert.TPlasticExpert.GeneralUpdate
 0001:0001F3B4       PlasticExpert.TPlasticExpert.GeneralUpdate$ActRec.$0$Body
 0001:0001EFA8       PlasticExpert.TPlasticExpert.GeneralUpdate$ActRec.$0$Body$ActRec.$0$0$Body
 0001:0001E2E0       PlasticExpert.TPlasticExpert.GetFileInfo
 0001:0001E40C       PlasticExpert.TPlasticExpert.GetModuleFile
 0001:0001E4C4       PlasticExpert.TPlasticExpert.GetModuleFileInfo
 0001:0002075C       PlasticExpert.TPlasticExpert.GetSourceEditor
 0001:0001E77C       PlasticExpert.TPlasticExpert.HandleException
 0001:0001E670       PlasticExpert.TPlasticExpert.HandleException
 0001:0001DE18       PlasticExpert.TPlasticExpert.ListFiles
 0001:0001DF24       PlasticExpert.TPlasticExpert.LocalWriteableExecute
 0001:0001E348       PlasticExpert.TPlasticExpert.MenuExecute
 0001:0001E358       PlasticExpert.TPlasticExpert.Modified
 0001:0001EBD0       PlasticExpert.TPlasticExpert.PlasticClientExecute
 0001:0001E130       PlasticExpert.TPlasticExpert.ReloadFiles
 0001:0001F8D8       PlasticExpert.TPlasticExpert.RemoveAction
 0001:0001F93C       PlasticExpert.TPlasticExpert.RemoveActionFromToolbar
 0001:0001FAFC       PlasticExpert.TPlasticExpert.RemoveReadonlyEditorFlag
 0001:0001FD04       PlasticExpert.TPlasticExpert.RenameExecute
 0001:00020434       PlasticExpert.TPlasticExpert.ShelveExecute
 0001:00020628       PlasticExpert.TPlasticExpert.StatusExecute
 0001:0001D424       PlasticExpert.TPlasticExpert.UncheckoutExecute
 0001:0001D968       PlasticExpert.TPlasticExpert.UpdateActionImages
 0001:0001DA08       PlasticExpert.TPlasticExpert.UpdateExecute
 0001:0001DBF4       PlasticExpert.TPlasticExpert.UpdateMenu
 0004:00000040       PlasticNotify..3
 0001:0000B108       PlasticNotify..TDictionary<System.string,PlasticNotify.TFileNotifier>
 0001:0000A758       PlasticNotify..TDictionary<System.string,PlasticNotify.TFileNotifier>.TKeyCollection
 0001:0000A574       PlasticNotify..TDictionary<System.string,PlasticNotify.TFileNotifier>.TKeyEnumerator
 0001:0000AF24       PlasticNotify..TDictionary<System.string,PlasticNotify.TFileNotifier>.TPairEnumerator
 0001:0000AD50       PlasticNotify..TDictionary<System.string,PlasticNotify.TFileNotifier>.TValueCollection
 0001:0000AB6C       PlasticNotify..TDictionary<System.string,PlasticNotify.TFileNotifier>.TValueEnumerator
 0001:0000AA60       PlasticNotify..TEnumerable<PlasticNotify.TFileNotifier>
 0001:0000A484       PlasticNotify..TEnumerable<System.string>
 0001:00009F78       PlasticNotify..TEnumerable<TPair<System.string,PlasticNotify.TFileNotifier>>
 0001:0000A928       PlasticNotify..TEnumerator<PlasticNotify.TFileNotifier>
 0001:0000A36C       PlasticNotify..TEnumerator<System.string>
 0001:00009E18       PlasticNotify..TEnumerator<TPair<System.string,PlasticNotify.TFileNotifier>>
 0001:00009B8C       PlasticNotify..TFileNotifier
 0001:0000C6D4       PlasticNotify..TFileNotifier.AfterSave$ActRec
 0001:0000C864       PlasticNotify..TFileNotifier.AfterSave$ActRec.$0$Body$ActRec
 0001:0000C9E0       PlasticNotify..TFileNotifier.AfterSave$ActRec.$0$Body$ActRec.$0$0$Body$ActRec
 0001:0000CB7C       PlasticNotify..TFileNotifier.AfterSave$ActRec.$0$Body$ActRec.$0$1$Body$ActRec
 0001:00009918       PlasticNotify..TIDENotifier
 0001:0000D558       PlasticNotify..__CheckReadonlyFile$ActRec
 0001:0000E14C       PlasticNotify.Finalization
 0001:0000B7D4       PlasticNotify.PlasticIDENotifier
 0002:00000250       PlasticNotify.PlasticNotify
 0001:0000EC10       PlasticNotify.TDictionary<System.string,PlasticNotify.TFileNotifier>.Add
 0001:0000EE7C       PlasticNotify.TDictionary<System.string,PlasticNotify.TFileNotifier>.AddOrSetValue
 0001:0000ED14       PlasticNotify.TDictionary<System.string,PlasticNotify.TFileNotifier>.Clear
 0001:0000EEF4       PlasticNotify.TDictionary<System.string,PlasticNotify.TFileNotifier>.ContainsKey
 0001:0000EF28       PlasticNotify.TDictionary<System.string,PlasticNotify.TFileNotifier>.ContainsValue
 0001:0000E8C0       PlasticNotify.TDictionary<System.string,PlasticNotify.TFileNotifier>.Create
 0001:0000E9DC       PlasticNotify.TDictionary<System.string,PlasticNotify.TFileNotifier>.Create
 0001:0000EACC       PlasticNotify.TDictionary<System.string,PlasticNotify.TFileNotifier>.Create
 0001:0000E90C       PlasticNotify.TDictionary<System.string,PlasticNotify.TFileNotifier>.Create
 0001:0000E874       PlasticNotify.TDictionary<System.string,PlasticNotify.TFileNotifier>.Create
 0001:0000EBC0       PlasticNotify.TDictionary<System.string,PlasticNotify.TFileNotifier>.Destroy
 0001:0000E5D0       PlasticNotify.TDictionary<System.string,PlasticNotify.TFileNotifier>.DoAdd
 0001:0000E7F0       PlasticNotify.TDictionary<System.string,PlasticNotify.TFileNotifier>.DoGetEnumerator
 0001:0000E69C       PlasticNotify.TDictionary<System.string,PlasticNotify.TFileNotifier>.DoRemove
 0001:0000E644       PlasticNotify.TDictionary<System.string,PlasticNotify.TFileNotifier>.DoSetValue
 0001:0000ECBC       PlasticNotify.TDictionary<System.string,PlasticNotify.TFileNotifier>.ExtractPair
 0001:0000E394       PlasticNotify.TDictionary<System.string,PlasticNotify.TFileNotifier>.GetBucketIndex
 0001:0000F044       PlasticNotify.TDictionary<System.string,PlasticNotify.TFileNotifier>.GetEnumerator
 0001:0000E478       PlasticNotify.TDictionary<System.string,PlasticNotify.TFileNotifier>.GetItem
 0001:0000EFD4       PlasticNotify.TDictionary<System.string,PlasticNotify.TFileNotifier>.GetKeys
 0001:0000F00C       PlasticNotify.TDictionary<System.string,PlasticNotify.TFileNotifier>.GetValues
 0001:0000E35C       PlasticNotify.TDictionary<System.string,PlasticNotify.TFileNotifier>.Grow
 0001:0000E448       PlasticNotify.TDictionary<System.string,PlasticNotify.TFileNotifier>.Hash
 0001:0000E80C       PlasticNotify.TDictionary<System.string,PlasticNotify.TFileNotifier>.KeyNotify
 0001:0000E23C       PlasticNotify.TDictionary<System.string,PlasticNotify.TFileNotifier>.Rehash
 0001:0000E568       PlasticNotify.TDictionary<System.string,PlasticNotify.TFileNotifier>.RehashAdd
 0001:0000EC90       PlasticNotify.TDictionary<System.string,PlasticNotify.TFileNotifier>.Remove
 0001:0000E1D0       PlasticNotify.TDictionary<System.string,PlasticNotify.TFileNotifier>.SetCapacity
 0001:0000E4D8       PlasticNotify.TDictionary<System.string,PlasticNotify.TFileNotifier>.SetItem
 0001:0000F0D8       PlasticNotify.TDictionary<System.string,PlasticNotify.TFileNotifier>.TKeyCollection.Create
 0001:0000F0BC       PlasticNotify.TDictionary<System.string,PlasticNotify.TFileNotifier>.TKeyCollection.DoGetEnumerator
 0001:0000F0A0       PlasticNotify.TDictionary<System.string,PlasticNotify.TFileNotifier>.TKeyCollection.GetCount
 0001:0000F128       PlasticNotify.TDictionary<System.string,PlasticNotify.TFileNotifier>.TKeyCollection.GetEnumerator
 0001:0000F1B8       PlasticNotify.TDictionary<System.string,PlasticNotify.TFileNotifier>.TKeyEnumerator.Create
 0001:0000F180       PlasticNotify.TDictionary<System.string,PlasticNotify.TFileNotifier>.TKeyEnumerator.DoGetCurrent
 0001:0000F19C       PlasticNotify.TDictionary<System.string,PlasticNotify.TFileNotifier>.TKeyEnumerator.DoMoveNext
 0001:0000F150       PlasticNotify.TDictionary<System.string,PlasticNotify.TFileNotifier>.TKeyEnumerator.GetCurrent
 0001:0000F210       PlasticNotify.TDictionary<System.string,PlasticNotify.TFileNotifier>.TKeyEnumerator.MoveNext
 0001:0000F4E0       PlasticNotify.TDictionary<System.string,PlasticNotify.TFileNotifier>.TPairEnumerator.Create
 0001:0000F4A8       PlasticNotify.TDictionary<System.string,PlasticNotify.TFileNotifier>.TPairEnumerator.DoGetCurrent
 0001:0000F4C4       PlasticNotify.TDictionary<System.string,PlasticNotify.TFileNotifier>.TPairEnumerator.DoMoveNext
 0001:0000F45C       PlasticNotify.TDictionary<System.string,PlasticNotify.TFileNotifier>.TPairEnumerator.GetCurrent
 0001:0000F538       PlasticNotify.TDictionary<System.string,PlasticNotify.TFileNotifier>.TPairEnumerator.MoveNext
 0001:0000EE00       PlasticNotify.TDictionary<System.string,PlasticNotify.TFileNotifier>.TrimExcess
 0001:0000EE1C       PlasticNotify.TDictionary<System.string,PlasticNotify.TFileNotifier>.TryGetValue
 0001:0000F2D4       PlasticNotify.TDictionary<System.string,PlasticNotify.TFileNotifier>.TValueCollection.Create
 0001:0000F2B8       PlasticNotify.TDictionary<System.string,PlasticNotify.TFileNotifier>.TValueCollection.DoGetEnumerator
 0001:0000F29C       PlasticNotify.TDictionary<System.string,PlasticNotify.TFileNotifier>.TValueCollection.GetCount
 0001:0000F324       PlasticNotify.TDictionary<System.string,PlasticNotify.TFileNotifier>.TValueCollection.GetEnumerator
 0001:0000F3B0       PlasticNotify.TDictionary<System.string,PlasticNotify.TFileNotifier>.TValueEnumerator.Create
 0001:0000F378       PlasticNotify.TDictionary<System.string,PlasticNotify.TFileNotifier>.TValueEnumerator.DoGetCurrent
 0001:0000F394       PlasticNotify.TDictionary<System.string,PlasticNotify.TFileNotifier>.TValueEnumerator.DoMoveNext
 0001:0000F34C       PlasticNotify.TDictionary<System.string,PlasticNotify.TFileNotifier>.TValueEnumerator.GetCurrent
 0001:0000F408       PlasticNotify.TDictionary<System.string,PlasticNotify.TFileNotifier>.TValueEnumerator.MoveNext
 0001:0000E840       PlasticNotify.TDictionary<System.string,PlasticNotify.TFileNotifier>.ValueNotify
 0001:0000F264       PlasticNotify.TEnumerable<PlasticNotify.TFileNotifier>.GetEnumerator
 0001:0000F068       PlasticNotify.TEnumerable<System.string>.GetEnumerator
 0001:0000E198       PlasticNotify.TEnumerable<TPair<System.string,PlasticNotify.TFileNotifier>>.GetEnumerator
 0001:0000F280       PlasticNotify.TEnumerator<PlasticNotify.TFileNotifier>.MoveNext
 0001:0000F084       PlasticNotify.TEnumerator<System.string>.MoveNext
 0001:0000E1B4       PlasticNotify.TEnumerator<TPair<System.string,PlasticNotify.TFileNotifier>>.MoveNext
 0001:0000F5B8       PlasticNotify.TEqualityComparer<PlasticNotify.TFileNotifier>.Default
 0001:0000F58C       PlasticNotify.TEqualityComparer<System.string>.Default
 0001:0000C610       PlasticNotify.TFileNotifier.AddRelatedFile
 0001:0000D3EC       PlasticNotify.TFileNotifier.AfterSave
 0001:0000D180       PlasticNotify.TFileNotifier.AfterSave$ActRec.$0$Body
 0001:0000CCE8       PlasticNotify.TFileNotifier.AfterSave$ActRec.$0$Body$ActRec.$0$0$Body
 0001:0000CCC0       PlasticNotify.TFileNotifier.AfterSave$ActRec.$0$Body$ActRec.$0$0$Body$ActRec.$0$0$0$Body
 0001:0000CF34       PlasticNotify.TFileNotifier.AfterSave$ActRec.$0$Body$ActRec.$0$1$Body
 0001:0000CF0C       PlasticNotify.TFileNotifier.AfterSave$ActRec.$0$Body$ActRec.$0$1$Body$ActRec.$0$1$0$Body
 0001:0000DAB0       PlasticNotify.TFileNotifier.BeforeSave
 0001:0000DC40       PlasticNotify.TFileNotifier.CheckOverwrite
 0001:0000DC54       PlasticNotify.TFileNotifier.Create
 0001:0000DD04       PlasticNotify.TFileNotifier.Destroy
 0001:0000DD40       PlasticNotify.TFileNotifier.Destroyed
 0001:0000DD54       PlasticNotify.TFileNotifier.Modified
 0001:0000E054       PlasticNotify.TFileNotifier.ModuleRenamed
 0001:0000E064       PlasticNotify.TFileNotifier.RemoveNotifier
 0001:0000B7E8       PlasticNotify.TIDENotifier.AddFileWatch
 0001:0000BE68       PlasticNotify.TIDENotifier.AfterCompile
 0001:0000BE78       PlasticNotify.TIDENotifier.AfterConstruction
 0001:0000BF10       PlasticNotify.TIDENotifier.AfterSave
 0001:0000BF64       PlasticNotify.TIDENotifier.BeforeCompile
 0001:0000BFC8       PlasticNotify.TIDENotifier.BeforeSave
 0001:0000C01C       PlasticNotify.TIDENotifier.Destroy
 0001:0000C0A4       PlasticNotify.TIDENotifier.Destroyed
 0001:0000C100       PlasticNotify.TIDENotifier.FileNotification
 0001:0000C41C       PlasticNotify.TIDENotifier.Modified
 0001:0000C46C       PlasticNotify.TIDENotifier.PendingCheckoutOfFiles
 0001:0000C488       PlasticNotify.TIDENotifier.RemoveNotifier
 0001:0000E16C       PlasticNotify.TPair<System.string,PlasticNotify.TFileNotifier>.Create
 0004:00000044       PlasticNotify._IDENotifier
 0001:0000D860       PlasticNotify.__CheckReadonlyFile
 0001:0000D638       PlasticNotify.__CheckReadonlyFile$ActRec.$0$0$Body
 0004:00000050       PlasticUtils..4
 0001:00019618       PlasticUtils..LogMessageToIDE$ActRec
 0003:00000114       PlasticUtils.C_BlackListedExt
 0003:00000128       PlasticUtils.C_ProjectFilesExt
 0003:000000EC       PlasticUtils.C_WhiteListedExt
 0001:00019E2C       PlasticUtils.Finalization
 0001:0001996C       PlasticUtils.GetLastStackAsString
 0001:00019A60       PlasticUtils.HandleException
 0001:00019C1C       PlasticUtils.IsBlackListedFile
 0001:00019B74       PlasticUtils.IsWhiteListedFile
 0001:000198C8       PlasticUtils.LogMessageToIDE
 0001:00019780       PlasticUtils.LogMessageToIDE$ActRec.$0$Body
 0002:00000300       PlasticUtils.PlasticUtils
 0001:00019CC4       PlasticUtils.SearchCorrespondingFiles
 0001:00001058       PlatformDefaultStyleActnCtrls.Finalization
 0002:00000190       PlatformDefaultStyleActnCtrls.PlatformDefaultStyleActnCtrls
 0001:00000FC8       Printers.Finalization
 0002:00000100       Printers.Printers
 0001:00000C80       Registry.Finalization
 0002:00000090       Registry.Registry
 0001:00000C70       Registry.TRegIniFile.Create
 0001:00000C78       Registry.TRegIniFile.ReadString
 0001:00000C50       Registry.TRegistry.CloseKey
 0001:00000C48       Registry.TRegistry.Create
 0001:00000C60       Registry.TRegistry.OpenKey
 0001:00000C68       Registry.TRegistry.ReadString
 0001:00000C58       Registry.TRegistry.SetRootKey
 0001:00000FB0       ShellAPI.ShellExecute
 0001:00000FB8       ShellAPI.SHGetFileInfo
 0001:00000A10       StrUtils.IfThen
 0001:00000A08       StrUtils.StartsText
 0001:00000BC0       SyncObjs.Finalization
 0002:00000068       SyncObjs.SyncObjs
 0001:00000BB8       SyncObjs.TCriticalSection.Create
 0001:00000BA0       SyncObjs.TEvent.Create
 0001:00000BB0       SyncObjs.TEvent.ResetEvent
 0001:00000BA8       SyncObjs.TEvent.SetEvent
 0001:000003C8       SysInit.@GetTls
 0001:00000438       SysInit.@InitPkg
 0001:0000049C       SysInit.@PackageLoad
 0001:000004A8       SysInit.@PackageUnload
 0001:000002E8       SysInit.AllocTlsBuffer
 0001:000003A4       SysInit.ExitProcessTLS
 0001:0000036C       SysInit.ExitThreadTLS
 0001:000002B0       SysInit.FreeLibrary
 0001:000002F4       SysInit.GetTlsSize
 0004:00000004       SysInit.HInstance
 0001:00000408       SysInit.InitializeModule
 0001:00000340       SysInit.InitProcessTLS
 0001:000002FC       SysInit.InitThreadTLS
 0001:000002B8       SysInit.LocalAlloc
 0001:000002C0       SysInit.LocalFree
 0003:00000008       SysInit.Module
 0004:00000000       SysInit.ModuleIsLib
 0004:00000001       SysInit.ModuleIsPackage
 0003:00000004       SysInit.PtrToNil
 0001:000002C8       SysInit.TlsAlloc
 0004:00000008       SysInit.tlsBuffer
 0001:000002D0       SysInit.TlsFree
 0001:000002D8       SysInit.TlsGetValue
 0003:00000000       SysInit.TlsIndex
 0005:00000008       SysInit.TlsLast
 0003:00000024       SysInit.TlsProc
 0001:000002E0       SysInit.TlsSetValue
 0001:00000414       SysInit.UninitializeModule
 0001:00000020       System.@AbstractError
 0001:000000C0       System.@AfterConstruction
 0001:00000078       System.@AsClass
 0001:00000128       System.@Assert
 0001:000000C8       System.@BeforeDestruction
 0001:000000B0       System.@ClassCreate
 0001:000000B8       System.@ClassDestroy
 0001:00000210       System.@CopyRecord
 0001:00000100       System.@DoneExcept
 0001:00000238       System.@DynArrayAsg
 0001:00000230       System.@DynArrayClear
 0001:00000220       System.@DynArrayHigh
 0001:00000218       System.@DynArrayLength
 0001:00000228       System.@DynArraySetLength
 0001:00000028       System.@FillChar
 0001:00000208       System.@FinalizeArray
 0001:00000200       System.@FinalizeRecord
 0001:00000008       System.@FreeMem
 0001:00000000       System.@GetMem
 0001:000000E0       System.@HandleAnyException
 0001:000000F0       System.@HandleFinally
 0001:000000E8       System.@HandleOnException
 0001:000001F8       System.@InitializeRecord
 0001:00000268       System.@IntfAddRef
 0001:00000260       System.@IntfCast
 0001:00000250       System.@IntfClear
 0001:00000258       System.@IntfCopy
 0001:00000070       System.@IsClass
 0001:00000150       System.@LStrCat3
 0001:00000130       System.@LStrClr
 0001:00000138       System.@LStrFromPCharLen
 0001:000001B0       System.@LStrFromUStr
 0001:00000148       System.@LStrLen
 0001:00000160       System.@LStrSetLength
 0001:00000158       System.@LStrToPChar
 0001:00000110       System.@PackageLoad
 0001:00000118       System.@PackageUnload
 0001:000000F8       System.@RaiseExcept
 0001:00000010       System.@ReallocMem
 0001:00000120       System.@RunError
[...]
   569 0001:00013E0C   572 0001:00013E28   574 0001:00013E37   575 0001:00013E3A
   576 0001:00013E49   582 0001:00013E6C   583 0001:00013E91   584 0001:00013EA0
   585 0001:00013EAE   586 0001:00013EB9   588 0001:00013ED4   590 0001:00013EE4
   594 0001:00013F08   595 0001:00013F2D   596 0001:00013F47   597 0001:00013F58
   598 0001:00013F66   599 0001:00013F8C   598 0001:00013FAA   600 0001:00013FC3
   602 0001:00013FE0   603 0001:00013FE6   605 0001:00014010   606 0001:00014038
   612 0001:000141E0   613 0001:00014205   614 0001:00014214   615 0001:00014222
   616 0001:0001422D   618 0001:00014248   620 0001:00014258   624 0001:0001427C
   625 0001:000142A1   626 0001:000142B2   627 0001:000142C0   628 0001:000142E6
   627 0001:00014304   629 0001:0001431D   631 0001:0001433A   632 0001:00014340
   634 0001:0001436A   635 0001:00014392   638 0001:00014458   639 0001:0001445F
   640 0001:0001447C   641 0001:00014486   646 0001:0001456C   647 0001:000145AD
   648 0001:000145B1   649 0001:000145BF   651 0001:000145DC   652 0001:000145E1
   653 0001:000145EF   656 0001:00014629   658 0001:00014648   661 0001:0001464C
   662 0001:00014652   664 0001:00014671   667 0001:000146CB   671 0001:000146F6
   673 0001:00014709   678 0001:00014934   679 0001:0001496D   681 0001:00014975
   682 0001:00014979   683 0001:00014987   685 0001:000149A4   686 0001:000149A9
   693 0001:000149B7   696 0001:000149E9   698 0001:00014A08   699 0001:00014A24
   702 0001:00014A28   703 0001:00014A2E   705 0001:00014A4D   708 0001:00014AA7
   712 0001:00014AD2   714 0001:00014AE5   718 0001:00014D64   719 0001:00014D89
   720 0001:00014D9A   721 0001:00014DA8   722 0001:00014DCE   721 0001:00014DEC
   723 0001:00014E05   725 0001:00014E22   726 0001:00014E28   728 0001:00014E52
   729 0001:00014E7A   736 0001:00014F40   737 0001:00014F7C   739 0001:00014F84
   740 0001:00014F88   741 0001:00014F96   743 0001:00014FB3   744 0001:00014FB8
   753 0001:00014FC6   754 0001:00014FD1   755 0001:00014FDF   756 0001:00014FED
   758 0001:00014FF3   760 0001:00015025   761 0001:0001502E   762 0001:0001503B
   763 0001:00015044   766 0001:0001505C   769 0001:0001506C   772 0001:0001509E
   774 0001:000150BD   775 0001:000150D9   778 0001:000150DD   779 0001:000150E3
   781 0001:00015102   784 0001:0001515C   788 0001:00015187   790 0001:0001519A
   795 0001:00015428   796 0001:00015461   798 0001:00015469   799 0001:0001546D
   800 0001:0001547B   802 0001:00015498   803 0001:0001549D   813 0001:000154AB
   816 0001:000154DD   818 0001:000154FC   819 0001:00015518   822 0001:0001551C
   823 0001:00015522   825 0001:00015541   828 0001:0001559B   832 0001:000155C6
   834 0001:000155D9   838 0001:00015814   839 0001:00015839   840 0001:0001584A
   841 0001:00015858   842 0001:0001587E   841 0001:0001589C   843 0001:000158B5
   845 0001:000158D2   846 0001:000158D8   848 0001:00015902   849 0001:0001592A
   852 0001:000159F0   853 0001:000159F9   856 0001:00015A2B   857 0001:00015A34
   860 0001:00015A3C   861 0001:00015A48   862 0001:00015A65   863 0001:00015A84
   864 0001:00015A98   875 0001:00015B7C   876 0001:00015BB3   877 0001:00015BBD
   878 0001:00015BD1   879 0001:00015BDF   880 0001:00015BEC   882 0001:00015BFF
   883 0001:00015C0F   885 0001:00015C17   887 0001:00015C2C   891 0001:00015C3C
   894 0001:00015C48   895 0001:00015C65   898 0001:00015CAB   900 0001:00015CB5
   902 0001:00015CBF   903 0001:00015CD3   904 0001:00015CE1   905 0001:00015CEE
   907 0001:00015D01   908 0001:00015D11   909 0001:00015D17   910 0001:00015D27
   911 0001:00015D2D   912 0001:00015D3D   914 0001:00015D45   916 0001:00015D5A
   920 0001:00015D6A   921 0001:00015D7A   925 0001:00015DB0   927 0001:00015DB6
   928 0001:00015DCC   929 0001:00015DE2   934 0001:00015DED   939 0001:00016094
   940 0001:000160A1   941 0001:000160BE   942 0001:000160CC   945 0001:000160F5
   947 0001:0001610F   949 0001:00016129   951 0001:00016139   956 0001:0001624C
   957 0001:00016271   958 0001:00016277   960 0001:000162C3   962 0001:000162CF
   963 0001:000162E2   966 0001:00016344   968 0001:0001634B   969 0001:00016356
   970 0001:00016364   972 0001:0001637C   974 0001:0001638F   978 0001:00016394
   979 0001:000163A6   980 0001:000163AA   982 0001:000163B7   983 0001:000163C5
   985 0001:000163E2   987 0001:00016411   989 0001:00016414   991 0001:00016421
   992 0001:0001642B   993 0001:00016436   995 0001:0001643E   998 0001:0001644B
  1002 0001:00016538  1003 0001:00016544  1004 0001:00016549  1005 0001:00016554
  1006 0001:00016562  1007 0001:00016573  1009 0001:00016579  1010 0001:00016588
  1011 0001:00016596  1014 0001:000165B4  1016 0001:000165C7  1021 0001:000165D0
  1022 0001:00016606  1023 0001:0001660A  1024 0001:00016618  1026 0001:00016635
  1027 0001:0001663A  1028 0001:00016648  1031 0001:0001667A  1033 0001:00016699
  1036 0001:0001669D  1037 0001:000166A3  1039 0001:000166C2  1042 0001:0001671C
  1046 0001:00016747  1048 0001:0001675A  1054 0001:00016970  1055 0001:00016995
  1056 0001:000169A4  1057 0001:000169B2  1058 0001:000169BD  1060 0001:000169D8
  1062 0001:000169E8  1066 0001:00016A0C  1067 0001:00016A31  1068 0001:00016A42
  1069 0001:00016A50  1070 0001:00016A76  1069 0001:00016A94  1071 0001:00016AAD
  1073 0001:00016ACA  1074 0001:00016AD0  1076 0001:00016AFA  1077 0001:00016B22
  1082 0001:00016BD0  1083 0001:00016BEA  1084 0001:00016C05  1085 0001:00016C2C
  1090 0001:00016C94  1091 0001:00016CB6  1092 0001:00016CC3  1096 0001:00016CDE
  1097 0001:00016CEE  1099 0001:00016CFA  1100 0001:00016D23  1104 0001:00016D25
  1106 0001:00016D33  1107 0001:00016D48  1112 0001:00016E2C  1113 0001:00016E47
  1114 0001:00016E55  1115 0001:00016E69  1116 0001:00016E7D  1117 0001:00016E89
  1125 0001:00016EA8  1126 0001:00016EE0  1127 0001:00016EFD  1128 0001:00016F01
  1129 0001:00016F16  1130 0001:00016F24  1131 0001:00016F2B  1132 0001:00016F32
  1134 0001:00016F44  1136 0001:00016F51  1142 0001:00016F71  1143 0001:00016F7D
  1140 0001:00016F84  1149 0001:00016F8D  1151 0001:00016F97  1153 0001:00016FB6
  1154 0001:00016FC7  1156 0001:00016FDB  1157 0001:0001700F  1158 0001:00017017
  1161 0001:0001704B  1162 0001:00017051  1164 0001:0001705F  1167 0001:00017061
  1168 0001:00017072  1169 0001:0001707D  1151 0001:00017080  1171 0001:00017089
  1173 0001:000170A1  1175 0001:000170C6  1178 0001:00017210  1179 0001:00017221
  1180 0001:0001722F  1181 0001:0001723A  1182 0001:00017245  1183 0001:00017250
  1184 0001:0001725E  1190 0001:000172B0  1191 0001:000172BF  1192 0001:000172C7
  1193 0001:000172D5  1195 0001:000172F2  1196 0001:000172F6  1197 0001:000172FD
  1198 0001:0001730B  1199 0001:00017313  1200 0001:0001731E  1201 0001:00017329
  1202 0001:00017337  1203 0001:00017348  1205 0001:00017351  1208 0001:00017358
  1211 0001:0001736A  1212 0001:00017375  1216 0001:00017380  1219 0001:000173BB
  1220 0001:000173C3  1223 0001:000173E5  1225 0001:000173F5  1228 0001:00017574
  1229 0001:00017580  1230 0001:0001758E  1231 0001:0001759A  1232 0001:000175A8
  1234 0001:000175B0  1237 0001:000175C3  1238 0001:000175D1  1240 0001:000175E5
  1241 0001:000175F0  1244 0001:00017603  1247 0001:0001761D  1248 0001:00017628
  1251 0001:00017650  1235 0001:00017660  1255 0001:0001766D  1256 0001:0001767B
  1257 0001:00017688  1261 0001:0001778C  1262 0001:0001779E  1264 0001:000177AC
  1265 0001:000177C9  1267 0001:000177D2  1268 0001:000177EF  1270 0001:000177FD
  1273 0001:0001780D  1278 0001:0001782F  1280 0001:0001783F  1283 0001:00017984
  1284 0001:000179A9  1285 0001:000179BD  1286 0001:000179D1  1287 0001:000179E1
  1289 0001:000179EE  1290 0001:000179FB  1291 0001:00017A08  1293 0001:00017A15
  1294 0001:00017A29  1295 0001:00017A38  1296 0001:00017A46  1298 0001:00017A6C
  1299 0001:00017A6F  1304 0001:00017ACC  1307 0001:00017B5C  1308 0001:00017B63
  1309 0001:00017B71  1310 0001:00017B79  1311 0001:00017B84  1317 0001:00017BD0
  1318 0001:00017BFB  1320 0001:00017C20  1436 0001:00017C30

Line numbers for PlasticEngine(PlasticEngine.pas) segment .itext

  1313 0002:00000270  1314 0002:0000027C  1316 0002:0000028D

Line numbers for PlasticUtils(PlasticUtils.pas) segment .text

    73 0001:00019780    74 0001:0001979B    76 0001:000197B0    77 0001:000197CE
    79 0001:000197F5    80 0001:00019806    81 0001:0001981F    83 0001:0001984E
    69 0001:000198C8    71 0001:00019936    84 0001:00019947    91 0001:0001996C
    92 0001:00019978    93 0001:00019986    94 0001:0001998E    95 0001:0001999D
    96 0001:000199AB    99 0001:000199BE   100 0001:000199C6   103 0001:000199DB
   104 0001:000199EE   106 0001:00019A06   107 0001:00019A0E   110 0001:00019A2D
   112 0001:00019A3F   122 0001:00019A60   123 0001:00019A82   124 0001:00019A88
   126 0001:00019AD4   129 0001:00019AE0   130 0001:00019AEE   136 0001:00019B74
   137 0001:00019B96   138 0001:00019B9A   141 0001:00019BB0   143 0001:00019BCE
   145 0001:00019BDB   146 0001:00019BDF   148 0001:00019BE1   141 0001:00019BE4
   152 0001:00019BEA   158 0001:00019C1C   159 0001:00019C3E   164 0001:00019C42
   166 0001:00019C58   168 0001:00019C76   170 0001:00019C83   171 0001:00019C87
   173 0001:00019C89   166 0001:00019C8C   177 0001:00019C92   183 0001:00019CC4
   184 0001:00019CE9   185 0001:00019CF4   188 0001:00019D0F   190 0001:00019D1A
   192 0001:00019D38   194 0001:00019D51   195 0001:00019D5D   197 0001:00019D78
   200 0001:00019D93   201 0001:00019D9E   190 0001:00019DA1   202 0001:00019DA7

Line numbers for PlasticUtils(PlasticUtils.pas) segment .itext

   204 0002:00000300

Line numbers for PlasticExpert(PlasticExpert.pas) segment .text

   123 0001:0001BD8C   125 0001:0001BDA4   133 0001:0001BDB0   135 0001:0001BDBA
   136 0001:0001BDCC   137 0001:0001BDD9   139 0001:0001BDE4   140 0001:0001BDFE
   141 0001:0001BE06   148 0001:0001BE9C   149 0001:0001BEBE   150 0001:0001BECA
   153 0001:0001BEDF   154 0001:0001BEFB   155 0001:0001BF0B   157 0001:0001BF18
   161 0001:0001BF52   162 0001:0001BF6A   163 0001:0001BF70   165 0001:0001BF79
   166 0001:0001BF84   168 0001:0001BF9D   171 0001:0001BFD0   173 0001:0001BFDE
   176 0001:0001C011   177 0001:0001C01F   179 0001:0001C02C   182 0001:0001C037
   184 0001:0001C068   186 0001:0001C076   188 0001:0001C0AA   190 0001:0001C0B8
   192 0001:0001C0EC   194 0001:0001C0FA   196 0001:0001C12E   198 0001:0001C13C
   201 0001:0001C147   204 0001:0001C175   206 0001:0001C183   208 0001:0001C1B7
   210 0001:0001C1C5   213 0001:0001C1F9   215 0001:0001C207   218 0001:0001C212
   221 0001:0001C240   223 0001:0001C24E   226 0001:0001C282   228 0001:0001C290
   231 0001:0001C2C4   233 0001:0001C2D2   235 0001:0001C300   236 0001:0001C30E
   239 0001:0001C319   243 0001:0001C375   245 0001:0001C383   246 0001:0001C388
   248 0001:0001C3B6   250 0001:0001C3C4   251 0001:0001C3CC   257 0001:0001CE38
   258 0001:0001CE5F   259 0001:0001CE6D   263 0001:0001CE82   264 0001:0001CE98
   282 0001:0001CEA3   283 0001:0001CED1   282 0001:0001CEDC   283 0001:0001CEF5
   284 0001:0001CF12   286 0001:0001CF1D   288 0001:0001CF28   290 0001:0001CF32
   292 0001:0001CF5B   294 0001:0001CF6E   299 0001:0001CFB0   300 0001:0001CFD2
   301 0001:0001CFE5   302 0001:0001CFF4   303 0001:0001D002   305 0001:0001D012
   306 0001:0001D01D   307 0001:0001D02B   310 0001:0001D038   312 0001:0001D04C
   313 0001:0001D05D   315 0001:0001D09A   318 0001:0001D0AE   320 0001:0001D0C3
   321 0001:0001D0CB   323 0001:0001D0E6   328 0001:0001D1FC   329 0001:0001D21E
   330 0001:0001D231   331 0001:0001D23F   332 0001:0001D24E   333 0001:0001D25C
   336 0001:0001D26C   338 0001:0001D280   339 0001:0001D28B   340 0001:0001D29C
   342 0001:0001D2D9   345 0001:0001D2E9   347 0001:0001D2FE   349 0001:0001D319
   354 0001:0001D424   355 0001:0001D446   356 0001:0001D459   357 0001:0001D467
   359 0001:0001D485   361 0001:0001D495   362 0001:0001D4A4   363 0001:0001D4B2
   364 0001:0001D4BD   365 0001:0001D4CE   367 0001:0001D50B   370 0001:0001D51B
   373 0001:0001D530   375 0001:0001D54B   381 0001:0001D6E4   382 0001:0001D708
   383 0001:0001D71B   384 0001:0001D72A   386 0001:0001D738   387 0001:0001D74D
   388 0001:0001D75E   389 0001:0001D780   391 0001:0001D797   393 0001:0001D7AB
   396 0001:0001D7BB   397 0001:0001D7C6   398 0001:0001D7D7   400 0001:0001D807
   402 0001:0001D81C   403 0001:0001D824   405 0001:0001D83F   410 0001:0001D968
   412 0001:0001D971   414 0001:0001D99F   415 0001:0001D9A8   417 0001:0001D9C2
   412 0001:0001D9CD   418 0001:0001D9E6   419 0001:0001DA03   424 0001:0001DA08
   425 0001:0001DA2A   426 0001:0001DA3D   427 0001:0001DA4C   428 0001:0001DA5A
   430 0001:0001DA6A   431 0001:0001DA75   432 0001:0001DA88   433 0001:0001DAB8
   435 0001:0001DACD   436 0001:0001DAD5   438 0001:0001DAF0   441 0001:0001DBF4
   442 0001:0001DC00   444 0001:0001DC06   445 0001:0001DC13   447 0001:0001DC1E
   448 0001:0001DC28   453 0001:0001DC2C   454 0001:0001DC4E   455 0001:0001DC61
   456 0001:0001DC70   457 0001:0001DC7E   460 0001:0001DC8E   462 0001:0001DCA2
   463 0001:0001DCAD   464 0001:0001DCBE   465 0001:0001DCEE   467 0001:0001DD03
   468 0001:0001DD0B   470 0001:0001DD26   477 0001:0001DE18   478 0001:0001DE3C
   479 0001:0001DE44   480 0001:0001DE59   482 0001:0001DE6A   484 0001:0001DE8D
   485 0001:0001DEB1   486 0001:0001DEBC   482 0001:0001DEBF   488 0001:0001DEC4
   494 0001:0001DF24   495 0001:0001DF43   496 0001:0001DF56   497 0001:0001DF65
   498 0001:0001DF73   501 0001:0001DF83   504 0001:0001DF8E   505 0001:0001DFB4
   504 0001:0001DFBE   505 0001:0001DFD7   508 0001:0001DFF4   511 0001:0001E008
   513 0001:0001E01D   514 0001:0001E025   516 0001:0001E040   524 0001:0001E130
   525 0001:0001E14D   526 0001:0001E160   527 0001:0001E16E   529 0001:0001E179
   532 0001:0001E1B7   534 0001:0001E1C8   535 0001:0001E1DE   540 0001:0001E1F6
   542 0001:0001E211   546 0001:0001E2E0   547 0001:0001E305   548 0001:0001E317
   549 0001:0001E321   552 0001:0001E348   554 0001:0001E354   559 0001:0001E358
   560 0001:0001E374   562 0001:0001E378   563 0001:0001E38D   564 0001:0001E39E
   565 0001:0001E3BF   570 0001:0001E40C   571 0001:0001E42A   573 0001:0001E434
   577 0001:0001E449   580 0001:0001E46A   582 0001:0001E480   585 0001:0001E4C4
   586 0001:0001E4EF   587 0001:0001E4F3   589 0001:0001E4FD   594 0001:0001E512
   597 0001:0001E560   599 0001:0001E57C   600 0001:0001E586   603 0001:0001E5AD
   605 0001:0001E5C9   606 0001:0001E5D3   611 0001:0001E5F8   616 0001:0001E670
   617 0001:0001E695   619 0001:0001E69B   620 0001:0001E6AD   623 0001:0001E6C7
   625 0001:0001E706   628 0001:0001E712   633 0001:0001E77C   634 0001:0001E7A1
   635 0001:0001E7A7   637 0001:0001E7F3   638 0001:0001E7FF   640 0001:0001E80D
   648 0001:0001E86C   649 0001:0001E890   650 0001:0001E8A3   651 0001:0001E8B2
   652 0001:0001E8C0   654 0001:0001E8D0   655 0001:0001E8DB   656 0001:0001E8EC
   659 0001:0001E91C   660 0001:0001E931   663 0001:0001E967   666 0001:0001E97C
   669 0001:0001E9B0   670 0001:0001E9D6   669 0001:0001E9EC   670 0001:0001EA05
   671 0001:0001EA22   674 0001:0001EA3A   675 0001:0001EA42   677 0001:0001EA5D
   686 0001:0001EBD0   687 0001:0001EBDC   688 0001:0001EBEF   689 0001:0001EBFD
   691 0001:0001EC14   693 0001:0001EC2F   750 0001:0001EFA8   751 0001:0001EFC4
   752 0001:0001EFD0   755 0001:0001F009   756 0001:0001F019   758 0001:0001F031
   760 0001:0001F047   764 0001:0001F05A   765 0001:0001F06D   767 0001:0001F080
   768 0001:0001F0B3   769 0001:0001F0E8   770 0001:0001F106   772 0001:0001F13B
   773 0001:0001F172   774 0001:0001F1A4   775 0001:0001F1D6   776 0001:0001F208
   777 0001:0001F23D   779 0001:0001F272   782 0001:0001F2B9   784 0001:0001F2C7
   786 0001:0001F2D5   735 0001:0001F3B4   736 0001:0001F40F   737 0001:0001F422
   738 0001:0001F430   740 0001:0001F43E   743 0001:0001F464   748 0001:0001F47A
   788 0001:0001F498   791 0001:0001F4B3   700 0001:0001F558   701 0001:0001F5A7
   702 0001:0001F5B5   703 0001:0001F5BD   706 0001:0001F5D9   708 0001:0001F5F3
   709 0001:0001F607   710 0001:0001F615   711 0001:0001F623   712 0001:0001F636
   713 0001:0001F667   714 0001:0001F67A   712 0001:0001F684   714 0001:0001F69D
   716 0001:0001F6BA   717 0001:0001F6CA   721 0001:0001F6DA   722 0001:0001F71C
   723 0001:0001F729   726 0001:0001F738   727 0001:0001F77A   728 0001:0001F784
   730 0001:0001F793   733 0001:0001F79E   794 0001:0001F7CF   796 0001:0001F7E5
   807 0001:0001F878   808 0001:0001F884   843 0001:0001F899   849 0001:0001F8D8
   850 0001:0001F8E7   852 0001:0001F8F8   853 0001:0001F906   855 0001:0001F913
   856 0001:0001F925   858 0001:0001F92D   850 0001:0001F930   859 0001:0001F936
   864 0001:0001F93C   865 0001:0001F95B   866 0001:0001F965   868 0001:0001F97A
   869 0001:0001F994   870 0001:0001F9AE   871 0001:0001F9C8   872 0001:0001F9E2
   873 0001:0001F9FC   878 0001:0001FAFC   879 0001:0001FB1D   880 0001:0001FB32
   882 0001:0001FB47   885 0001:0001FBA7   886 0001:0001FBDA   889 0001:0001FC0B
   896 0001:0001FD04   897 0001:0001FD29   898 0001:0001FD3C   899 0001:0001FD4B
   900 0001:0001FD59   902 0001:0001FD64   903 0001:0001FD6E   904 0001:0001FD78
   906 0001:0001FDA1   908 0001:0001FDA7   909 0001:0001FDB2   910 0001:0001FDCA
   912 0001:0001FDFB   915 0001:0001FE0A   916 0001:0001FE15   918 0001:0001FE36
   921 0001:0001FE46   922 0001:0001FE65   904 0001:0001FE70   923 0001:0001FE8D
   926 0001:0001FEAA   928 0001:0001FEB0   929 0001:0001FEBD   930 0001:0001FEC8
   931 0001:0001FEE9   932 0001:0001FF08   935 0001:0001FF20   936 0001:0001FF28
   939 0001:0001FF43   946 0001:00020060   947 0001:000200AD   949 0001:000200C2
   952 0001:000200DB   953 0001:000200ED   954 0001:000200FA   955 0001:00020105
   956 0001:00020110   957 0001:0002011B   959 0001:0002012F   960 0001:0002013E
   961 0001:0002014C   962 0001:0002015A   963 0001:0002016B   965 0001:000201A4
   966 0001:000201A7   969 0001:000201CF   972 0001:000201DF   973 0001:000201ED
   976 0001:000201FC   977 0001:00020213   980 0001:00020290   981 0001:0002029C
   982 0001:000202B1   983 0001:000202BC   984 0001:000202CA  1019 0001:000202D4
  1020 0001:000202F2  1021 0001:00020301  1023 0001:0002030F  1024 0001:0002031A
  1027 0001:00020340  1028 0001:0002034C  1024 0001:00020356  1029 0001:0002036F
  1031 0001:00020399  1035 0001:000203A9  1036 0001:000203BE  1037 0001:000203CF
  1038 0001:000203E6  1043 0001:00020434  1044 0001:00020456  1045 0001:00020469
  1046 0001:00020478  1047 0001:00020486  1050 0001:00020496  1052 0001:000204AA
  1053 0001:000204B5  1054 0001:000204C6  1056 0001:00020503  1057 0001:0002050B
  1059 0001:00020526  1062 0001:00020628  1063 0001:00020634  1064 0001:00020647
  1065 0001:00020655  1066 0001:0002065F  1069 0001:0002066F  1070 0001:0002067A
  1071 0001:00020687  1073 0001:0002069E  1075 0001:000206B9  1099 0001:0002075C
  1100 0001:0002077D  1101 0001:00020785  1103 0001:000207A4  1106 0001:000207AB
  1107 0001:000207E1  1104 0001:000207E4  1110 0001:00020804  1135 0001:00020864
  1136 0001:00020870  1137 0001:0002087A  1147 0001:00020880  1148 0001:0002089D
  1150 0001:000208C2  1152 0001:000208D2  1154 0001:000208D9

Line numbers for PlasticExpert(PlasticExpert.pas) segment .itext

  1139 0002:00000308  1140 0002:00000317  1141 0002:00000325  1143 0002:00000351
  1146 0002:00000365

Line numbers for Unit1(C:\temp\Unit1.pas) segment .itext

     7 0002:0000036C

Line numbers for .PlasticPluginD2010(PlasticPluginD2010.dpk) segment .itext

    51 0002:00000374

Bound resource files

fDebugConsole.dfm
PlasticPluginD2010.res
Images.res
PlasticPluginD2010.drf


Program entry point at 0002:00000374
