
 Start         Length     Name                   Class
 0001:00401000 000208F4H .text                   CODE
 0002:00422000 00000374H .itext                  ICODE
 0003:00423000 00000148H .data                   DATA
 0004:00424000 00000060H .bss                    BSS
 0005:00000000 00000000H .tls                    TLS


Detailed map of segments

 0001:00000000 000002AE C=CODE     S=.text    G=(none)   M=System   ACBP=A9
 0001:000002B0 00000203 C=CODE     S=.text    G=(none)   M=SysInit  ACBP=A9
 0001:000004B4 00000006 C=CODE     S=.text    G=(none)   M=Generics.Defaults ACBP=A9
 0001:000004BC 00000006 C=CODE     S=.text    G=(none)   M=TypInfo  ACBP=A9
 0001:000004C4 0000010E C=CODE     S=.text    G=(none)   M=SysUtils ACBP=A9
 0001:000005D4 00000411 C=CODE     S=.text    G=(none)   M=Windows  ACBP=A9
 0001:000009E8 00000006 C=CODE     S=.text    G=(none)   M=Math     ACBP=A9
 0001:000009F0 0000000E C=CODE     S=.text    G=(none)   M=StrUtils ACBP=A9
 0001:00000A00 00000006 C=CODE     S=.text    G=(none)   M=Variants ACBP=A9
 0001:00000A08 00000006 C=CODE     S=.text    G=(none)   M=VarUtils ACBP=A9
 0001:00000A10 00000006 C=CODE     S=.text    G=(none)   M=Generics.Collections ACBP=A9
 0001:00000A18 00000166 C=CODE     S=.text    G=(none)   M=Classes  ACBP=A9
 0001:00000B80 00000026 C=CODE     S=.text    G=(none)   M=SyncObjs ACBP=A9
 0001:00000BA8 00000006 C=CODE     S=.text    G=(none)   M=TimeSpan ACBP=A9
 0001:00000BB0 00000016 C=CODE     S=.text    G=(none)   M=ComCtrls ACBP=A9
 0001:00000BC8 00000046 C=CODE     S=.text    G=(none)   M=ActnList ACBP=A9
 0001:00000C10 00000016 C=CODE     S=.text    G=(none)   M=Graphics ACBP=A9
 0001:00000C28 0000003E C=CODE     S=.text    G=(none)   M=Registry ACBP=A9
 0001:00000C68 00000006 C=CODE     S=.text    G=(none)   M=IniFiles ACBP=A9
 0001:00000C70 0000000E C=CODE     S=.text    G=(none)   M=IOUtils  ACBP=A9
 0001:00000C80 00000006 C=CODE     S=.text    G=(none)   M=DateUtils ACBP=A9
 0001:00000C88 00000006 C=CODE     S=.text    G=(none)   M=Themes   ACBP=A9
 0001:00000C90 00000106 C=CODE     S=.text    G=(none)   M=Controls ACBP=A9
 0001:00000D98 0000005E C=CODE     S=.text    G=(none)   M=Menus    ACBP=A9
 0001:00000DF8 00000006 C=CODE     S=.text    G=(none)   M=UxTheme  ACBP=A9
 0001:00000E00 00000006 C=CODE     S=.text    G=(none)   M=MultiMon ACBP=A9
 0001:00000E08 0000015E C=CODE     S=.text    G=(none)   M=Forms    ACBP=A9
 0001:00000F68 00000006 C=CODE     S=.text    G=(none)   M=HelpIntfs ACBP=A9
 0001:00000F70 00000016 C=CODE     S=.text    G=(none)   M=Dialogs  ACBP=A9
 0001:00000F88 00000006 C=CODE     S=.text    G=(none)   M=GraphUtil ACBP=A9
 0001:00000F90 0000000E C=CODE     S=.text    G=(none)   M=ShellAPI ACBP=A9
 0001:00000FA0 00000006 C=CODE     S=.text    G=(none)   M=ExtCtrls ACBP=A9
 0001:00000FA8 00000006 C=CODE     S=.text    G=(none)   M=Printers ACBP=A9
 0001:00000FB0 00000006 C=CODE     S=.text    G=(none)   M=Clipbrd  ACBP=A9
 0001:00000FB8 00000006 C=CODE     S=.text    G=(none)   M=FlatSB   ACBP=A9
 0001:00000FC0 00000006 C=CODE     S=.text    G=(none)   M=ToolsAPI ACBP=A9
 0001:00000FC8 00000006 C=CODE     S=.text    G=(none)   M=XMLIntf  ACBP=A9
 0001:00000FD0 00000006 C=CODE     S=.text    G=(none)   M=xmldom   ACBP=A9
 0001:00000FD8 00000006 C=CODE     S=.text    G=(none)   M=msxmldom ACBP=A9
 0001:00000FE0 00000006 C=CODE     S=.text    G=(none)   M=ComObj   ACBP=A9
 0001:00000FE8 00000006 C=CODE     S=.text    G=(none)   M=DockForm ACBP=A9
 0001:00000FF0 00000006 C=CODE     S=.text    G=(none)   M=IDEMessages ACBP=A9
 0001:00000FF8 00000006 C=CODE     S=.text    G=(none)   M=DeskForm ACBP=A9
 0001:00001000 00000006 C=CODE     S=.text    G=(none)   M=BaseDock ACBP=A9
 0001:00001008 00000006 C=CODE     S=.text    G=(none)   M=PercentageDockTree ACBP=A9
 0001:00001010 00000006 C=CODE     S=.text    G=(none)   M=CaptionedDockTree ACBP=A9
 0001:00001018 00000006 C=CODE     S=.text    G=(none)   M=DockTabSet ACBP=A9
 0001:00001020 00000006 C=CODE     S=.text    G=(none)   M=Tabs     ACBP=A9
 0001:00001028 00000006 C=CODE     S=.text    G=(none)   M=DeskUtil ACBP=A9
 0001:00001030 00000006 C=CODE     S=.text    G=(none)   M=TabDock  ACBP=A9
 0001:00001038 00000006 C=CODE     S=.text    G=(none)   M=PlatformDefaultStyleActnCtrls ACBP=A9
 0001:00001040 00000006 C=CODE     S=.text    G=(none)   M=Buttons  ACBP=A9
 0001:00001048 00000006 C=CODE     S=.text    G=(none)   M=ActnMan  ACBP=A9
 0001:00001050 00000006 C=CODE     S=.text    G=(none)   M=ActnMenus ACBP=A9
 0001:00001058 00000006 C=CODE     S=.text    G=(none)   M=ExtActns ACBP=A9
 0001:00001060 00000006 C=CODE     S=.text    G=(none)   M=ExtDlgs  ACBP=A9
 0001:00001068 00000006 C=CODE     S=.text    G=(none)   M=Mapi     ACBP=A9
 0001:00001070 00000007 C=CODE     S=.text    G=(none)   M=JvConsts ACBP=A9
 0001:00001078 00003BDB C=CODE     S=.text    G=(none)   M=JvCreateProcess ACBP=A9
 0001:00004C54 0000148B C=CODE     S=.text    G=(none)   M=DbugIntf ACBP=A9
 0001:000060E0 0000091F C=CODE     S=.text    G=(none)   M=fDebugConsole ACBP=A9
 0001:00006A00 00002E5F C=CODE     S=.text    G=(none)   M=PlasticAsync ACBP=A9
 0001:00009860 000051F5 C=CODE     S=.text    G=(none)   M=PlasticNotify ACBP=A9
 0001:0000EA58 00009529 C=CODE     S=.text    G=(none)   M=PlasticEngine ACBP=A9
 0001:00017F84 00000026 C=CODE     S=.text    G=(none)   M=JclDebug ACBP=A9
 0001:00017FAC 00000006 C=CODE     S=.text    G=(none)   M=JclBase  ACBP=A9
 0001:00017FB4 00000006 C=CODE     S=.text    G=(none)   M=JclResources ACBP=A9
 0001:00017FBC 00000006 C=CODE     S=.text    G=(none)   M=JclStrings ACBP=A9
 0001:00017FC4 00000006 C=CODE     S=.text    G=(none)   M=JclUnicode ACBP=A9
 0001:00017FCC 00000006 C=CODE     S=.text    G=(none)   M=JclSysInfo ACBP=A9
 0001:00017FD4 00000006 C=CODE     S=.text    G=(none)   M=JclAnsiStrings ACBP=A9
 0001:00017FDC 00000006 C=CODE     S=.text    G=(none)   M=AnsiStrings ACBP=A9
 0001:00017FE4 00000006 C=CODE     S=.text    G=(none)   M=JclSysUtils ACBP=A9
 0001:00017FEC 00000006 C=CODE     S=.text    G=(none)   M=JclFileUtils ACBP=A9
 0001:00017FF4 00000006 C=CODE     S=.text    G=(none)   M=JclRegistry ACBP=A9
 0001:00017FFC 00000006 C=CODE     S=.text    G=(none)   M=JclShell ACBP=A9
 0001:00018004 00000006 C=CODE     S=.text    G=(none)   M=JclCharsets ACBP=A9
 0001:0001800C 00000006 C=CODE     S=.text    G=(none)   M=JclHookExcept ACBP=A9
 0001:00018014 000009AA C=CODE     S=.text    G=(none)   M=PlasticUtils ACBP=A9
 0001:000189C0 000077C5 C=CODE     S=.text    G=(none)   M=PlasticExpert ACBP=A9
 0001:00020188 0000076B C=CODE     S=.text    G=(none)   M=.PlasticPluginD2010 ACBP=A9
 0002:00000000 00000006 C=ICODE    S=.itext   G=(none)   M=System   ACBP=A9
 0002:00000008 00000006 C=ICODE    S=.itext   G=(none)   M=TypInfo  ACBP=A9
 0002:00000010 0000001E C=ICODE    S=.itext   G=(none)   M=SysUtils ACBP=A9
 0002:00000030 00000016 C=ICODE    S=.itext   G=(none)   M=Windows  ACBP=A9
 0002:00000048 00000006 C=ICODE    S=.itext   G=(none)   M=Variants ACBP=A9
 0002:00000050 00000006 C=ICODE    S=.itext   G=(none)   M=VarUtils ACBP=A9
 0002:00000058 0000000E C=ICODE    S=.itext   G=(none)   M=Classes  ACBP=A9
 0002:00000068 00000006 C=ICODE    S=.itext   G=(none)   M=SyncObjs ACBP=A9
 0002:00000070 00000006 C=ICODE    S=.itext   G=(none)   M=TimeSpan ACBP=A9
 0002:00000078 00000006 C=ICODE    S=.itext   G=(none)   M=ComCtrls ACBP=A9
 0002:00000080 00000006 C=ICODE    S=.itext   G=(none)   M=ActnList ACBP=A9
 0002:00000088 00000006 C=ICODE    S=.itext   G=(none)   M=Graphics ACBP=A9
 0002:00000090 00000006 C=ICODE    S=.itext   G=(none)   M=Registry ACBP=A9
 0002:00000098 00000006 C=ICODE    S=.itext   G=(none)   M=IniFiles ACBP=A9
 0002:000000A0 0000000E C=ICODE    S=.itext   G=(none)   M=IOUtils  ACBP=A9
 0002:000000B0 00000006 C=ICODE    S=.itext   G=(none)   M=Themes   ACBP=A9
 0002:000000B8 00000006 C=ICODE    S=.itext   G=(none)   M=Controls ACBP=A9
 0002:000000C0 00000006 C=ICODE    S=.itext   G=(none)   M=Menus    ACBP=A9
 0002:000000C8 00000006 C=ICODE    S=.itext   G=(none)   M=UxTheme  ACBP=A9
 0002:000000D0 00000006 C=ICODE    S=.itext   G=(none)   M=MultiMon ACBP=A9
 0002:000000D8 00000006 C=ICODE    S=.itext   G=(none)   M=Forms    ACBP=A9
 0002:000000E0 00000006 C=ICODE    S=.itext   G=(none)   M=HelpIntfs ACBP=A9
 0002:000000E8 00000006 C=ICODE    S=.itext   G=(none)   M=Dialogs  ACBP=A9
 0002:000000F0 00000006 C=ICODE    S=.itext   G=(none)   M=GraphUtil ACBP=A9
 0002:000000F8 00000006 C=ICODE    S=.itext   G=(none)   M=ExtCtrls ACBP=A9
 0002:00000100 00000006 C=ICODE    S=.itext   G=(none)   M=Printers ACBP=A9
 0002:00000108 00000006 C=ICODE    S=.itext   G=(none)   M=Clipbrd  ACBP=A9
 0002:00000110 00000006 C=ICODE    S=.itext   G=(none)   M=FlatSB   ACBP=A9
 0002:00000118 00000006 C=ICODE    S=.itext   G=(none)   M=ToolsAPI ACBP=A9
 0002:00000120 00000006 C=ICODE    S=.itext   G=(none)   M=XMLIntf  ACBP=A9
 0002:00000128 00000006 C=ICODE    S=.itext   G=(none)   M=xmldom   ACBP=A9
 0002:00000130 00000006 C=ICODE    S=.itext   G=(none)   M=msxmldom ACBP=A9
 0002:00000138 00000006 C=ICODE    S=.itext   G=(none)   M=ComObj   ACBP=A9
 0002:00000140 00000006 C=ICODE    S=.itext   G=(none)   M=DockForm ACBP=A9
 0002:00000148 00000006 C=ICODE    S=.itext   G=(none)   M=IDEMessages ACBP=A9
 0002:00000150 00000006 C=ICODE    S=.itext   G=(none)   M=DeskForm ACBP=A9
 0002:00000158 00000006 C=ICODE    S=.itext   G=(none)   M=BaseDock ACBP=A9
 0002:00000160 00000006 C=ICODE    S=.itext   G=(none)   M=PercentageDockTree ACBP=A9
 0002:00000168 00000006 C=ICODE    S=.itext   G=(none)   M=CaptionedDockTree ACBP=A9
 0002:00000170 00000006 C=ICODE    S=.itext   G=(none)   M=DockTabSet ACBP=A9
 0002:00000178 00000006 C=ICODE    S=.itext   G=(none)   M=Tabs     ACBP=A9
 0002:00000180 00000006 C=ICODE    S=.itext   G=(none)   M=DeskUtil ACBP=A9
 0002:00000188 00000006 C=ICODE    S=.itext   G=(none)   M=TabDock  ACBP=A9
 0002:00000190 00000006 C=ICODE    S=.itext   G=(none)   M=PlatformDefaultStyleActnCtrls ACBP=A9
 0002:00000198 00000006 C=ICODE    S=.itext   G=(none)   M=Buttons  ACBP=A9
 0002:000001A0 00000006 C=ICODE    S=.itext   G=(none)   M=ActnMan  ACBP=A9
 0002:000001A8 00000006 C=ICODE    S=.itext   G=(none)   M=ActnMenus ACBP=A9
 0002:000001B0 00000006 C=ICODE    S=.itext   G=(none)   M=ExtActns ACBP=A9
 0002:000001B8 00000006 C=ICODE    S=.itext   G=(none)   M=ExtDlgs  ACBP=A9
 0002:000001C0 00000006 C=ICODE    S=.itext   G=(none)   M=Mapi     ACBP=A9
 0002:000001C8 00000008 C=ICODE    S=.itext   G=(none)   M=JvConsts ACBP=A9
 0002:000001D0 00000008 C=ICODE    S=.itext   G=(none)   M=JvCreateProcess ACBP=A9
 0002:000001D8 0000000C C=ICODE    S=.itext   G=(none)   M=DbugIntf ACBP=A9
 0002:000001E4 00000008 C=ICODE    S=.itext   G=(none)   M=fDebugConsole ACBP=A9
 0002:000001EC 00000064 C=ICODE    S=.itext   G=(none)   M=PlasticAsync ACBP=A9
 0002:00000250 0000001F C=ICODE    S=.itext   G=(none)   M=PlasticNotify ACBP=A9
 0002:00000270 0000001F C=ICODE    S=.itext   G=(none)   M=PlasticEngine ACBP=A9
 0002:00000290 00000006 C=ICODE    S=.itext   G=(none)   M=JclDebug ACBP=A9
 0002:00000298 00000006 C=ICODE    S=.itext   G=(none)   M=JclBase  ACBP=A9
 0002:000002A0 00000006 C=ICODE    S=.itext   G=(none)   M=JclResources ACBP=A9
 0002:000002A8 00000006 C=ICODE    S=.itext   G=(none)   M=JclStrings ACBP=A9
 0002:000002B0 00000006 C=ICODE    S=.itext   G=(none)   M=JclUnicode ACBP=A9
 0002:000002B8 00000006 C=ICODE    S=.itext   G=(none)   M=JclSysInfo ACBP=A9
 0002:000002C0 00000006 C=ICODE    S=.itext   G=(none)   M=JclAnsiStrings ACBP=A9
 0002:000002C8 00000006 C=ICODE    S=.itext   G=(none)   M=AnsiStrings ACBP=A9
 0002:000002D0 00000006 C=ICODE    S=.itext   G=(none)   M=JclSysUtils ACBP=A9
 0002:000002D8 00000006 C=ICODE    S=.itext   G=(none)   M=JclFileUtils ACBP=A9
 0002:000002E0 00000006 C=ICODE    S=.itext   G=(none)   M=JclRegistry ACBP=A9
 0002:000002E8 00000006 C=ICODE    S=.itext   G=(none)   M=JclShell ACBP=A9
 0002:000002F0 00000006 C=ICODE    S=.itext   G=(none)   M=JclCharsets ACBP=A9
 0002:000002F8 00000006 C=ICODE    S=.itext   G=(none)   M=JclHookExcept ACBP=A9
 0002:00000300 00000008 C=ICODE    S=.itext   G=(none)   M=PlasticUtils ACBP=A9
 0002:00000308 00000062 C=ICODE    S=.itext   G=(none)   M=PlasticExpert ACBP=A9
 0002:0000036C 00000005 C=ICODE    S=.itext   G=(none)   M=.PlasticPluginD2010 ACBP=A9
 0003:00000000 00000034 C=DATA     S=.data    G=DGROUP   M=SysInit  ACBP=A9
 0003:00000034 0000000C C=DATA     S=.data    G=DGROUP   M=Windows  ACBP=A9
 0003:00000040 00000044 C=DATA     S=.data    G=DGROUP   M=JvConsts ACBP=A9
 0003:00000084 00000048 C=DATA     S=.data    G=DGROUP   M=JvCreateProcess ACBP=A9
 0003:000000CC 00000005 C=DATA     S=.data    G=DGROUP   M=DbugIntf ACBP=A9
 0003:000000D4 00000014 C=DATA     S=.data    G=DGROUP   M=PlasticEngine ACBP=A9
 0003:000000E8 00000030 C=DATA     S=.data    G=DGROUP   M=PlasticUtils ACBP=A9
 0004:00000000 0000000C C=BSS      S=.bss     G=DGROUP   M=SysInit  ACBP=A9
 0004:0000000C 00000008 C=BSS      S=.bss     G=DGROUP   M=Windows  ACBP=A9
 0004:00000014 00000004 C=BSS      S=.bss     G=DGROUP   M=JvConsts ACBP=A9
 0004:00000018 00000009 C=BSS      S=.bss     G=DGROUP   M=JvCreateProcess ACBP=A9
 0004:00000024 00000008 C=BSS      S=.bss     G=DGROUP   M=DbugIntf ACBP=A9
 0004:0000002C 00000008 C=BSS      S=.bss     G=DGROUP   M=fDebugConsole ACBP=A9
 0004:00000034 0000000C C=BSS      S=.bss     G=DGROUP   M=PlasticAsync ACBP=A9
 0004:00000040 00000008 C=BSS      S=.bss     G=DGROUP   M=PlasticNotify ACBP=A9
 0004:00000048 00000008 C=BSS      S=.bss     G=DGROUP   M=PlasticEngine ACBP=A9
 0004:00000050 00000004 C=BSS      S=.bss     G=DGROUP   M=PlasticUtils ACBP=A9
 0004:00000054 0000000C C=BSS      S=.bss     G=DGROUP   M=PlasticExpert ACBP=A9
 0005:00000000 00000008 C=TLS      S=.tls     G=(none)   M=DbugIntf ACBP=A9


  Address             Publics by Name

 0002:0000036C       .PlasticPluginD2010..PlasticPluginD2010
 0001:000208D4       .PlasticPluginD2010.@GetPackageInfoTable
 0001:000208DC       .PlasticPluginD2010.@PackageLoad
 0001:000208E8       .PlasticPluginD2010.@PackageUnload
 0002:00000080       ActnList.ActnList
 0001:00000C08       ActnList.Finalization
 0001:00000C00       ActnList.TAction.Create
 0001:00000BD0       ActnList.TContainedAction.SetActionList
 0001:00000BC8       ActnList.TContainedAction.SetCategory
 0001:00000BD8       ActnList.TCustomAction.SetCaption
 0001:00000BE0       ActnList.TCustomAction.SetEnabled
 0001:00000BE8       ActnList.TCustomAction.SetHint
 0001:00000BF0       ActnList.TCustomAction.SetImageIndex
 0001:00000BF8       ActnList.TCustomAction.SetVisible
 0002:000001A0       ActnMan.ActnMan
 0001:00001048       ActnMan.Finalization
 0002:000001A8       ActnMenus.ActnMenus
 0001:00001050       ActnMenus.Finalization
 0002:000002C8       AnsiStrings.AnsiStrings
 0001:00017FDC       AnsiStrings.Finalization
 0002:00000158       BaseDock.BaseDock
 0001:00001000       BaseDock.Finalization
 0002:00000198       Buttons.Buttons
 0001:00001040       Buttons.Finalization
 0002:00000168       CaptionedDockTree.CaptionedDockTree
 0001:00001010       CaptionedDockTree.Finalization
 0001:00000B68       Classes.AllocateHWnd
 0002:00000060       Classes.Classes
 0001:00000B70       Classes.DeallocateHWnd
 0001:00000B78       Classes.Finalization
 0001:00000B08       Classes.TComponent.BeforeDestruction
 0001:00000AF8       Classes.TComponent.Create
 0001:00000B18       Classes.TComponent.DefineProperties
 0001:00000B00       Classes.TComponent.Destroy
 0001:00000B20       Classes.TComponent.Loaded
 0001:00000B10       Classes.TComponent.Notification
 0001:00000B60       Classes.TComponent.QueryInterface
 0001:00000B28       Classes.TComponent.ReadState
 0001:00000B50       Classes.TComponent.SafeCallException
 0001:00000B40       Classes.TComponent.SetName
 0001:00000B48       Classes.TComponent.UpdateAction
 0001:00000B58       Classes.TComponent.UpdateRegistry
 0001:00000B38       Classes.TComponent.ValidateRename
 0001:00000B30       Classes.TComponent.WriteState
 0001:00000A28       Classes.TList.Assign
 0001:00000A18       Classes.TList.Delete
 0001:00000A20       Classes.TList.Get
 0001:00000A58       Classes.TPersistent.Assign
 0001:00000A60       Classes.TPersistent.AssignTo
 0001:00000A68       Classes.TPersistent.DefineProperties
 0001:00000A50       Classes.TPersistent.Destroy
 0001:00000A98       Classes.TStringList.Create
 0001:00000A80       Classes.TStrings.BeginUpdate
 0001:00000A88       Classes.TStrings.EndUpdate
 0001:00000A90       Classes.TStrings.GetEnumerator
 0001:00000A70       Classes.TStringsEnumerator.GetCurrent
 0001:00000A78       Classes.TStringsEnumerator.MoveNext
 0001:00000AB8       Classes.TThread.AfterConstruction
 0001:00000AA0       Classes.TThread.Create
 0002:00000058       Classes.TThread.Create@
 0001:00000AA8       Classes.TThread.Destroy
 0001:00000AB0       Classes.TThread.Destroy@
 0001:00000AC0       Classes.TThread.DoTerminate
 0001:00000AF0       Classes.TThread.NameThreadForDebugging
 0001:00000AD0       Classes.TThread.Queue
 0001:00000AC8       Classes.TThread.SetPriority
 0001:00000AD8       Classes.TThread.Start
 0001:00000AE0       Classes.TThread.Terminate
 0001:00000AE8       Classes.TThread.WaitFor
 0001:00000A38       Classes.TThreadList.Add
 0001:00000A30       Classes.TThreadList.Create
 0001:00000A40       Classes.TThreadList.LockList
 0001:00000A48       Classes.TThreadList.UnlockList
 0002:00000108       Clipbrd.Clipbrd
 0001:00000FB0       Clipbrd.Finalization
 0002:00000078       ComCtrls.ComCtrls
 0001:00000BC0       ComCtrls.Finalization
 0001:00000BB0       ComCtrls.TToolBar.GetButton
 0001:00000BB8       ComCtrls.TToolBar.GetButtonCount
 0002:00000138       ComObj.ComObj
 0001:00000FE0       ComObj.Finalization
 0002:000000B8       Controls.Controls
 0001:00000D90       Controls.Finalization
 0001:00000CD8       Controls.TControl.CreateTouchManager
 0001:00000CA0       Controls.TControl.GetAction
 0001:00000C90       Controls.TControl.GetDragImages
 0001:00000C98       Controls.TControl.GetEnabled
 0001:00000CE0       Controls.TControl.GetFloatingDockSiteClass
 0001:00000CE8       Controls.TControl.InitiateAction
 0001:00000CD0       Controls.TControl.Perform
 0001:00000CB0       Controls.TControl.SetAutoSize
 0001:00000CC8       Controls.TControl.SetBiDiMode
 0001:00000CA8       Controls.TControl.SetDragMode
 0001:00000CC0       Controls.TControl.SetEnabled
 0001:00000CB8       Controls.TControl.SetName
 0001:00000D68       Controls.TWinControl.AssignTo
 0001:00000D70       Controls.TWinControl.CanAutoSize
 0001:00000D58       Controls.TWinControl.CanResize
 0001:00000D60       Controls.TWinControl.ConstrainedResize
 0001:00000CF8       Controls.TWinControl.CreateHandle
 0001:00000D00       Controls.TWinControl.CustomAlignInsertBefore
 0001:00000D08       Controls.TWinControl.CustomAlignPosition
 0001:00000CF0       Controls.TWinControl.DestroyWnd
 0001:00000D80       Controls.TWinControl.DockReplaceDockClient
 0001:00000D50       Controls.TWinControl.GetClientOrigin
 0001:00000D48       Controls.TWinControl.GetControlExtents
 0001:00000D28       Controls.TWinControl.GetDeviceContext
 0001:00000D30       Controls.TWinControl.Invalidate
 0001:00000D40       Controls.TWinControl.Repaint
 0001:00000D18       Controls.TWinControl.SetBounds
 0001:00000D78       Controls.TWinControl.SetParentBackground
 0001:00000D10       Controls.TWinControl.SetParentDoubleBuffered
 0001:00000D20       Controls.TWinControl.ShowControl
 0001:00000D38       Controls.TWinControl.Update
 0001:00000D88       Controls.TWinControl.UpdateControlOriginalParentSize
 0001:00000C80       DateUtils.MilliSecondsBetween
 0004:00000024       DbugIntf..2
 0001:00004CD4       DbugIntf..TGDebugSendThread
 0001:00004EB8       DbugIntf..TThreadListHelper
 0002:000001D8       DbugIntf.DbugIntf
 0001:00004FAC       DbugIntf.DebugSendThread
 0001:00006094       DbugIntf.Finalization
 0005:00000000       DbugIntf.MsgPrefix
 0003:000000CC       DbugIntf.PastFailedAttemptToStartDebugWin
 0001:000059EC       DbugIntf.SendBoolean
 0001:00005B50       DbugIntf.SendDateTime
 0001:000054E0       DbugIntf.SendDebug
 0001:000052D4       DbugIntf.SendDebugEx
 0001:00005500       DbugIntf.SendDebugFmt
 0001:00005568       DbugIntf.SendDebugFmtEx
 0001:000056B4       DbugIntf.SendDebugFmtEx_End
 0001:000055D0       DbugIntf.SendDebugFmtEx_Start
 0001:00005C40       DbugIntf.SendDebugPause
 0001:00005C48       DbugIntf.SendDebugResume
 0001:00005AB8       DbugIntf.SendInteger
 0001:000058A8       DbugIntf.SendMethodEnter
 0001:00005954       DbugIntf.SendMethodExit
 0003:000000D0       DbugIntf.SendPaused
 0001:00004FDC       DbugIntf.StartDebugWin
 0001:00005C50       DbugIntf.TGDebugSendThread.AfterConstruction
 0001:00005C98       DbugIntf.TGDebugSendThread.Destroy
 0001:00005CE8       DbugIntf.TGDebugSendThread.Execute
 0001:00005DF4       DbugIntf.TGDebugSendThread.SendAllData
 0001:00005FB4       DbugIntf.TGDebugSendThread.SendData
 0001:00006044       DbugIntf.TThreadListHelper.Count
 0004:00000028       DbugIntf._DebugSendThread
 0005:00000004       DbugIntf._IndentTime
 0002:00000150       DeskForm.DeskForm
 0001:00000FF8       DeskForm.Finalization
 0002:00000180       DeskUtil.DeskUtil
 0001:00001028       DeskUtil.Finalization
 0002:000000E8       Dialogs.Dialogs
 0001:00000F80       Dialogs.Finalization
 0001:00000F78       Dialogs.InputQuery
 0001:00000F70       Dialogs.MessageDlg
 0002:00000140       DockForm.DockForm
 0001:00000FE8       DockForm.Finalization
 0002:00000170       DockTabSet.DockTabSet
 0001:00001018       DockTabSet.Finalization
 0002:000001B0       ExtActns.ExtActns
 0001:00001058       ExtActns.Finalization
 0002:000000F8       ExtCtrls.ExtCtrls
 0001:00000FA0       ExtCtrls.Finalization
 0002:000001B8       ExtDlgs.ExtDlgs
 0001:00001060       ExtDlgs.Finalization
 0004:0000002C       fDebugConsole..2
 0001:000060E0       fDebugConsole..TfrmDebugConsole
 0001:00006554       fDebugConsole..TfrmDebugConsole.FormCreate$ActRec
 0001:00006688       fDebugConsole..TfrmDebugConsole.FormCreate$ActRec.$0$Body$ActRec
 0001:0000648C       fDebugConsole.DebugConsole
 0002:000001E4       fDebugConsole.fDebugConsole
 0001:000069F8       fDebugConsole.Finalization
 0004:00000030       fDebugConsole.frmDebugConsole
 0001:000064C0       fDebugConsole.TfrmDebugConsole.btnClearClick
 0001:000064E4       fDebugConsole.TfrmDebugConsole.btnCloseClick
 0001:0000693C       fDebugConsole.TfrmDebugConsole.FormCreate
 0001:0000688C       fDebugConsole.TfrmDebugConsole.FormCreate$ActRec.$0$Body
 0001:000067CC       fDebugConsole.TfrmDebugConsole.FormCreate$ActRec.$0$Body$ActRec.$0$0$Body
 0001:000069D4       fDebugConsole.TfrmDebugConsole.FormDestroy
 0001:00000FB8       FlatSB.Finalization
 0002:00000110       FlatSB.FlatSB
 0001:00000F60       Forms.Finalization
 0002:000000D8       Forms.Forms
 0001:00000F58       Forms.TApplication.GetExeName
 0001:00000F50       Forms.TApplication.ProcessMessages
 0001:00000E38       Forms.TCustomForm.AfterConstruction
 0001:00000EC0       Forms.TCustomForm.AlignControls
 0001:00000E48       Forms.TCustomForm.BeforeDestruction
 0001:00000F10       Forms.TCustomForm.CloseQuery
 0001:00000E30       Forms.TCustomForm.Create
 0001:00000E40       Forms.TCustomForm.CreateNew
 0001:00000EC8       Forms.TCustomForm.CreateParams
 0001:00000ED8       Forms.TCustomForm.CreateWindowHandle
 0001:00000ED0       Forms.TCustomForm.CreateWnd
 0001:00000EF0       Forms.TCustomForm.DefaultHandler
 0001:00000E80       Forms.TCustomForm.DefineProperties
 0001:00000E50       Forms.TCustomForm.Destroy
 0001:00000EE0       Forms.TCustomForm.DestroyHandle
 0001:00000EE8       Forms.TCustomForm.DestroyWindowHandle
 0001:00000E58       Forms.TCustomForm.DoCreate
 0001:00000E60       Forms.TCustomForm.DoDestroy
 0001:00000E88       Forms.TCustomForm.GetClientRect
 0001:00000E90       Forms.TCustomForm.GetFloating
 0001:00000F18       Forms.TCustomForm.Hide
 0001:00000E68       Forms.TCustomForm.Loaded
 0001:00000E70       Forms.TCustomForm.Notification
 0001:00000F00       Forms.TCustomForm.PaintWindow
 0001:00000F48       Forms.TCustomForm.QueryInterface
 0001:00000E78       Forms.TCustomForm.ReadState
 0001:00000F40       Forms.TCustomForm.RequestAlign
 0001:00000F08       Forms.TCustomForm.Resizing
 0001:00000F28       Forms.TCustomForm.SetFocus
 0001:00000EF8       Forms.TCustomForm.SetFocusedControl
 0001:00000EA8       Forms.TCustomForm.SetParent
 0001:00000E98       Forms.TCustomForm.SetParentBiDiMode
 0001:00000F20       Forms.TCustomForm.Show
 0001:00000F30       Forms.TCustomForm.ShowModal
 0001:00000F38       Forms.TCustomForm.UpdateActions
 0001:00000EB0       Forms.TCustomForm.ValidateRename
 0001:00000EA0       Forms.TCustomForm.WantChildKey
 0001:00000EB8       Forms.TCustomForm.WndProc
 0001:00000E28       Forms.TScrollingWinControl.AdjustClientRect
 0001:00000E08       Forms.TScrollingWinControl.AutoScrollEnabled
 0001:00000E20       Forms.TScrollingWinControl.AutoScrollInView
 0001:00000E10       Forms.TScrollingWinControl.DoGesture
 0001:00000E18       Forms.TScrollingWinControl.DoGetGestureOptions
 0001:00000A10       Generics.Collections.InCircularRange
 0001:000004B4       Generics.Defaults._LookupVtableInfo
 0001:00000C20       Graphics.Finalization
 0002:00000088       Graphics.Graphics
 0001:00000C10       Graphics.TBitmap.Create
 0001:00000C18       Graphics.TBitmap.LoadFromResourceName
 0001:00000F88       GraphUtil.Finalization
 0002:000000F0       GraphUtil.GraphUtil
 0001:00000F68       HelpIntfs.Finalization
 0002:000000E0       HelpIntfs.HelpIntfs
 0001:00000FF0       IDEMessages.Finalization
 0002:00000148       IDEMessages.IDEMessages
 0001:00000C68       IniFiles.Finalization
 0002:00000098       IniFiles.IniFiles
 0001:00000C78       IOUtils.Finalization
 0002:000000A8       IOUtils.IOUtils
 0002:000000A0       IOUtils.TPath.Create@
 0001:00000C70       IOUtils.TPath.Destroy@
 0001:00017FD4       JclAnsiStrings.Finalization
 0002:000002C0       JclAnsiStrings.JclAnsiStrings
 0001:00017FAC       JclBase.Finalization
 0002:00000298       JclBase.JclBase
 0001:00018004       JclCharsets.Finalization
 0002:000002F0       JclCharsets.JclCharsets
 0001:00017FA4       JclDebug.Finalization
 0002:00000290       JclDebug.JclDebug
 0001:00017F84       JclDebug.JclLastExceptStackList
 0001:00017F9C       JclDebug.TJclStackInfoList.AddToStrings
 0001:00017F8C       JclDebug.TJclStackInfoList.Create
 0001:00017F94       JclDebug.TJclStackInfoList.GetCount
 0001:00017FEC       JclFileUtils.Finalization
 0002:000002D8       JclFileUtils.JclFileUtils
 0001:0001800C       JclHookExcept.Finalization
 0002:000002F8       JclHookExcept.JclHookExcept
 0001:00017FF4       JclRegistry.Finalization
 0002:000002E0       JclRegistry.JclRegistry
 0001:00017FB4       JclResources.Finalization
 0002:000002A0       JclResources.JclResources
 0001:00017FFC       JclShell.Finalization
 0002:000002E8       JclShell.JclShell
 0001:00017FBC       JclStrings.Finalization
 0002:000002A8       JclStrings.JclStrings
 0001:00017FCC       JclSysInfo.Finalization
 0002:000002B8       JclSysInfo.JclSysInfo
 0001:00017FE4       JclSysUtils.Finalization
 0002:000002D0       JclSysUtils.JclSysUtils
 0001:00017FC4       JclUnicode.Finalization
 0002:000002B0       JclUnicode.JclUnicode
 0004:00000014       JvConsts..1
 0003:00000068       JvConsts.crDragAlt
 0003:00000078       JvConsts.crDragHand
 0003:00000074       JvConsts.crHand
 0003:00000060       JvConsts.crJVCLFirst
 0003:0000007C       JvConsts.crJVCLLast
 0003:0000006C       JvConsts.crMultiDragAlt
 0003:00000064       JvConsts.crMultiDragLink
 0003:00000070       JvConsts.crMultiDragLinkAlt
 0001:00001070       JvConsts.Finalization
 0002:000001C8       JvConsts.JvConsts
 0003:00000040       JvConsts.Separators
 0003:00000080       JvConsts.tkStrings
 0004:00000018       JvCreateProcess..5
 0001:00001BCC       JvCreateProcess..TJvBaseReader
 0001:00002788       JvCreateProcess..TJvConsoleThread
 0001:00001780       JvCreateProcess..TJvCPSStartupInfo
 0001:00001DCC       JvCreateProcess..TJvCreateProcess
 0001:000012BC       JvCreateProcess..TJvProcessEntry
 0001:00002C6C       JvCreateProcess..TJvReader
 0001:000029AC       JvCreateProcess..TJvReadThread
 0001:00002FB4       JvCreateProcess..TJvRWEHandles
 0001:000025D0       JvCreateProcess..TJvWaitForProcessThread
 0003:00000094       JvCreateProcess.cCloseAction
 0001:00003214       JvCreateProcess.ConstructPipe
 0001:000031C8       JvCreateProcess.CreateDuplicate
 0003:000000AC       JvCreateProcess.CreationFlagsValues
 0001:00004994       JvCreateProcess.DoOutput
 0001:000049FC       JvCreateProcess.DoTab
 0001:00002ED8       JvCreateProcess.EnumWinProc
 0001:00004C4C       JvCreateProcess.Finalization
 0004:00000020       JvCreateProcess.GTriedLoadWinSrvDll
 0004:0000001C       JvCreateProcess.GWinSrvHandle
 0001:00002F38       JvCreateProcess.InternalCloseApp
 0001:00002F5C       JvCreateProcess.InternalTerminateProcess
 0001:00002EBC       JvCreateProcess.IsConsoleWindow
 0002:000001D0       JvCreateProcess.JvCreateProcess
 0001:00002EAC       JvCreateProcess.OSCheck
 0003:00000084       JvCreateProcess.ProcessPriorities
 0001:00002F90       JvCreateProcess.SafeCloseHandle
 0003:0000009C       JvCreateProcess.ShowWindowValues
 0001:000033A8       JvCreateProcess.TJvBaseReader.Create
 0001:000033F4       JvCreateProcess.TJvBaseReader.Destroy
 0001:00003424       JvCreateProcess.TJvBaseReader.GetConsoleOutput
 0001:00003CCC       JvCreateProcess.TJvConsoleThread.CloseWrite
 0001:00003C2C       JvCreateProcess.TJvConsoleThread.Create
 0001:00003C8C       JvCreateProcess.TJvConsoleThread.Destroy
 0001:00003D1C       JvCreateProcess.TJvConsoleThread.Execute
 0001:00003D98       JvCreateProcess.TJvConsoleThread.TryWrite
 0001:00003EF0       JvCreateProcess.TJvConsoleThread.Write
 0001:000036A0       JvCreateProcess.TJvCPSStartupInfo.AssignTo
 0001:00003658       JvCreateProcess.TJvCPSStartupInfo.Create
 0001:00003724       JvCreateProcess.TJvCPSStartupInfo.GetStartupInfo
 0001:000040DC       JvCreateProcess.TJvCreateProcess.CheckNotWaiting
 0001:00004104       JvCreateProcess.TJvCreateProcess.CheckReady
 0001:00004124       JvCreateProcess.TJvCreateProcess.CheckRunning
 0001:00004144       JvCreateProcess.TJvCreateProcess.CloseApplication
 0001:00004160       JvCreateProcess.TJvCreateProcess.CloseProcessHandles
 0001:00004180       JvCreateProcess.TJvCreateProcess.CloseRead
 0001:00004198       JvCreateProcess.TJvCreateProcess.CloseWrite
 0001:00003FDC       JvCreateProcess.TJvCreateProcess.Create
 0001:0000407C       JvCreateProcess.TJvCreateProcess.Destroy
 0001:000041F4       JvCreateProcess.TJvCreateProcess.GetConsoleOutput
 0001:00004200       JvCreateProcess.TJvCreateProcess.GetEnvironment
 0001:00004204       JvCreateProcess.TJvCreateProcess.GetHandle
 0001:00004220       JvCreateProcess.TJvCreateProcess.GetOnErrorRawRead
 0001:00004230       JvCreateProcess.TJvCreateProcess.GetOnErrorRead
 0001:00004240       JvCreateProcess.TJvCreateProcess.GetOnRawRead
 0001:00004250       JvCreateProcess.TJvCreateProcess.GetOnRead
 0001:00004260       JvCreateProcess.TJvCreateProcess.GotoReadyState
 0001:00004280       JvCreateProcess.TJvCreateProcess.GotoRunningState
 0001:00004298       JvCreateProcess.TJvCreateProcess.GotoWaitState
 0001:000042B4       JvCreateProcess.TJvCreateProcess.HandleReadEvent
 0001:000041BC       JvCreateProcess.TJvCreateProcess.HandleThreadTerminated
 0001:000042BC       JvCreateProcess.TJvCreateProcess.Run
 0001:00004538       JvCreateProcess.TJvCreateProcess.SetCommandLine
 0001:0000456C       JvCreateProcess.TJvCreateProcess.SetEnvironment
 0001:0000457C       JvCreateProcess.TJvCreateProcess.SetOnErrorRawRead
 0001:00004594       JvCreateProcess.TJvCreateProcess.SetOnErrorRead
 0001:000045AC       JvCreateProcess.TJvCreateProcess.SetOnRawRead
 0001:000045C4       JvCreateProcess.TJvCreateProcess.SetOnRead
 0001:000045DC       JvCreateProcess.TJvCreateProcess.SetStartupInfo
 0001:000045E8       JvCreateProcess.TJvCreateProcess.SetWaitForTerminate
 0001:000045FC       JvCreateProcess.TJvCreateProcess.StopWaiting
 0001:00004604       JvCreateProcess.TJvCreateProcess.Terminate
 0001:00004618       JvCreateProcess.TJvCreateProcess.TerminateWaitThread
 0001:0000465C       JvCreateProcess.TJvCreateProcess.WaitThreadTerminated
 0001:00004688       JvCreateProcess.TJvCreateProcess.WndProc
 0001:00004718       JvCreateProcess.TJvCreateProcess.Write
 0001:0000474C       JvCreateProcess.TJvCreateProcess.WriteLn
 0001:00003480       JvCreateProcess.TJvProcessEntry.Close
 0001:00003428       JvCreateProcess.TJvProcessEntry.Create
 0001:0000348C       JvCreateProcess.TJvProcessEntry.GetPriority
 0001:00003540       JvCreateProcess.TJvProcessEntry.GetSystemIconIndex
 0001:00003588       JvCreateProcess.TJvProcessEntry.PriorityText
 0001:000035D4       JvCreateProcess.TJvProcessEntry.SetPriority
 0001:0000364C       JvCreateProcess.TJvProcessEntry.Terminate
 0001:000047B4       JvCreateProcess.TJvReader.CloseRead
 0001:000047C4       JvCreateProcess.TJvReader.CreateThread
 0001:00004810       JvCreateProcess.TJvReader.DoRawReadEvent
 0001:0000487C       JvCreateProcess.TJvReader.DoReadEvent
 0001:00004964       JvCreateProcess.TJvReader.HandleReadEvent
 0001:00004A54       JvCreateProcess.TJvReader.ParseConsoleOutput
 0001:00004B60       JvCreateProcess.TJvReader.Terminate
 0001:00004B80       JvCreateProcess.TJvReader.ThreadTerminated
 0001:00003A08       JvCreateProcess.TJvReadThread.CloseRead
 0001:00003A58       JvCreateProcess.TJvReadThread.CopyToBuffer
 0001:00003928       JvCreateProcess.TJvReadThread.Create
 0001:000039C0       JvCreateProcess.TJvReadThread.Destroy
 0001:00003B18       JvCreateProcess.TJvReadThread.Execute
 0001:00003B60       JvCreateProcess.TJvReadThread.ReadBuffer
 0001:00003C18       JvCreateProcess.TJvReadThread.TerminateThread
 0001:00004BE4       JvCreateProcess.TJvRWEHandles.Clear
 0001:00004BB8       JvCreateProcess.TJvRWEHandles.Destroy
 0001:00004C10       JvCreateProcess.TJvRWEHandles.ExtractHandle
 0001:00004C20       JvCreateProcess.TJvRWEHandles.GetHandle
 0001:00004C28       JvCreateProcess.TJvRWEHandles.SetHandle
 0001:000037CC       JvCreateProcess.TJvWaitForProcessThread.Create
 0001:00003828       JvCreateProcess.TJvWaitForProcessThread.Destroy
 0001:00003858       JvCreateProcess.TJvWaitForProcessThread.Execute
 0001:00003910       JvCreateProcess.TJvWaitForProcessThread.TerminateThread
 0001:00002E48       JvCreateProcess.WinSrvHandle
 0001:00001068       Mapi.Finalization
 0002:000001C0       Mapi.Mapi
 0001:000009E8       Math.Min
 0001:00000DF0       Menus.Finalization
 0002:000000C0       Menus.Menus
 0001:00000DC0       Menus.TMenuItem.Add
 0001:00000D98       Menus.TMenuItem.Create
 0001:00000DE0       Menus.TMenuItem.Find
 0001:00000DA8       Menus.TMenuItem.GetAction
 0001:00000DB0       Menus.TMenuItem.GetMenuIndex
 0001:00000DB8       Menus.TMenuItem.Insert
 0001:00000DE8       Menus.TMenuItem.NewBottomLine
 0001:00000DC8       Menus.TMenuItem.Remove
 0001:00000DD0       Menus.TMenuItem.SetAction
 0001:00000DD8       Menus.TMenuItem.SetAutoHotkeys
 0001:00000DA0       Menus.TMenuItem.SetCaption
 0001:00000FD8       msxmldom.Finalization
 0002:00000130       msxmldom.msxmldom
 0001:00000E00       MultiMon.Finalization
 0002:000000D0       MultiMon.MultiMon
 0001:00001008       PercentageDockTree.Finalization
 0002:00000160       PercentageDockTree.PercentageDockTree
 0004:00000038       PlasticAsync..3
 0001:00006A00       PlasticAsync..TAsyncThread
 0001:000094F0       PlasticAsync..TComparer<Classes.TThreadProcedure>
 0001:000096C8       PlasticAsync..TDelegatedComparer<Classes.TThreadProcedure>
 0001:00006CF8       PlasticAsync..TEnumerable<Classes.TThreadProcedure>
 0001:00006BC8       PlasticAsync..TEnumerator<Classes.TThreadProcedure>
 0001:00007188       PlasticAsync..TList<Classes.TThreadProcedure>
 0001:00006FE8       PlasticAsync..TList<Classes.TThreadProcedure>.TEnumerator
 0004:0000003C       PlasticAsync.E
 0001:00007E58       PlasticAsync.Finalization
 0004:00000034       PlasticAsync.GAsyncThread
 0002:000001EC       PlasticAsync.PlasticAsync
 0001:00009184       PlasticAsync.TArray.BinarySearch<Classes.TThreadProcedure>
 0001:000092E0       PlasticAsync.TArray.QuickSort<Classes.TThreadProcedure>
 0001:00009100       PlasticAsync.TArray.Sort<Classes.TThreadProcedure>
 0001:00007AD0       PlasticAsync.TAsyncThread.AfterConstruction
 0001:00007B1C       PlasticAsync.TAsyncThread.Destroy
 0001:00007B70       PlasticAsync.TAsyncThread.Execute
 0001:00007DDC       PlasticAsync.TAsyncThread.ExecuteASync
 0001:00007E38       PlasticAsync.TAsyncThread.Terminate
 0001:0000964C       PlasticAsync.TComparer<Classes.TThreadProcedure>.Compare
 0001:000090CC       PlasticAsync.TComparer<Classes.TThreadProcedure>.Construct
 0001:000090A0       PlasticAsync.TComparer<Classes.TThreadProcedure>.Default
 0001:000092B4       PlasticAsync.TDelegatedComparer<Classes.TThreadProcedure>.Compare
 0001:0000926C       PlasticAsync.TDelegatedComparer<Classes.TThreadProcedure>.Create
 0001:00007ECC       PlasticAsync.TEnumerable<Classes.TThreadProcedure>.GetEnumerator
 0001:00007EE8       PlasticAsync.TEnumerator<Classes.TThreadProcedure>.MoveNext
 0001:000084B4       PlasticAsync.TList<Classes.TThreadProcedure>.Add
 0001:00008534       PlasticAsync.TList<Classes.TThreadProcedure>.AddRange
 0001:00008558       PlasticAsync.TList<Classes.TThreadProcedure>.AddRange
 0001:0000850C       PlasticAsync.TList<Classes.TThreadProcedure>.AddRange
 0001:00008ED0       PlasticAsync.TList<Classes.TThreadProcedure>.BinarySearch
 0001:00008F20       PlasticAsync.TList<Classes.TThreadProcedure>.BinarySearch
 0001:00008CB0       PlasticAsync.TList<Classes.TThreadProcedure>.Clear
 0001:00008CD0       PlasticAsync.TList<Classes.TThreadProcedure>.Contains
 0001:000082AC       PlasticAsync.TList<Classes.TThreadProcedure>.Create
 0001:000083D8       PlasticAsync.TList<Classes.TThreadProcedure>.Create
 0001:00008330       PlasticAsync.TList<Classes.TThreadProcedure>.Create
 0001:000088D0       PlasticAsync.TList<Classes.TThreadProcedure>.Delete
 0001:000088F0       PlasticAsync.TList<Classes.TThreadProcedure>.DeleteRange
 0001:00008478       PlasticAsync.TList<Classes.TThreadProcedure>.Destroy
 0001:00008164       PlasticAsync.TList<Classes.TThreadProcedure>.DoDelete
 0001:0000825C       PlasticAsync.TList<Classes.TThreadProcedure>.DoGetEnumerator
 0001:00008ABC       PlasticAsync.TList<Classes.TThreadProcedure>.Exchange
 0001:00008A68       PlasticAsync.TList<Classes.TThreadProcedure>.Extract
 0001:00008C6C       PlasticAsync.TList<Classes.TThreadProcedure>.First
 0001:00007F04       PlasticAsync.TList<Classes.TThreadProcedure>.GetCapacity
 0001:00008F88       PlasticAsync.TList<Classes.TThreadProcedure>.GetEnumerator
 0001:00007FD8       PlasticAsync.TList<Classes.TThreadProcedure>.GetItem
 0001:000080D8       PlasticAsync.TList<Classes.TThreadProcedure>.Grow
 0001:0000812C       PlasticAsync.TList<Classes.TThreadProcedure>.GrowCheck
 0001:00008CF4       PlasticAsync.TList<Classes.TThreadProcedure>.IndexOf
 0001:0000857C       PlasticAsync.TList<Classes.TThreadProcedure>.Insert
 0001:00008758       PlasticAsync.TList<Classes.TThreadProcedure>.InsertRange
 0001:00008640       PlasticAsync.TList<Classes.TThreadProcedure>.InsertRange
 0001:000087E8       PlasticAsync.TList<Classes.TThreadProcedure>.InsertRange
 0001:00008C8C       PlasticAsync.TList<Classes.TThreadProcedure>.Last
 0001:00008D54       PlasticAsync.TList<Classes.TThreadProcedure>.LastIndexOf
 0001:00008B48       PlasticAsync.TList<Classes.TThreadProcedure>.Move
 0001:00008278       PlasticAsync.TList<Classes.TThreadProcedure>.Notify
 0001:0000889C       PlasticAsync.TList<Classes.TThreadProcedure>.Remove
 0001:00008DB0       PlasticAsync.TList<Classes.TThreadProcedure>.Reverse
 0001:00007F24       PlasticAsync.TList<Classes.TThreadProcedure>.SetCapacity
 0001:00007F68       PlasticAsync.TList<Classes.TThreadProcedure>.SetCount
 0001:00008028       PlasticAsync.TList<Classes.TThreadProcedure>.SetItem
 0001:00008E58       PlasticAsync.TList<Classes.TThreadProcedure>.Sort
 0001:00008E94       PlasticAsync.TList<Classes.TThreadProcedure>.Sort
 0001:00009008       PlasticAsync.TList<Classes.TThreadProcedure>.TEnumerator.Create
 0001:00008FD0       PlasticAsync.TList<Classes.TThreadProcedure>.TEnumerator.DoGetCurrent
 0001:00008FEC       PlasticAsync.TList<Classes.TThreadProcedure>.TEnumerator.DoMoveNext
 0001:00008FAC       PlasticAsync.TList<Classes.TThreadProcedure>.TEnumerator.GetCurrent
 0001:00009060       PlasticAsync.TList<Classes.TThreadProcedure>.TEnumerator.MoveNext
 0001:00008F70       PlasticAsync.TList<Classes.TThreadProcedure>.TrimExcess
 0004:0000004C       PlasticEngine..7
 0001:0000EA58       PlasticEngine..EPlasticError
 0001:00010BB8       PlasticEngine..TDictionary<System.string,PlasticEngine.TFileCacheItem>
 0001:000101F8       PlasticEngine..TDictionary<System.string,PlasticEngine.TFileCacheItem>.TKeyCollection
 0001:00010014       PlasticEngine..TDictionary<System.string,PlasticEngine.TFileCacheItem>.TKeyEnumerator
 0001:000109D4       PlasticEngine..TDictionary<System.string,PlasticEngine.TFileCacheItem>.TPairEnumerator
 0001:00010800       PlasticEngine..TDictionary<System.string,PlasticEngine.TFileCacheItem>.TValueCollection
 0001:00010614       PlasticEngine..TDictionary<System.string,PlasticEngine.TFileCacheItem>.TValueEnumerator
 0001:00010504       PlasticEngine..TEnumerable<PlasticEngine.TFileCacheItem>
 0001:0000FF64       PlasticEngine..TEnumerable<System.string>
 0001:0000FBBC       PlasticEngine..TEnumerable<TPair<System.string,PlasticEngine.TFileCacheItem>>
 0001:000103CC       PlasticEngine..TEnumerator<PlasticEngine.TFileCacheItem>
 0001:0000FEB4       PlasticEngine..TEnumerator<System.string>
 0001:0000FA5C       PlasticEngine..TEnumerator<TPair<System.string,PlasticEngine.TFileCacheItem>>
 0001:0000ECE8       PlasticEngine..TFileCacheItem
 0001:00011284       PlasticEngine..TObjectDictionary<System.string,PlasticEngine.TFileCacheItem>
 0001:0000EDDC       PlasticEngine..TPlasticCommThread
 0001:0000F0D0       PlasticEngine..TPlasticEngine
 0001:0000EC08       PlasticEngine..TPlasticFileInfo
 0003:000000D4       PlasticEngine.C_PlasticStatus
 0001:000168AC       PlasticEngine.Finalization
 0004:00000048       PlasticEngine.GPlasticEngine
 0002:00000270       PlasticEngine.PlasticEngine
 0001:000173E0       PlasticEngine.TDictionary<System.string,PlasticEngine.TFileCacheItem>.Add
 0001:0001764C       PlasticEngine.TDictionary<System.string,PlasticEngine.TFileCacheItem>.AddOrSetValue
 0001:000174E4       PlasticEngine.TDictionary<System.string,PlasticEngine.TFileCacheItem>.Clear
 0001:000176C4       PlasticEngine.TDictionary<System.string,PlasticEngine.TFileCacheItem>.ContainsKey
 0001:000176F8       PlasticEngine.TDictionary<System.string,PlasticEngine.TFileCacheItem>.ContainsValue
 0001:000171AC       PlasticEngine.TDictionary<System.string,PlasticEngine.TFileCacheItem>.Create
 0001:0001729C       PlasticEngine.TDictionary<System.string,PlasticEngine.TFileCacheItem>.Create
 0001:00017044       PlasticEngine.TDictionary<System.string,PlasticEngine.TFileCacheItem>.Create
 0001:00017090       PlasticEngine.TDictionary<System.string,PlasticEngine.TFileCacheItem>.Create
 0001:000170DC       PlasticEngine.TDictionary<System.string,PlasticEngine.TFileCacheItem>.Create
 0001:00017390       PlasticEngine.TDictionary<System.string,PlasticEngine.TFileCacheItem>.Destroy
 0001:00016DA0       PlasticEngine.TDictionary<System.string,PlasticEngine.TFileCacheItem>.DoAdd
 0001:00016FC0       PlasticEngine.TDictionary<System.string,PlasticEngine.TFileCacheItem>.DoGetEnumerator
 0001:00016E6C       PlasticEngine.TDictionary<System.string,PlasticEngine.TFileCacheItem>.DoRemove
 0001:00016E14       PlasticEngine.TDictionary<System.string,PlasticEngine.TFileCacheItem>.DoSetValue
 0001:0001748C       PlasticEngine.TDictionary<System.string,PlasticEngine.TFileCacheItem>.ExtractPair
 0001:00016B64       PlasticEngine.TDictionary<System.string,PlasticEngine.TFileCacheItem>.GetBucketIndex
 0001:00017814       PlasticEngine.TDictionary<System.string,PlasticEngine.TFileCacheItem>.GetEnumerator
 0001:00016C48       PlasticEngine.TDictionary<System.string,PlasticEngine.TFileCacheItem>.GetItem
 0001:000177A4       PlasticEngine.TDictionary<System.string,PlasticEngine.TFileCacheItem>.GetKeys
 0001:000177DC       PlasticEngine.TDictionary<System.string,PlasticEngine.TFileCacheItem>.GetValues
 0001:00016B2C       PlasticEngine.TDictionary<System.string,PlasticEngine.TFileCacheItem>.Grow
 0001:00016C18       PlasticEngine.TDictionary<System.string,PlasticEngine.TFileCacheItem>.Hash
 0001:00016FDC       PlasticEngine.TDictionary<System.string,PlasticEngine.TFileCacheItem>.KeyNotify
 0001:00016A0C       PlasticEngine.TDictionary<System.string,PlasticEngine.TFileCacheItem>.Rehash
 0001:00016D38       PlasticEngine.TDictionary<System.string,PlasticEngine.TFileCacheItem>.RehashAdd
 0001:00017460       PlasticEngine.TDictionary<System.string,PlasticEngine.TFileCacheItem>.Remove
 0001:000169A0       PlasticEngine.TDictionary<System.string,PlasticEngine.TFileCacheItem>.SetCapacity
 0001:00016CA8       PlasticEngine.TDictionary<System.string,PlasticEngine.TFileCacheItem>.SetItem
 0001:000178A8       PlasticEngine.TDictionary<System.string,PlasticEngine.TFileCacheItem>.TKeyCollection.Create
 0001:0001788C       PlasticEngine.TDictionary<System.string,PlasticEngine.TFileCacheItem>.TKeyCollection.DoGetEnumerator
 0001:00017870       PlasticEngine.TDictionary<System.string,PlasticEngine.TFileCacheItem>.TKeyCollection.GetCount
 0001:000178F8       PlasticEngine.TDictionary<System.string,PlasticEngine.TFileCacheItem>.TKeyCollection.GetEnumerator
 0001:00017988       PlasticEngine.TDictionary<System.string,PlasticEngine.TFileCacheItem>.TKeyEnumerator.Create
 0001:00017950       PlasticEngine.TDictionary<System.string,PlasticEngine.TFileCacheItem>.TKeyEnumerator.DoGetCurrent
 0001:0001796C       PlasticEngine.TDictionary<System.string,PlasticEngine.TFileCacheItem>.TKeyEnumerator.DoMoveNext
 0001:00017920       PlasticEngine.TDictionary<System.string,PlasticEngine.TFileCacheItem>.TKeyEnumerator.GetCurrent
 0001:000179E0       PlasticEngine.TDictionary<System.string,PlasticEngine.TFileCacheItem>.TKeyEnumerator.MoveNext
 0001:00017CB0       PlasticEngine.TDictionary<System.string,PlasticEngine.TFileCacheItem>.TPairEnumerator.Create
 0001:00017C78       PlasticEngine.TDictionary<System.string,PlasticEngine.TFileCacheItem>.TPairEnumerator.DoGetCurrent
 0001:00017C94       PlasticEngine.TDictionary<System.string,PlasticEngine.TFileCacheItem>.TPairEnumerator.DoMoveNext
 0001:00017C2C       PlasticEngine.TDictionary<System.string,PlasticEngine.TFileCacheItem>.TPairEnumerator.GetCurrent
 0001:00017D08       PlasticEngine.TDictionary<System.string,PlasticEngine.TFileCacheItem>.TPairEnumerator.MoveNext
 0001:000175D0       PlasticEngine.TDictionary<System.string,PlasticEngine.TFileCacheItem>.TrimExcess
 0001:000175EC       PlasticEngine.TDictionary<System.string,PlasticEngine.TFileCacheItem>.TryGetValue
 0001:00017AA4       PlasticEngine.TDictionary<System.string,PlasticEngine.TFileCacheItem>.TValueCollection.Create
 0001:00017A88       PlasticEngine.TDictionary<System.string,PlasticEngine.TFileCacheItem>.TValueCollection.DoGetEnumerator
 0001:00017A6C       PlasticEngine.TDictionary<System.string,PlasticEngine.TFileCacheItem>.TValueCollection.GetCount
 0001:00017AF4       PlasticEngine.TDictionary<System.string,PlasticEngine.TFileCacheItem>.TValueCollection.GetEnumerator
 0001:00017B80       PlasticEngine.TDictionary<System.string,PlasticEngine.TFileCacheItem>.TValueEnumerator.Create
 0001:00017B48       PlasticEngine.TDictionary<System.string,PlasticEngine.TFileCacheItem>.TValueEnumerator.DoGetCurrent
 0001:00017B64       PlasticEngine.TDictionary<System.string,PlasticEngine.TFileCacheItem>.TValueEnumerator.DoMoveNext
 0001:00017B1C       PlasticEngine.TDictionary<System.string,PlasticEngine.TFileCacheItem>.TValueEnumerator.GetCurrent
 0001:00017BD8       PlasticEngine.TDictionary<System.string,PlasticEngine.TFileCacheItem>.TValueEnumerator.MoveNext
 0001:00017010       PlasticEngine.TDictionary<System.string,PlasticEngine.TFileCacheItem>.ValueNotify
 0001:00017A34       PlasticEngine.TEnumerable<PlasticEngine.TFileCacheItem>.GetEnumerator
 0001:00017838       PlasticEngine.TEnumerable<System.string>.GetEnumerator
 0001:00016968       PlasticEngine.TEnumerable<TPair<System.string,PlasticEngine.TFileCacheItem>>.GetEnumerator
 0001:00017A50       PlasticEngine.TEnumerator<PlasticEngine.TFileCacheItem>.MoveNext
 0001:00017854       PlasticEngine.TEnumerator<System.string>.MoveNext
 0001:00016984       PlasticEngine.TEnumerator<TPair<System.string,PlasticEngine.TFileCacheItem>>.MoveNext
 0001:00017F58       PlasticEngine.TEqualityComparer<PlasticEngine.TFileCacheItem>.Default
 0001:00017F2C       PlasticEngine.TEqualityComparer<System.string>.Default
 0001:00017E74       PlasticEngine.TObjectDictionary<System.string,PlasticEngine.TFileCacheItem>.Create
 0001:00017DD4       PlasticEngine.TObjectDictionary<System.string,PlasticEngine.TFileCacheItem>.Create
 0001:00017E24       PlasticEngine.TObjectDictionary<System.string,PlasticEngine.TFileCacheItem>.Create
 0001:00017D5C       PlasticEngine.TObjectDictionary<System.string,PlasticEngine.TFileCacheItem>.KeyNotify
 0001:00017D98       PlasticEngine.TObjectDictionary<System.string,PlasticEngine.TFileCacheItem>.ValueNotify
 0001:0001693C       PlasticEngine.TPair<System.string,PlasticEngine.TFileCacheItem>.Create
 0001:00015B28       PlasticEngine.TPlasticCommThread.Create
 0001:00015EEC       PlasticEngine.TPlasticCommThread.Destroy
 0001:00015F8C       PlasticEngine.TPlasticCommThread.ExcuteCommand
 0001:00016250       PlasticEngine.TPlasticCommThread.Execute
 0001:00015BA4       PlasticEngine.TPlasticCommThread.InternalExcuteCommand
 0001:00016468       PlasticEngine.TPlasticCommThread.JvCPSReadEvent
 0001:00016660       PlasticEngine.TPlasticCommThread.StartPlasticShell
 0001:00016838       PlasticEngine.TPlasticCommThread.Terminate
 0001:000130EC       PlasticEngine.TPlasticEngine.AddFile
 0001:000141C0       PlasticEngine.TPlasticEngine.AddFile
 0001:00013188       PlasticEngine.TPlasticEngine.AddFiles
 0001:000146A8       PlasticEngine.TPlasticEngine.CheckinFile
 0001:00014A94       PlasticEngine.TPlasticEngine.CheckinFiles
 0001:0001221C       PlasticEngine.TPlasticEngine.CheckoutFile
 0001:00013460       PlasticEngine.TPlasticEngine.CheckoutFile
 0001:000134FC       PlasticEngine.TPlasticEngine.CheckoutFiles
 0001:000136D8       PlasticEngine.TPlasticEngine.ClearStatusCache
 0001:00011594       PlasticEngine.TPlasticEngine.Create
 0001:00011618       PlasticEngine.TPlasticEngine.DeleteFile
 0001:00011ACC       PlasticEngine.TPlasticEngine.DeleteFiles
 0001:00011CA8       PlasticEngine.TPlasticEngine.Destroy
 0001:00011D08       PlasticEngine.TPlasticEngine.Diff
 0001:00011EC4       PlasticEngine.TPlasticEngine.DiffFile
 0001:000120D0       PlasticEngine.TPlasticEngine.ExcuteCommand
 0001:00012FF4       PlasticEngine.TPlasticEngine.FileArchived
 0001:00013030       PlasticEngine.TPlasticEngine.FilterControlledFiles
 0001:0001263C       PlasticEngine.TPlasticEngine.GetFileInfo
 0001:00014C70       PlasticEngine.TPlasticEngine.GetIsServerUp
 0001:00014CBC       PlasticEngine.TPlasticEngine.GetLastError
 0001:00014DFC       PlasticEngine.TPlasticEngine.GetPlasticExePath
 0001:00014F58       PlasticEngine.TPlasticEngine.HandleException
 0001:00015050       PlasticEngine.TPlasticEngine.InternalClearStatusCache
 0001:000150A0       PlasticEngine.TPlasticEngine.InternalExcuteCommand
 0001:00015234       PlasticEngine.TPlasticEngine.InternalGetFileInfo
 0001:000121F8       PlasticEngine.TPlasticEngine.LogMessage
 0001:000137EC       PlasticEngine.TPlasticEngine.RenameFile
 0001:000152CC       PlasticEngine.TPlasticEngine.ShelveFile
 0001:0001566C       PlasticEngine.TPlasticEngine.ShelveFile
 0001:00015708       PlasticEngine.TPlasticEngine.ShelveFiles
 0001:000158CC       PlasticEngine.TPlasticEngine.ShowVisualClient
 0001:00015990       PlasticEngine.TPlasticEngine.StartPlasticShell
 0001:00013BB4       PlasticEngine.TPlasticEngine.UndoCheckoutFile
 0001:00013FE4       PlasticEngine.TPlasticEngine.UndoCheckoutFiles
 0001:00012C94       PlasticEngine.TPlasticEngine.UpdateFile
 0001:00012AC8       PlasticEngine.TPlasticEngine.UpdateFiles
 0004:00000058       PlasticExpert..2
 0001:00019FB8       PlasticExpert..TDictionary<ActnList.TAction,System.Integer>
 0001:00019688       PlasticExpert..TDictionary<ActnList.TAction,System.Integer>.TKeyCollection
 0001:000194BC       PlasticExpert..TDictionary<ActnList.TAction,System.Integer>.TKeyEnumerator
 0001:00019DE4       PlasticExpert..TDictionary<ActnList.TAction,System.Integer>.TPairEnumerator
 0001:00019C24       PlasticExpert..TDictionary<ActnList.TAction,System.Integer>.TValueCollection
 0001:00019A50       PlasticExpert..TDictionary<ActnList.TAction,System.Integer>.TValueEnumerator
 0001:000193C4       PlasticExpert..TEnumerable<ActnList.TAction>
 0001:0001995C       PlasticExpert..TEnumerable<System.Integer>
 0001:00018EEC       PlasticExpert..TEnumerable<TPair<ActnList.TAction,System.Integer>>
 0001:000192A4       PlasticExpert..TEnumerator<ActnList.TAction>
 0001:00019844       PlasticExpert..TEnumerator<System.Integer>
 0001:00018DA4       PlasticExpert..TEnumerator<TPair<ActnList.TAction,System.Integer>>
 0001:0001A670       PlasticExpert..TObjectDictionary<ActnList.TAction,System.Integer>
 0001:000189C0       PlasticExpert..TPlasticExpert
 0001:0001D440       PlasticExpert..TPlasticExpert.GeneralUpdate$ActRec
 0001:0001D5AC       PlasticExpert..TPlasticExpert.GeneralUpdate$ActRec.$0$Body$ActRec
 0004:0000005C       PlasticExpert.E
 0001:0001EB70       PlasticExpert.Finalization
 0004:00000054       PlasticExpert.GPlasticExpert
 0002:00000308       PlasticExpert.PlasticExpert
 0001:0001F5EC       PlasticExpert.TDictionary<ActnList.TAction,System.Integer>.Add
 0001:0001F858       PlasticExpert.TDictionary<ActnList.TAction,System.Integer>.AddOrSetValue
 0001:0001F6F0       PlasticExpert.TDictionary<ActnList.TAction,System.Integer>.Clear
 0001:0001F8D0       PlasticExpert.TDictionary<ActnList.TAction,System.Integer>.ContainsKey
 0001:0001F904       PlasticExpert.TDictionary<ActnList.TAction,System.Integer>.ContainsValue
 0001:0001F314       PlasticExpert.TDictionary<ActnList.TAction,System.Integer>.Create
 0001:0001F430       PlasticExpert.TDictionary<ActnList.TAction,System.Integer>.Create
 0001:0001F4E4       PlasticExpert.TDictionary<ActnList.TAction,System.Integer>.Create
 0001:0001F2C8       PlasticExpert.TDictionary<ActnList.TAction,System.Integer>.Create
 0001:0001F360       PlasticExpert.TDictionary<ActnList.TAction,System.Integer>.Create
 0001:0001F59C       PlasticExpert.TDictionary<ActnList.TAction,System.Integer>.Destroy
 0001:0001F028       PlasticExpert.TDictionary<ActnList.TAction,System.Integer>.DoAdd
 0001:0001F244       PlasticExpert.TDictionary<ActnList.TAction,System.Integer>.DoGetEnumerator
 0001:0001F0F0       PlasticExpert.TDictionary<ActnList.TAction,System.Integer>.DoRemove
 0001:0001F098       PlasticExpert.TDictionary<ActnList.TAction,System.Integer>.DoSetValue
 0001:0001F698       PlasticExpert.TDictionary<ActnList.TAction,System.Integer>.ExtractPair
 0001:0001EDF4       PlasticExpert.TDictionary<ActnList.TAction,System.Integer>.GetBucketIndex
 0001:0001FA20       PlasticExpert.TDictionary<ActnList.TAction,System.Integer>.GetEnumerator
 0001:0001EED8       PlasticExpert.TDictionary<ActnList.TAction,System.Integer>.GetItem
 0001:0001F9B0       PlasticExpert.TDictionary<ActnList.TAction,System.Integer>.GetKeys
 0001:0001F9E8       PlasticExpert.TDictionary<ActnList.TAction,System.Integer>.GetValues
 0001:0001EDBC       PlasticExpert.TDictionary<ActnList.TAction,System.Integer>.Grow
 0001:0001EEA8       PlasticExpert.TDictionary<ActnList.TAction,System.Integer>.Hash
 0001:0001F260       PlasticExpert.TDictionary<ActnList.TAction,System.Integer>.KeyNotify
 0001:0001EC9C       PlasticExpert.TDictionary<ActnList.TAction,System.Integer>.Rehash
 0001:0001EFC8       PlasticExpert.TDictionary<ActnList.TAction,System.Integer>.RehashAdd
 0001:0001F66C       PlasticExpert.TDictionary<ActnList.TAction,System.Integer>.Remove
 0001:0001EC30       PlasticExpert.TDictionary<ActnList.TAction,System.Integer>.SetCapacity
 0001:0001EF38       PlasticExpert.TDictionary<ActnList.TAction,System.Integer>.SetItem
 0001:0001FAB4       PlasticExpert.TDictionary<ActnList.TAction,System.Integer>.TKeyCollection.Create
 0001:0001FA98       PlasticExpert.TDictionary<ActnList.TAction,System.Integer>.TKeyCollection.DoGetEnumerator
 0001:0001FA7C       PlasticExpert.TDictionary<ActnList.TAction,System.Integer>.TKeyCollection.GetCount
 0001:0001FB04       PlasticExpert.TDictionary<ActnList.TAction,System.Integer>.TKeyCollection.GetEnumerator
 0001:0001FB90       PlasticExpert.TDictionary<ActnList.TAction,System.Integer>.TKeyEnumerator.Create
 0001:0001FB58       PlasticExpert.TDictionary<ActnList.TAction,System.Integer>.TKeyEnumerator.DoGetCurrent
 0001:0001FB74       PlasticExpert.TDictionary<ActnList.TAction,System.Integer>.TKeyEnumerator.DoMoveNext
 0001:0001FB2C       PlasticExpert.TDictionary<ActnList.TAction,System.Integer>.TKeyEnumerator.GetCurrent
 0001:0001FBE8       PlasticExpert.TDictionary<ActnList.TAction,System.Integer>.TKeyEnumerator.MoveNext
 0001:0001FEB4       PlasticExpert.TDictionary<ActnList.TAction,System.Integer>.TPairEnumerator.Create
 0001:0001FE7C       PlasticExpert.TDictionary<ActnList.TAction,System.Integer>.TPairEnumerator.DoGetCurrent
 0001:0001FE98       PlasticExpert.TDictionary<ActnList.TAction,System.Integer>.TPairEnumerator.DoMoveNext
 0001:0001FE34       PlasticExpert.TDictionary<ActnList.TAction,System.Integer>.TPairEnumerator.GetCurrent
 0001:0001FF0C       PlasticExpert.TDictionary<ActnList.TAction,System.Integer>.TPairEnumerator.MoveNext
 0001:0001F7DC       PlasticExpert.TDictionary<ActnList.TAction,System.Integer>.TrimExcess
 0001:0001F7F8       PlasticExpert.TDictionary<ActnList.TAction,System.Integer>.TryGetValue
 0001:0001FCAC       PlasticExpert.TDictionary<ActnList.TAction,System.Integer>.TValueCollection.Create
 0001:0001FC90       PlasticExpert.TDictionary<ActnList.TAction,System.Integer>.TValueCollection.DoGetEnumerator
 0001:0001FC74       PlasticExpert.TDictionary<ActnList.TAction,System.Integer>.TValueCollection.GetCount
 0001:0001FCFC       PlasticExpert.TDictionary<ActnList.TAction,System.Integer>.TValueCollection.GetEnumerator
 0001:0001FD88       PlasticExpert.TDictionary<ActnList.TAction,System.Integer>.TValueEnumerator.Create
 0001:0001FD50       PlasticExpert.TDictionary<ActnList.TAction,System.Integer>.TValueEnumerator.DoGetCurrent
 0001:0001FD6C       PlasticExpert.TDictionary<ActnList.TAction,System.Integer>.TValueEnumerator.DoMoveNext
 0001:0001FD24       PlasticExpert.TDictionary<ActnList.TAction,System.Integer>.TValueEnumerator.GetCurrent
 0001:0001FDE0       PlasticExpert.TDictionary<ActnList.TAction,System.Integer>.TValueEnumerator.MoveNext
 0001:0001F294       PlasticExpert.TDictionary<ActnList.TAction,System.Integer>.ValueNotify
 0001:0001FA44       PlasticExpert.TEnumerable<ActnList.TAction>.GetEnumerator
 0001:0001FC3C       PlasticExpert.TEnumerable<System.Integer>.GetEnumerator
 0001:0001EBF8       PlasticExpert.TEnumerable<TPair<ActnList.TAction,System.Integer>>.GetEnumerator
 0001:0001FA60       PlasticExpert.TEnumerator<ActnList.TAction>.MoveNext
 0001:0001FC58       PlasticExpert.TEnumerator<System.Integer>.MoveNext
 0001:0001EC14       PlasticExpert.TEnumerator<TPair<ActnList.TAction,System.Integer>>.MoveNext
 0001:00020130       PlasticExpert.TEqualityComparer<ActnList.TAction>.Default
 0001:0002015C       PlasticExpert.TEqualityComparer<System.Integer>.Default
 0001:00020028       PlasticExpert.TObjectDictionary<ActnList.TAction,System.Integer>.Create
 0001:00020078       PlasticExpert.TObjectDictionary<ActnList.TAction,System.Integer>.Create
 0001:0001FFD8       PlasticExpert.TObjectDictionary<ActnList.TAction,System.Integer>.Create
 0001:0001FF60       PlasticExpert.TObjectDictionary<ActnList.TAction,System.Integer>.KeyNotify
 0001:0001FF9C       PlasticExpert.TObjectDictionary<ActnList.TAction,System.Integer>.ValueNotify
 0001:0001EBD0       PlasticExpert.TPair<ActnList.TAction,System.Integer>.Create
 0001:0001E4C4       PlasticExpert.TPlasticExpert.AddAction
 0001:0001DEE4       PlasticExpert.TPlasticExpert.AddAllExecute
 0001:0001C04C       PlasticExpert.TPlasticExpert.AddExecute
 0001:0001E6F4       PlasticExpert.TPlasticExpert.AddMenu
 0001:0001BB78       PlasticExpert.TPlasticExpert.CheckinExecute
 0001:0001B97C       PlasticExpert.TPlasticExpert.CheckoutExecute
 0001:0001EB54       PlasticExpert.TPlasticExpert.ConsoleExecute
 0001:0001A894       PlasticExpert.TPlasticExpert.Create
 0001:0001A9A4       PlasticExpert.TPlasticExpert.CreateMenu
 0001:0001CF9C       PlasticExpert.TPlasticExpert.DeleteExecute
 0001:0001B804       PlasticExpert.TPlasticExpert.Destroy
 0001:0001C580       PlasticExpert.TPlasticExpert.DiffExecute
 0001:0001DBD0       PlasticExpert.TPlasticExpert.GeneralUpdate
 0001:0001DA2C       PlasticExpert.TPlasticExpert.GeneralUpdate$ActRec.$0$Body
 0001:0001D6D8       PlasticExpert.TPlasticExpert.GeneralUpdate$ActRec.$0$Body$ActRec.$0$0$Body
 0001:0001CA14       PlasticExpert.TPlasticExpert.GetFileInfo
 0001:0001CB40       PlasticExpert.TPlasticExpert.GetModuleFile
 0001:0001CBF8       PlasticExpert.TPlasticExpert.GetModuleFileInfo
 0001:0001EA4C       PlasticExpert.TPlasticExpert.GetSourceEditor
 0001:0001CEAC       PlasticExpert.TPlasticExpert.HandleException
 0001:0001CDA0       PlasticExpert.TPlasticExpert.HandleException
 0001:0001C758       PlasticExpert.TPlasticExpert.ListFiles
 0001:0001CA7C       PlasticExpert.TPlasticExpert.MenuExecute
 0001:0001CA8C       PlasticExpert.TPlasticExpert.Modified
 0001:0001D300       PlasticExpert.TPlasticExpert.PlasticClientExecute
 0001:0001C864       PlasticExpert.TPlasticExpert.ReloadFiles
 0001:0001DF44       PlasticExpert.TPlasticExpert.RemoveAction
 0001:0001DFA8       PlasticExpert.TPlasticExpert.RemoveActionFromToolbar
 0001:0001E168       PlasticExpert.TPlasticExpert.RenameExecute
 0001:0001E738       PlasticExpert.TPlasticExpert.ShelveExecute
 0001:0001E918       PlasticExpert.TPlasticExpert.StatusExecute
 0001:0001BD8C       PlasticExpert.TPlasticExpert.UncheckoutExecute
 0001:0001C2BC       PlasticExpert.TPlasticExpert.UpdateActionImages
 0001:0001C35C       PlasticExpert.TPlasticExpert.UpdateExecute
 0001:0001C548       PlasticExpert.TPlasticExpert.UpdateMenu
 0004:00000040       PlasticNotify..3
 0001:0000B014       PlasticNotify..TDictionary<System.string,PlasticNotify.TFileNotifier>
 0001:0000A664       PlasticNotify..TDictionary<System.string,PlasticNotify.TFileNotifier>.TKeyCollection
 0001:0000A480       PlasticNotify..TDictionary<System.string,PlasticNotify.TFileNotifier>.TKeyEnumerator
 0001:0000AE30       PlasticNotify..TDictionary<System.string,PlasticNotify.TFileNotifier>.TPairEnumerator
 0001:0000AC5C       PlasticNotify..TDictionary<System.string,PlasticNotify.TFileNotifier>.TValueCollection
 0001:0000AA78       PlasticNotify..TDictionary<System.string,PlasticNotify.TFileNotifier>.TValueEnumerator
 0001:0000A96C       PlasticNotify..TEnumerable<PlasticNotify.TFileNotifier>
 0001:0000A390       PlasticNotify..TEnumerable<System.string>
 0001:00009E84       PlasticNotify..TEnumerable<TPair<System.string,PlasticNotify.TFileNotifier>>
 0001:0000A834       PlasticNotify..TEnumerator<PlasticNotify.TFileNotifier>
 0001:0000A278       PlasticNotify..TEnumerator<System.string>
 0001:00009D24       PlasticNotify..TEnumerator<TPair<System.string,PlasticNotify.TFileNotifier>>
 0001:00009B04       PlasticNotify..TFileNotifier
 0001:0000C27C       PlasticNotify..TFileNotifier.AfterSave$ActRec
 0001:0000C40C       PlasticNotify..TFileNotifier.AfterSave$ActRec.$0$Body$ActRec
 0001:0000C588       PlasticNotify..TFileNotifier.AfterSave$ActRec.$0$Body$ActRec.$0$0$Body$ActRec
 0001:0000C724       PlasticNotify..TFileNotifier.AfterSave$ActRec.$0$Body$ActRec.$0$1$Body$ActRec
 0001:00009900       PlasticNotify..TIDENotifier
 0001:0000D5C0       PlasticNotify.Finalization
 0002:00000250       PlasticNotify.PlasticNotify
 0001:0000E084       PlasticNotify.TDictionary<System.string,PlasticNotify.TFileNotifier>.Add
 0001:0000E2F0       PlasticNotify.TDictionary<System.string,PlasticNotify.TFileNotifier>.AddOrSetValue
 0001:0000E188       PlasticNotify.TDictionary<System.string,PlasticNotify.TFileNotifier>.Clear
 0001:0000E368       PlasticNotify.TDictionary<System.string,PlasticNotify.TFileNotifier>.ContainsKey
 0001:0000E39C       PlasticNotify.TDictionary<System.string,PlasticNotify.TFileNotifier>.ContainsValue
 0001:0000DE50       PlasticNotify.TDictionary<System.string,PlasticNotify.TFileNotifier>.Create
 0001:0000DD80       PlasticNotify.TDictionary<System.string,PlasticNotify.TFileNotifier>.Create
 0001:0000DF40       PlasticNotify.TDictionary<System.string,PlasticNotify.TFileNotifier>.Create
 0001:0000DCE8       PlasticNotify.TDictionary<System.string,PlasticNotify.TFileNotifier>.Create
 0001:0000DD34       PlasticNotify.TDictionary<System.string,PlasticNotify.TFileNotifier>.Create
 0001:0000E034       PlasticNotify.TDictionary<System.string,PlasticNotify.TFileNotifier>.Destroy
 0001:0000DA44       PlasticNotify.TDictionary<System.string,PlasticNotify.TFileNotifier>.DoAdd
 0001:0000DC64       PlasticNotify.TDictionary<System.string,PlasticNotify.TFileNotifier>.DoGetEnumerator
 0001:0000DB10       PlasticNotify.TDictionary<System.string,PlasticNotify.TFileNotifier>.DoRemove
 0001:0000DAB8       PlasticNotify.TDictionary<System.string,PlasticNotify.TFileNotifier>.DoSetValue
 0001:0000E130       PlasticNotify.TDictionary<System.string,PlasticNotify.TFileNotifier>.ExtractPair
 0001:0000D808       PlasticNotify.TDictionary<System.string,PlasticNotify.TFileNotifier>.GetBucketIndex
 0001:0000E4B8       PlasticNotify.TDictionary<System.string,PlasticNotify.TFileNotifier>.GetEnumerator
 0001:0000D8EC       PlasticNotify.TDictionary<System.string,PlasticNotify.TFileNotifier>.GetItem
 0001:0000E448       PlasticNotify.TDictionary<System.string,PlasticNotify.TFileNotifier>.GetKeys
 0001:0000E480       PlasticNotify.TDictionary<System.string,PlasticNotify.TFileNotifier>.GetValues
 0001:0000D7D0       PlasticNotify.TDictionary<System.string,PlasticNotify.TFileNotifier>.Grow
 0001:0000D8BC       PlasticNotify.TDictionary<System.string,PlasticNotify.TFileNotifier>.Hash
 0001:0000DC80       PlasticNotify.TDictionary<System.string,PlasticNotify.TFileNotifier>.KeyNotify
 0001:0000D6B0       PlasticNotify.TDictionary<System.string,PlasticNotify.TFileNotifier>.Rehash
 0001:0000D9DC       PlasticNotify.TDictionary<System.string,PlasticNotify.TFileNotifier>.RehashAdd
 0001:0000E104       PlasticNotify.TDictionary<System.string,PlasticNotify.TFileNotifier>.Remove
 0001:0000D644       PlasticNotify.TDictionary<System.string,PlasticNotify.TFileNotifier>.SetCapacity
 0001:0000D94C       PlasticNotify.TDictionary<System.string,PlasticNotify.TFileNotifier>.SetItem
 0001:0000E54C       PlasticNotify.TDictionary<System.string,PlasticNotify.TFileNotifier>.TKeyCollection.Create
 0001:0000E530       PlasticNotify.TDictionary<System.string,PlasticNotify.TFileNotifier>.TKeyCollection.DoGetEnumerator
 0001:0000E514       PlasticNotify.TDictionary<System.string,PlasticNotify.TFileNotifier>.TKeyCollection.GetCount
 0001:0000E59C       PlasticNotify.TDictionary<System.string,PlasticNotify.TFileNotifier>.TKeyCollection.GetEnumerator
 0001:0000E62C       PlasticNotify.TDictionary<System.string,PlasticNotify.TFileNotifier>.TKeyEnumerator.Create
 0001:0000E5F4       PlasticNotify.TDictionary<System.string,PlasticNotify.TFileNotifier>.TKeyEnumerator.DoGetCurrent
 0001:0000E610       PlasticNotify.TDictionary<System.string,PlasticNotify.TFileNotifier>.TKeyEnumerator.DoMoveNext
 0001:0000E5C4       PlasticNotify.TDictionary<System.string,PlasticNotify.TFileNotifier>.TKeyEnumerator.GetCurrent
 0001:0000E684       PlasticNotify.TDictionary<System.string,PlasticNotify.TFileNotifier>.TKeyEnumerator.MoveNext
 0001:0000E954       PlasticNotify.TDictionary<System.string,PlasticNotify.TFileNotifier>.TPairEnumerator.Create
 0001:0000E91C       PlasticNotify.TDictionary<System.string,PlasticNotify.TFileNotifier>.TPairEnumerator.DoGetCurrent
 0001:0000E938       PlasticNotify.TDictionary<System.string,PlasticNotify.TFileNotifier>.TPairEnumerator.DoMoveNext
 0001:0000E8D0       PlasticNotify.TDictionary<System.string,PlasticNotify.TFileNotifier>.TPairEnumerator.GetCurrent
 0001:0000E9AC       PlasticNotify.TDictionary<System.string,PlasticNotify.TFileNotifier>.TPairEnumerator.MoveNext
 0001:0000E274       PlasticNotify.TDictionary<System.string,PlasticNotify.TFileNotifier>.TrimExcess
 0001:0000E290       PlasticNotify.TDictionary<System.string,PlasticNotify.TFileNotifier>.TryGetValue
 0001:0000E748       PlasticNotify.TDictionary<System.string,PlasticNotify.TFileNotifier>.TValueCollection.Create
 0001:0000E72C       PlasticNotify.TDictionary<System.string,PlasticNotify.TFileNotifier>.TValueCollection.DoGetEnumerator
 0001:0000E710       PlasticNotify.TDictionary<System.string,PlasticNotify.TFileNotifier>.TValueCollection.GetCount
 0001:0000E798       PlasticNotify.TDictionary<System.string,PlasticNotify.TFileNotifier>.TValueCollection.GetEnumerator
 0001:0000E824       PlasticNotify.TDictionary<System.string,PlasticNotify.TFileNotifier>.TValueEnumerator.Create
 0001:0000E7EC       PlasticNotify.TDictionary<System.string,PlasticNotify.TFileNotifier>.TValueEnumerator.DoGetCurrent
 0001:0000E808       PlasticNotify.TDictionary<System.string,PlasticNotify.TFileNotifier>.TValueEnumerator.DoMoveNext
 0001:0000E7C0       PlasticNotify.TDictionary<System.string,PlasticNotify.TFileNotifier>.TValueEnumerator.GetCurrent
 0001:0000E87C       PlasticNotify.TDictionary<System.string,PlasticNotify.TFileNotifier>.TValueEnumerator.MoveNext
 0001:0000DCB4       PlasticNotify.TDictionary<System.string,PlasticNotify.TFileNotifier>.ValueNotify
 0001:0000E6D8       PlasticNotify.TEnumerable<PlasticNotify.TFileNotifier>.GetEnumerator
 0001:0000E4DC       PlasticNotify.TEnumerable<System.string>.GetEnumerator
 0001:0000D60C       PlasticNotify.TEnumerable<TPair<System.string,PlasticNotify.TFileNotifier>>.GetEnumerator
 0001:0000E6F4       PlasticNotify.TEnumerator<PlasticNotify.TFileNotifier>.MoveNext
 0001:0000E4F8       PlasticNotify.TEnumerator<System.string>.MoveNext
 0001:0000D628       PlasticNotify.TEnumerator<TPair<System.string,PlasticNotify.TFileNotifier>>.MoveNext
 0001:0000EA2C       PlasticNotify.TEqualityComparer<PlasticNotify.TFileNotifier>.Default
 0001:0000EA00       PlasticNotify.TEqualityComparer<System.string>.Default
 0001:0000CF50       PlasticNotify.TFileNotifier.AfterSave
 0001:0000CCF4       PlasticNotify.TFileNotifier.AfterSave$ActRec.$0$Body
 0001:0000C890       PlasticNotify.TFileNotifier.AfterSave$ActRec.$0$Body$ActRec.$0$0$Body
 0001:0000C868       PlasticNotify.TFileNotifier.AfterSave$ActRec.$0$Body$ActRec.$0$0$Body$ActRec.$0$0$0$Body
 0001:0000CAD0       PlasticNotify.TFileNotifier.AfterSave$ActRec.$0$Body$ActRec.$0$1$Body
 0001:0000CAA8       PlasticNotify.TFileNotifier.AfterSave$ActRec.$0$Body$ActRec.$0$1$Body$ActRec.$0$1$0$Body
 0001:0000D064       PlasticNotify.TFileNotifier.BeforeSave
 0001:0000D0F0       PlasticNotify.TFileNotifier.CheckOverwrite
 0001:0000D104       PlasticNotify.TFileNotifier.Create
 0001:0000D1B4       PlasticNotify.TFileNotifier.Destroyed
 0001:0000D1C8       PlasticNotify.TFileNotifier.Modified
 0001:0000D4C8       PlasticNotify.TFileNotifier.ModuleRenamed
 0001:0000D4D8       PlasticNotify.TFileNotifier.RemoveNotifier
 0001:0000B6E0       PlasticNotify.TIDENotifier.AddFileWatch
 0001:0000BD4C       PlasticNotify.TIDENotifier.AfterCompile
 0001:0000BD5C       PlasticNotify.TIDENotifier.AfterConstruction
 0001:0000BDF4       PlasticNotify.TIDENotifier.AfterSave
 0001:0000BE00       PlasticNotify.TIDENotifier.BeforeCompile
 0001:0000BE14       PlasticNotify.TIDENotifier.BeforeSave
 0001:0000BE20       PlasticNotify.TIDENotifier.Destroy
 0001:0000BEA8       PlasticNotify.TIDENotifier.Destroyed
 0001:0000BF04       PlasticNotify.TIDENotifier.FileNotification
 0001:0000C090       PlasticNotify.TIDENotifier.Modified
 0001:0000C09C       PlasticNotify.TIDENotifier.RemoveNotifier
 0001:0000D5E0       PlasticNotify.TPair<System.string,PlasticNotify.TFileNotifier>.Create
 0004:00000044       PlasticNotify._IDENotifier
 0004:00000050       PlasticUtils..3
 0001:000181CC       PlasticUtils..LogMessageToIDE$ActRec
 0003:00000104       PlasticUtils.C_BlackListedExt
 0003:000000E8       PlasticUtils.C_WhiteListedExt
 0001:00018964       PlasticUtils.Finalization
 0001:00018520       PlasticUtils.GetLastStackAsString
 0001:00018614       PlasticUtils.HandleException
 0001:000187D0       PlasticUtils.IsBlackListedFile
 0001:00018728       PlasticUtils.IsWhiteListedFile
 0001:0001847C       PlasticUtils.LogMessageToIDE
 0001:00018334       PlasticUtils.LogMessageToIDE$ActRec.$0$Body
 0002:00000300       PlasticUtils.PlasticUtils
 0001:00018878       PlasticUtils.SearchCorrespondingFiles
 0001:00001038       PlatformDefaultStyleActnCtrls.Finalization
 0002:00000190       PlatformDefaultStyleActnCtrls.PlatformDefaultStyleActnCtrls
 0001:00000FA8       Printers.Finalization
 0002:00000100       Printers.Printers
 0001:00000C60       Registry.Finalization
 0002:00000090       Registry.Registry
 0001:00000C50       Registry.TRegIniFile.Create
 0001:00000C58       Registry.TRegIniFile.ReadString
 0001:00000C30       Registry.TRegistry.CloseKey
 0001:00000C28       Registry.TRegistry.Create
 0001:00000C40       Registry.TRegistry.OpenKey
 0001:00000C48       Registry.TRegistry.ReadString
 0001:00000C38       Registry.TRegistry.SetRootKey
 0001:00000F90       ShellAPI.ShellExecute
 0001:00000F98       ShellAPI.SHGetFileInfo
 0001:000009F8       StrUtils.IfThen
 0001:000009F0       StrUtils.StartsText
 0001:00000BA0       SyncObjs.Finalization
 0002:00000068       SyncObjs.SyncObjs
 0001:00000B98       SyncObjs.TCriticalSection.Create
 0001:00000B80       SyncObjs.TEvent.Create
 0001:00000B90       SyncObjs.TEvent.ResetEvent
 0001:00000B88       SyncObjs.TEvent.SetEvent
 0001:000003C8       SysInit.@GetTls
 0001:00000438       SysInit.@InitPkg
 0001:0000049C       SysInit.@PackageLoad
 0001:000004A8       SysInit.@PackageUnload
 0001:000002E8       SysInit.AllocTlsBuffer
 0001:000003A4       SysInit.ExitProcessTLS
 0001:0000036C       SysInit.ExitThreadTLS
 0001:000002B0       SysInit.FreeLibrary
 0001:000002F4       SysInit.GetTlsSize
 0004:00000004       SysInit.HInstance
 0001:00000408       SysInit.InitializeModule
 0001:00000340       SysInit.InitProcessTLS
 0001:000002FC       SysInit.InitThreadTLS
 0001:000002B8       SysInit.LocalAlloc
 0001:000002C0       SysInit.LocalFree
 0003:00000008       SysInit.Module
 0004:00000000       SysInit.ModuleIsLib
 0004:00000001       SysInit.ModuleIsPackage
 0003:00000004       SysInit.PtrToNil
 0001:000002C8       SysInit.TlsAlloc
 0004:00000008       SysInit.tlsBuffer
 0001:000002D0       SysInit.TlsFree
 0001:000002D8       SysInit.TlsGetValue
 0003:00000000       SysInit.TlsIndex
 0005:00000008       SysInit.TlsLast
 0003:00000024       SysInit.TlsProc
 0001:000002E0       SysInit.TlsSetValue
 0001:00000414       SysInit.UninitializeModule
 0001:00000020       System.@AbstractError
 0001:000000C0       System.@AfterConstruction
 0001:00000078       System.@AsClass
 0001:00000128       System.@Assert
 0001:000000C8       System.@BeforeDestruction
 0001:000000B0       System.@ClassCreate
 0001:000000B8       System.@ClassDestroy
 0001:00000210       System.@CopyRecord
 0001:00000100       System.@DoneExcept
 0001:00000238       System.@DynArrayAsg
 0001:00000230       System.@DynArrayClear
 0001:00000220       System.@DynArrayHigh
 0001:00000218       System.@DynArrayLength
 0001:00000228       System.@DynArraySetLength
 0001:00000028       System.@FillChar
 0001:00000208       System.@FinalizeArray
 0001:00000200       System.@FinalizeRecord
 0001:00000008       System.@FreeMem
 0001:00000000       System.@GetMem
 0001:000000E0       System.@HandleAnyException
 0001:000000F0       System.@HandleFinally
 0001:000000E8       System.@HandleOnException
 0001:000001F8       System.@InitializeRecord
 0001:00000268       System.@IntfAddRef
 0001:00000260       System.@IntfCast
 0001:00000250       System.@IntfClear
 0001:00000258       System.@IntfCopy
 0001:00000070       System.@IsClass
 0001:00000150       System.@LStrCat3
 0001:00000130       System.@LStrClr
 0001:00000138       System.@LStrFromPCharLen
 0001:000001B0       System.@LStrFromUStr
 0001:00000148       System.@LStrLen
 0001:00000160       System.@LStrSetLength
 0001:00000158       System.@LStrToPChar
 0001:00000110       System.@PackageLoad
 0001:00000118       System.@PackageUnload
 0001:000000F8       System.@RaiseExcept
 0001:00000010       System.@ReallocMem
 0001:00000120       System.@RunError
 0001:00000108       System.@TryFinallyExit
 0001:00000168       System.@UStrAddRef
 0001:00000178       System.@UStrArrayClr
 0001:00000180       System.@UStrAsg
 0001:000001C0       System.@UStrCat
 0001:000001C8       System.@UStrCat3
 0001:000001D0       System.@UStrCatN
 0001:00000170       System.@UStrClr
 0001:000001E0       System.@UStrCopy
 0001:000001E8       System.@UStrDelete
 0001:000001D8       System.@UStrEqual
 0001:000001A8       System.@UStrFromLStr
 0001:000001A0       System.@UStrFromPChar
 0001:00000198       System.@UStrFromWChar
 0001:00000188       System.@UStrLAsg
 0001:000001B8       System.@UStrLen
 0001:00000190       System.@UStrToPWChar
 0001:000002A8       System.Finalization
 0001:000002A0       System.LoadResString
 0001:00000018       System.Move
 0001:000001F0       System.Pos
 0001:00000240       System.RegisterModule
 0001:00000140       System.StringRefCount
 0002:00000000       System.System
 0001:00000270       System.TInterfacedObject.AfterConstruction
[...]
   335 0001:0001225D   336 0001:00012261   337 0001:0001226F   339 0001:0001228C
   340 0001:00012291   347 0001:0001229F   350 0001:000122D1   352 0001:000122F0
   353 0001:0001230C   356 0001:00012310   357 0001:00012316   359 0001:00012335
   362 0001:0001238F   366 0001:000123BA   368 0001:000123CD   375 0001:0001263C
   376 0001:00012661   377 0001:00012666   378 0001:00012674   379 0001:00012679
   381 0001:00012687   382 0001:000126A4   385 0001:000126B4   388 0001:000126F0
   389 0001:000126FF   390 0001:0001270D   391 0001:00012719   394 0001:0001272B
   397 0001:00012748   400 0001:00012782   401 0001:00012791   403 0001:0001279F
   404 0001:000127BE   410 0001:000127CB   412 0001:000127DC   413 0001:000127E3
   416 0001:000127FB   418 0001:00012804   419 0001:00012815   420 0001:0001281E
   421 0001:0001282F   422 0001:00012838   423 0001:00012849   425 0001:00012852
   427 0001:00012859   428 0001:00012865   432 0001:0001287E   436 0001:000128A9
   438 0001:000128BC   442 0001:00012AC8   443 0001:00012AF1   444 0001:00012B02
   445 0001:00012B10   446 0001:00012B36   445 0001:00012B57   447 0001:00012B70
   449 0001:00012B8D   450 0001:00012B93   452 0001:00012BBD   453 0001:00012BE5
   459 0001:00012C94   460 0001:00012CC8   462 0001:00012CD0   463 0001:00012CD4
   464 0001:00012CE2   466 0001:00012CFF   467 0001:00012D04   473 0001:00012D12
   475 0001:00012D18   479 0001:00012D4A   482 0001:00012D4E   483 0001:00012D54
   485 0001:00012D76   489 0001:00012D95   492 0001:00012DC7   495 0001:00012DCB
   496 0001:00012DD1   498 0001:00012DF0   502 0001:00012E1A   506 0001:00012E45
   508 0001:00012E58   514 0001:00012FF4   517 0001:00013000   518 0001:0001300E
   523 0001:00013029   530 0001:00013030   531 0001:00013053   533 0001:00013069
   535 0001:0001306E   536 0001:0001307E   537 0001:0001308C   540 0001:000130A8
   542 0001:000130B7   543 0001:000130BA   544 0001:000130C9   550 0001:000130EC
   551 0001:00013111   552 0001:00013120   553 0001:0001312E   554 0001:00013139
   556 0001:00013154   558 0001:00013164   562 0001:00013188   563 0001:000131AD
   564 0001:000131C7   565 0001:000131D8   566 0001:000131E6   567 0001:0001320C
   566 0001:0001322A   568 0001:00013243   570 0001:00013260   571 0001:00013266
   573 0001:00013290   574 0001:000132B8   580 0001:00013460   581 0001:00013485
   582 0001:00013494   583 0001:000134A2   584 0001:000134AD   586 0001:000134C8
   588 0001:000134D8   592 0001:000134FC   593 0001:00013521   594 0001:00013532
   595 0001:00013540   596 0001:00013566   595 0001:00013584   597 0001:0001359D
   599 0001:000135BA   600 0001:000135C0   602 0001:000135EA   603 0001:00013612
   606 0001:000136D8   607 0001:000136DF   608 0001:000136FC   609 0001:00013706
   614 0001:000137EC   615 0001:0001382D   616 0001:00013831   617 0001:0001383F
   619 0001:0001385C   620 0001:00013861   621 0001:0001386F   624 0001:000138A9
   626 0001:000138C8   629 0001:000138CC   630 0001:000138D2   632 0001:000138F1
   635 0001:0001394B   639 0001:00013976   641 0001:00013989   646 0001:00013BB4
   647 0001:00013BED   649 0001:00013BF5   650 0001:00013BF9   651 0001:00013C07
   653 0001:00013C24   654 0001:00013C29   661 0001:00013C37   664 0001:00013C69
   666 0001:00013C88   667 0001:00013CA4   670 0001:00013CA8   671 0001:00013CAE
   673 0001:00013CCD   676 0001:00013D27   680 0001:00013D52   682 0001:00013D65
   686 0001:00013FE4   687 0001:00014009   688 0001:0001401A   689 0001:00014028
   690 0001:0001404E   689 0001:0001406C   691 0001:00014085   693 0001:000140A2
   694 0001:000140A8   696 0001:000140D2   697 0001:000140FA   704 0001:000141C0
   705 0001:000141FC   707 0001:00014204   708 0001:00014208   709 0001:00014216
   711 0001:00014233   712 0001:00014238   721 0001:00014246   722 0001:00014251
   723 0001:0001425F   724 0001:0001426D   726 0001:00014273   728 0001:000142A5
   729 0001:000142AE   730 0001:000142BB   731 0001:000142C4   734 0001:000142DC
   737 0001:000142EC   740 0001:0001431E   742 0001:0001433D   743 0001:00014359
   746 0001:0001435D   747 0001:00014363   749 0001:00014382   752 0001:000143DC
   756 0001:00014407   758 0001:0001441A   763 0001:000146A8   764 0001:000146E1
   766 0001:000146E9   767 0001:000146ED   768 0001:000146FB   770 0001:00014718
   771 0001:0001471D   781 0001:0001472B   784 0001:0001475D   786 0001:0001477C
   787 0001:00014798   790 0001:0001479C   791 0001:000147A2   793 0001:000147C1
   796 0001:0001481B   800 0001:00014846   802 0001:00014859   806 0001:00014A94
   807 0001:00014AB9   808 0001:00014ACA   809 0001:00014AD8   810 0001:00014AFE
   809 0001:00014B1C   811 0001:00014B35   813 0001:00014B52   814 0001:00014B58
   816 0001:00014B82   817 0001:00014BAA   820 0001:00014C70   821 0001:00014C79
   824 0001:00014CAB   825 0001:00014CB4   828 0001:00014CBC   829 0001:00014CC8
   830 0001:00014CE5   831 0001:00014D04   832 0001:00014D18   840 0001:00014DFC
   841 0001:00014E08   842 0001:00014E12   843 0001:00014E26   844 0001:00014E34
   845 0001:00014E41   847 0001:00014E54   848 0001:00014E64   850 0001:00014E6C
   852 0001:00014E81   855 0001:00014E91   860 0001:00014F58   861 0001:00014F7D
   862 0001:00014F83   864 0001:00014FCF   866 0001:00014FDB   867 0001:00014FEE
   870 0001:00015050   872 0001:00015057   873 0001:00015062   874 0001:00015070
   876 0001:00015088   878 0001:0001509B   882 0001:000150A0   883 0001:000150B2
   884 0001:000150B6   885 0001:000150C4   887 0001:000150E1   889 0001:00015110
   891 0001:00015113   893 0001:00015120   894 0001:0001512A   895 0001:00015135
   897 0001:0001513D   900 0001:0001514A   904 0001:00015234   905 0001:00015240
   906 0001:00015245   907 0001:00015250   908 0001:0001525E   909 0001:0001526F
   911 0001:00015275   912 0001:00015284   913 0001:00015292   916 0001:000152B0
   918 0001:000152C3   923 0001:000152CC   924 0001:00015302   925 0001:00015306
   926 0001:00015314   928 0001:00015331   929 0001:00015336   930 0001:00015344
   933 0001:00015376   935 0001:00015395   938 0001:00015399   939 0001:0001539F
   941 0001:000153BE   944 0001:00015418   948 0001:00015443   950 0001:00015456
   956 0001:0001566C   957 0001:00015691   958 0001:000156A0   959 0001:000156AE
   960 0001:000156B9   962 0001:000156D4   964 0001:000156E4   968 0001:00015708
   969 0001:0001572D   970 0001:0001573E   971 0001:0001574C   972 0001:00015772
   971 0001:00015790   973 0001:000157A9   975 0001:000157C6   976 0001:000157CC
   978 0001:000157F6   979 0001:0001581E   984 0001:000158CC   985 0001:000158E6
   986 0001:00015901   987 0001:00015928   992 0001:00015990   993 0001:000159B2
   994 0001:000159BF   996 0001:000159DA   997 0001:000159EA   999 0001:000159F6
  1000 0001:00015A1F  1003 0001:00015A21  1005 0001:00015A2F  1006 0001:00015A44
  1011 0001:00015B28  1012 0001:00015B43  1013 0001:00015B51  1014 0001:00015B65
  1015 0001:00015B79  1016 0001:00015B85  1024 0001:00015BA4  1025 0001:00015BD9
  1026 0001:00015BF6  1027 0001:00015C04  1028 0001:00015C08  1029 0001:00015C0F
  1030 0001:00015C16  1032 0001:00015C28  1034 0001:00015C35  1040 0001:00015C55
  1041 0001:00015C61  1038 0001:00015C68  1047 0001:00015C71  1049 0001:00015C7B
  1051 0001:00015C9A  1052 0001:00015CAB  1054 0001:00015CBF  1055 0001:00015CF3
  1056 0001:00015CFB  1059 0001:00015D2F  1060 0001:00015D35  1062 0001:00015D43
  1065 0001:00015D45  1066 0001:00015D56  1067 0001:00015D61  1049 0001:00015D64
  1069 0001:00015D6D  1071 0001:00015D85  1073 0001:00015DAA  1076 0001:00015EEC
  1077 0001:00015EFD  1078 0001:00015F0B  1079 0001:00015F16  1080 0001:00015F21
  1081 0001:00015F2C  1082 0001:00015F3A  1088 0001:00015F8C  1089 0001:00015F9B
  1090 0001:00015FA3  1091 0001:00015FB1  1093 0001:00015FCE  1094 0001:00015FD2
  1095 0001:00015FD9  1096 0001:00015FE7  1097 0001:00015FEF  1098 0001:00015FFA
  1099 0001:00016005  1100 0001:00016013  1101 0001:00016024  1103 0001:0001602D
  1106 0001:00016034  1109 0001:00016046  1110 0001:00016051  1114 0001:0001605C
  1117 0001:00016097  1118 0001:0001609F  1121 0001:000160C1  1123 0001:000160D1
  1126 0001:00016250  1127 0001:0001625C  1128 0001:0001626A  1129 0001:00016276
  1130 0001:00016284  1132 0001:0001628C  1135 0001:0001629F  1136 0001:000162AD
  1138 0001:000162C1  1139 0001:000162CC  1142 0001:000162DF  1145 0001:000162F9
  1146 0001:00016304  1149 0001:0001632C  1133 0001:0001633C  1153 0001:00016349
  1154 0001:00016357  1155 0001:00016364  1159 0001:00016468  1160 0001:0001647A
  1162 0001:00016488  1163 0001:000164A5  1165 0001:000164AE  1166 0001:000164CB
  1168 0001:000164D9  1171 0001:000164E9  1176 0001:0001650B  1178 0001:0001651B
  1181 0001:00016660  1182 0001:00016685  1183 0001:00016699  1184 0001:000166AD
  1185 0001:000166BD  1187 0001:000166CA  1188 0001:000166D7  1189 0001:000166E4
  1191 0001:000166F1  1192 0001:00016705  1193 0001:00016714  1194 0001:00016722
  1196 0001:00016748  1197 0001:0001674B  1202 0001:000167A8  1205 0001:00016838
  1206 0001:0001683F  1207 0001:0001684D  1208 0001:00016855  1209 0001:00016860
  1215 0001:000168AC  1216 0001:000168D7  1218 0001:000168FC  1334 0001:0001690C

Line numbers for PlasticEngine(PlasticEngine.pas) segment .itext

  1211 0002:00000270  1212 0002:0000027C  1214 0002:0000028D

Line numbers for PlasticUtils(PlasticUtils.pas) segment .text

    67 0001:00018334    68 0001:0001834F    70 0001:00018364    71 0001:00018382
    73 0001:000183A9    74 0001:000183BA    75 0001:000183D3    77 0001:00018402
    63 0001:0001847C    65 0001:000184EA    78 0001:000184FB    85 0001:00018520
    86 0001:0001852C    87 0001:0001853A    88 0001:00018542    89 0001:00018551
    90 0001:0001855F    93 0001:00018572    94 0001:0001857A    97 0001:0001858F
    98 0001:000185A2   100 0001:000185BA   101 0001:000185C2   104 0001:000185E1
   106 0001:000185F3   116 0001:00018614   117 0001:00018636   118 0001:0001863C
   120 0001:00018688   123 0001:00018694   124 0001:000186A2   130 0001:00018728
   131 0001:0001874A   132 0001:0001874E   134 0001:00018764   136 0001:00018782
   138 0001:0001878F   139 0001:00018793   141 0001:00018795   134 0001:00018798
   145 0001:0001879E   151 0001:000187D0   152 0001:000187F2   157 0001:000187F6
   159 0001:0001880C   161 0001:0001882A   163 0001:00018837   164 0001:0001883B
   166 0001:0001883D   159 0001:00018840   170 0001:00018846   176 0001:00018878
   177 0001:0001889D   178 0001:000188A8   181 0001:000188C3   183 0001:000188CE
   185 0001:000188EC   186 0001:00018905   189 0001:00018920   190 0001:0001892B
   183 0001:0001892E   191 0001:00018934

Line numbers for PlasticUtils(PlasticUtils.pas) segment .itext

   193 0002:00000300

Line numbers for PlasticExpert(PlasticExpert.pas) segment .text

   113 0001:0001A894   115 0001:0001A8AC   123 0001:0001A8B8   125 0001:0001A8C2
   126 0001:0001A8D4   127 0001:0001A8E1   129 0001:0001A8EC   130 0001:0001A906
   131 0001:0001A90E   138 0001:0001A9A4   139 0001:0001A9C0   140 0001:0001A9CC
   143 0001:0001A9E1   144 0001:0001A9FD   145 0001:0001AA0D   147 0001:0001AA1A
   151 0001:0001AA54   152 0001:0001AA6C   153 0001:0001AA72   155 0001:0001AA7B
   156 0001:0001AA86   159 0001:0001AA9F   162 0001:0001AAD2   164 0001:0001AAE0
   167 0001:0001AB13   168 0001:0001AB21   170 0001:0001AB2E   174 0001:0001AB39
   176 0001:0001AB6D   179 0001:0001AB7B   181 0001:0001ABAF   184 0001:0001ABBD
   186 0001:0001ABF1   188 0001:0001ABFF   192 0001:0001AC0A   195 0001:0001AC38
   198 0001:0001AC46   200 0001:0001AC7A   203 0001:0001AC88   206 0001:0001ACBC
   208 0001:0001ACCA   212 0001:0001ACD5   215 0001:0001AD03   218 0001:0001AD11
   221 0001:0001AD45   224 0001:0001AD53   227 0001:0001AD87   230 0001:0001AD95
   232 0001:0001ADC3   233 0001:0001ADD1   236 0001:0001ADDC   238 0001:0001AE10
   240 0001:0001AE1E   241 0001:0001AE23   243 0001:0001AE51   245 0001:0001AE5F
   246 0001:0001AE67   252 0001:0001B804   253 0001:0001B82B   254 0001:0001B839
   258 0001:0001B84E   259 0001:0001B864   277 0001:0001B86F   278 0001:0001B89D
   277 0001:0001B8A8   278 0001:0001B8C1   279 0001:0001B8DE   281 0001:0001B8E9
   283 0001:0001B8F4   285 0001:0001B8FE   287 0001:0001B927   289 0001:0001B93A
   294 0001:0001B97C   295 0001:0001B99E   296 0001:0001B9B1   297 0001:0001B9C0
   298 0001:0001B9CE   300 0001:0001B9DE   301 0001:0001B9E9   302 0001:0001B9FA
   304 0001:0001BA2A   306 0001:0001BA3F   307 0001:0001BA47   309 0001:0001BA62
   314 0001:0001BB78   315 0001:0001BB9A   316 0001:0001BBAD   317 0001:0001BBBB
   318 0001:0001BBCA   319 0001:0001BBD8   321 0001:0001BBE8   322 0001:0001BBF3
   323 0001:0001BC04   325 0001:0001BC41   328 0001:0001BC51   330 0001:0001BC66
   332 0001:0001BC81   337 0001:0001BD8C   338 0001:0001BDAE   339 0001:0001BDC1
   340 0001:0001BDCF   342 0001:0001BDED   344 0001:0001BDFD   345 0001:0001BE0C
   346 0001:0001BE1A   347 0001:0001BE25   348 0001:0001BE36   350 0001:0001BE73
   353 0001:0001BE83   356 0001:0001BE98   358 0001:0001BEB3   364 0001:0001C04C
   365 0001:0001C070   366 0001:0001C083   367 0001:0001C092   369 0001:0001C0A0
   370 0001:0001C0B5   371 0001:0001C0C6   372 0001:0001C0E8   374 0001:0001C0FF
   377 0001:0001C10F   378 0001:0001C11A   379 0001:0001C12B   381 0001:0001C15B
   383 0001:0001C170   384 0001:0001C178   386 0001:0001C193   391 0001:0001C2BC
   393 0001:0001C2C5   395 0001:0001C2F3   396 0001:0001C2FC   398 0001:0001C316
   393 0001:0001C321   399 0001:0001C33A   400 0001:0001C357   405 0001:0001C35C
   406 0001:0001C37E   407 0001:0001C391   408 0001:0001C3A0   409 0001:0001C3AE
   411 0001:0001C3BE   412 0001:0001C3C9   413 0001:0001C3DC   414 0001:0001C40C
   416 0001:0001C421   417 0001:0001C429   419 0001:0001C444   422 0001:0001C548
   423 0001:0001C554   425 0001:0001C55A   426 0001:0001C567   428 0001:0001C572
   429 0001:0001C57C   434 0001:0001C580   435 0001:0001C5A2   436 0001:0001C5B5
   437 0001:0001C5C4   438 0001:0001C5D2   440 0001:0001C5E2   441 0001:0001C5ED
   442 0001:0001C5FE   443 0001:0001C62E   445 0001:0001C643   446 0001:0001C64B
   448 0001:0001C666   455 0001:0001C758   456 0001:0001C77C   457 0001:0001C784
   458 0001:0001C799   460 0001:0001C7AA   462 0001:0001C7CD   463 0001:0001C7F1
   464 0001:0001C7FC   460 0001:0001C7FF   466 0001:0001C804   474 0001:0001C864
   475 0001:0001C881   476 0001:0001C894   477 0001:0001C8A2   479 0001:0001C8AD
   482 0001:0001C8EB   484 0001:0001C8FC   485 0001:0001C912   489 0001:0001C92A
   491 0001:0001C945   495 0001:0001CA14   496 0001:0001CA39   497 0001:0001CA4B
   498 0001:0001CA55   501 0001:0001CA7C   503 0001:0001CA88   508 0001:0001CA8C
   509 0001:0001CAA8   511 0001:0001CAAC   512 0001:0001CAC1   513 0001:0001CAD2
   514 0001:0001CAF3   519 0001:0001CB40   520 0001:0001CB5E   522 0001:0001CB68
   526 0001:0001CB7D   529 0001:0001CB9E   531 0001:0001CBB4   534 0001:0001CBF8
   535 0001:0001CC23   536 0001:0001CC27   538 0001:0001CC31   543 0001:0001CC46
   546 0001:0001CC90   548 0001:0001CCAC   549 0001:0001CCB6   552 0001:0001CCDD
   554 0001:0001CCF9   555 0001:0001CD03   560 0001:0001CD28   565 0001:0001CDA0
   566 0001:0001CDC5   568 0001:0001CDCB   569 0001:0001CDDD   572 0001:0001CDF7
   574 0001:0001CE36   577 0001:0001CE42   582 0001:0001CEAC   583 0001:0001CED1
   584 0001:0001CED7   586 0001:0001CF23   587 0001:0001CF2F   589 0001:0001CF3D
   597 0001:0001CF9C   598 0001:0001CFC0   599 0001:0001CFD3   600 0001:0001CFE2
   601 0001:0001CFF0   603 0001:0001D000   604 0001:0001D00B   605 0001:0001D01C
   608 0001:0001D04C   609 0001:0001D061   612 0001:0001D097   615 0001:0001D0AC
   618 0001:0001D0E0   619 0001:0001D106   618 0001:0001D11C   619 0001:0001D135
   620 0001:0001D152   623 0001:0001D16A   624 0001:0001D172   626 0001:0001D18D
   635 0001:0001D300   636 0001:0001D30C   637 0001:0001D31F   638 0001:0001D32D
   640 0001:0001D344   642 0001:0001D35F   697 0001:0001D6D8   698 0001:0001D6F4
   699 0001:0001D700   701 0001:0001D739   702 0001:0001D74F   706 0001:0001D762
   707 0001:0001D775   709 0001:0001D788   710 0001:0001D7BB   711 0001:0001D7EF
   712 0001:0001D80D   714 0001:0001D842   715 0001:0001D879   716 0001:0001D8AB
   717 0001:0001D8DD   718 0001:0001D90F   719 0001:0001D944   721 0001:0001D979
   723 0001:0001D987   725 0001:0001D995   682 0001:0001DA2C   683 0001:0001DA87
   684 0001:0001DA9A   685 0001:0001DAA8   687 0001:0001DAB6   690 0001:0001DADC
   695 0001:0001DAF2   727 0001:0001DB10   730 0001:0001DB2B   649 0001:0001DBD0
   650 0001:0001DC1F   651 0001:0001DC2D   652 0001:0001DC35   655 0001:0001DC51
   657 0001:0001DC6B   658 0001:0001DC7F   659 0001:0001DC8D   660 0001:0001DC9B
   661 0001:0001DCAE   662 0001:0001DCDF   663 0001:0001DCF2   661 0001:0001DCFC
   663 0001:0001DD15   665 0001:0001DD32   666 0001:0001DD42   670 0001:0001DD52
   671 0001:0001DD94   672 0001:0001DDA1   675 0001:0001DDB0   676 0001:0001DDF2
   677 0001:0001DDFC   680 0001:0001DE0B   733 0001:0001DE3C   735 0001:0001DE52
   746 0001:0001DEE4   747 0001:0001DEF0   782 0001:0001DF05   788 0001:0001DF44
   789 0001:0001DF53   791 0001:0001DF64   792 0001:0001DF72   794 0001:0001DF7F
   795 0001:0001DF91   797 0001:0001DF99   789 0001:0001DF9C   798 0001:0001DFA2
   803 0001:0001DFA8   804 0001:0001DFC7   805 0001:0001DFD1   807 0001:0001DFE6
   808 0001:0001E000   809 0001:0001E01A   810 0001:0001E034   811 0001:0001E04E
   812 0001:0001E068   819 0001:0001E168   820 0001:0001E18D   821 0001:0001E1A0
   822 0001:0001E1AF   823 0001:0001E1BD   825 0001:0001E1C8   826 0001:0001E1D2
   827 0001:0001E1DC   829 0001:0001E205   831 0001:0001E20B   832 0001:0001E216
   833 0001:0001E22E   835 0001:0001E25F   838 0001:0001E26E   839 0001:0001E279
   841 0001:0001E29A   844 0001:0001E2AA   845 0001:0001E2C9   827 0001:0001E2D4
   846 0001:0001E2F1   849 0001:0001E30E   851 0001:0001E314   852 0001:0001E321
   853 0001:0001E32C   854 0001:0001E34D   855 0001:0001E36C   858 0001:0001E384
   859 0001:0001E38C   862 0001:0001E3A7   869 0001:0001E4C4   870 0001:0001E511
   872 0001:0001E526   875 0001:0001E53F   876 0001:0001E551   877 0001:0001E55E
   878 0001:0001E569   879 0001:0001E574   880 0001:0001E57F   882 0001:0001E593
   883 0001:0001E5A2   884 0001:0001E5B0   885 0001:0001E5BE   886 0001:0001E5CF
   888 0001:0001E608   889 0001:0001E60B   892 0001:0001E633   895 0001:0001E643
   896 0001:0001E651   899 0001:0001E660   900 0001:0001E677   903 0001:0001E6F4
   904 0001:0001E700   905 0001:0001E715   906 0001:0001E720   907 0001:0001E72E
   940 0001:0001E738   941 0001:0001E75A   942 0001:0001E76D   943 0001:0001E77C
   944 0001:0001E78A   946 0001:0001E79A   947 0001:0001E7A5   948 0001:0001E7B6
   950 0001:0001E7F3   951 0001:0001E7FB   953 0001:0001E816   956 0001:0001E918
   957 0001:0001E924   958 0001:0001E937   959 0001:0001E945   960 0001:0001E94F
   963 0001:0001E95F   964 0001:0001E96A   965 0001:0001E977   967 0001:0001E98E
   969 0001:0001E9A9   993 0001:0001EA4C   994 0001:0001EA6D   995 0001:0001EA75
   997 0001:0001EA94  1000 0001:0001EA9B  1001 0001:0001EAD1   998 0001:0001EAD4
  1004 0001:0001EAF4  1029 0001:0001EB54  1030 0001:0001EB60  1031 0001:0001EB6A
  1041 0001:0001EB70  1042 0001:0001EB8D  1044 0001:0001EBB2  1046 0001:0001EBC2
  1048 0001:0001EBC9

Line numbers for PlasticExpert(PlasticExpert.pas) segment .itext

  1033 0002:00000308  1034 0002:00000317  1035 0002:00000325  1037 0002:00000351
  1040 0002:00000365

Line numbers for .PlasticPluginD2010(PlasticPluginD2010.dpk) segment .itext

    50 0002:0000036C

Bound resource files

fDebugConsole.dfm
PlasticPluginD2010.res
Images.res
PlasticPluginD2010.drf


Program entry point at 0002:0000036C
